# fixture: brokerage-only-retirement  (adversarial)
#
# a gross-up premium on EVERY monthly draw, in a plan whose tax line is not
# made of premium. It exists for the annual-expenditure split: a grossed-up
# withdrawal is one debit carrying both the bill and the tax on the gain it
# realises, its causal chain roots in EXPENSE, so the whole thing is counted
# as spending, and the TAX_PROVISION naming the premium is excluded to avoid
# booking the same dollars twice. The total is right; the split is not.
# COMPLEMENTARY TO grossup-at-the-ltcg-boundary, not redundant with it. That
# fixture provisions $32,896 and its expenditure tax line reads $0 — every
# tax dollar it withdraws IS premium, so it cannot tell a correct split from
# one that moved ALL spending into tax. This one carries an annual true-up
# (correctly counted as tax) alongside the premium (currently counted as
# spending) in the same years, so it discriminates a partial fix and a
# double count. Measured 2027: tax reads $4,929 where $27,837 left the
# account for tax — 82% low. THE SHAPE IS LOAD-BEARING, all three parts. No
# cash and no bank: fundingBackstopPriority puts both ahead of
# taxableEquity, and the gross-up only fires on a taxable account. A pension
# large enough to carry ordinary income past the 0% LTCG band: at $2,000/mo
# instead of $8,000 the marginal rate is 0%, so t*gain is 0 and the premium
# vanishes entirely (measured). Spending well above that income:
# planWithdrawal draws the fresh deposits of the month FIRST at zero gain,
# and the pension lands in the brokerage on its own because resolveDeposit
# picks the same backstop. A $20,000 draw against an $8,000 deposit is what
# leaves a taxable remainder to realise; at a $10,000 expense the premium
# falls to a fifth.

[config]
  allocateHouseholdTax = false
  backtestYear = current
  filingAs = Single
  inflationRate = 0.031
  pensionWithholdingRate = 0.1
  propertyTaxDeductionMax = 40000
  simDataMode = calibrated
  socialSecurityWithholdingRate = 0
  userFinishAge = 87
  userRetirementAge = 65
  userStartAge = 70
  homeSaleExclusion = 250000
  retirementWithholdingRate = 0.1

[totals]
  months = 180
  firstDate = 2026-01
  lastDate = 2030-12
  startValue = 3000000.000000
  finishValue = 2692607.973684
  accumulated = -131494.540144
  total.pensionIncome = 480000.000000
  total.assetAppreciation = 699019.360779
  total.expense = -1294782.759867
  total.incomeTax = -56227.308567
  total.estimatedTaxes = -121514.193315
  total.longTermCapitalGains = 825326.163088
  total.niit = -8539.869722
  total.taxTrueUp = -1753.038262
  total.value = 171448097.038265

[assetOrder]
  0 Pension
  1 Brokerage
  2 Living

[asset] Brokerage
  instrument = taxableEquity
  start = 2026-01  finish = 2030-12
  startCurrency = 3000000.000000
  finishCurrency = 2692607.973684
  startBasis = 600000.000000
  finishBasis = 421945.760685
  isClosed = no  isDepleted = no
  closedDate = -  closedValue = -
  events = 440  reconciled = 440

[events] Brokerage
  0000 2026-01 transfer                      7200.000000 cash  -                      c0 {cadence=monthly from=Pension to=Brokerage}
  0001 2026-01 grossUp                     -21745.454545 cash  -                      c1 {forAsset=Living overflow=false}
  0002 2026-01 capitalGainRecognized        11636.363636 info  longTermCapitalGain    c1 {spillover=false}
  0003 2026-01 taxProvision                 -1745.454545 cash  -                      c2 {forAsset=Living}
  0004 2026-01 assetGrowth                  12163.111369 cash  growth                 c-
  0005 2026-01 incomeTaxWithholding          -186.583333 cash  -                      c3
  0006 2026-01 capitalGainRecognized          149.418082 info  longTermCapitalGain    c3 {spillover=false}
  0007 2026-02 transfer                      7200.000000 cash  -                      c0 {cadence=monthly from=Pension to=Brokerage}
  0008 2026-02 grossUp                     -21805.368940 cash  -                      c1 {forAsset=Living overflow=false}
  0009 2026-02 capitalGainRecognized        11696.147679 info  longTermCapitalGain    c1 {spillover=false}
  0010 2026-02 taxProvision                 -1754.422152 cash  -                      c2 {forAsset=Living}
  0011 2026-02 assetGrowth                  12152.401145 cash  growth                 c-
  0012 2026-02 incomeTaxWithholding          -186.583333 cash  -                      c3
  0013 2026-02 capitalGainRecognized          149.568884 info  longTermCapitalGain    c3 {spillover=false}
  0014 2026-03 transfer                      7200.000000 cash  -                      c0 {cadence=monthly from=Pension to=Brokerage}
  0015 2026-03 grossUp                     -21865.439197 cash  -                      c1 {forAsset=Living overflow=false}
  0016 2026-03 capitalGainRecognized        11756.105618 info  longTermCapitalGain    c1 {spillover=false}
  0017 2026-03 taxProvision                 -1763.415843 cash  -                      c2 {forAsset=Living}
  0018 2026-03 assetGrowth                  12141.402554 cash  growth                 c-
  0019 2026-03 incomeTaxWithholding          -186.583333 cash  -                      c3
  0020 2026-03 capitalGainRecognized          149.719074 info  longTermCapitalGain    c3 {spillover=false}
  0021 2026-04 transfer                      7200.000000 cash  -                      c0 {cadence=monthly from=Pension to=Brokerage}
  0022 2026-04 grossUp                     -21925.665690 cash  -                      c1 {forAsset=Living overflow=false}
  0023 2026-04 capitalGainRecognized        11816.237734 info  longTermCapitalGain    c1 {spillover=false}
  0024 2026-04 taxProvision                 -1772.435660 cash  -                      c2 {forAsset=Living}
  0025 2026-04 assetGrowth                  12130.113782 cash  growth                 c-
  0026 2026-04 incomeTaxWithholding          -186.583333 cash  -                      c3
  0027 2026-04 capitalGainRecognized          149.868654 info  longTermCapitalGain    c3 {spillover=false}
  0028 2026-05 transfer                      7200.000000 cash  -                      c0 {cadence=monthly from=Pension to=Brokerage}
  0029 2026-05 grossUp                     -21986.048793 cash  -                      c1 {forAsset=Living overflow=false}
  0030 2026-05 capitalGainRecognized        11876.544308 info  longTermCapitalGain    c1 {spillover=false}
  0031 2026-05 taxProvision                 -1781.481646 cash  -                      c2 {forAsset=Living}
  0032 2026-05 assetGrowth                  12118.533011 cash  growth                 c-
  0033 2026-05 incomeTaxWithholding          -186.583333 cash  -                      c3
  0034 2026-05 capitalGainRecognized          150.017627 info  longTermCapitalGain    c3 {spillover=false}
  0035 2026-06 transfer                      7200.000000 cash  -                      c0 {cadence=monthly from=Pension to=Brokerage}
  0036 2026-06 grossUp                     -22046.588880 cash  -                      c1 {forAsset=Living overflow=false}
  0037 2026-06 capitalGainRecognized        11937.025623 info  longTermCapitalGain    c1 {spillover=false}
  0038 2026-06 taxProvision                 -1790.553844 cash  -                      c2 {forAsset=Living}
  0039 2026-06 assetGrowth                  12106.658410 cash  growth                 c-
  0040 2026-06 incomeTaxWithholding          -186.583333 cash  -                      c3
  0041 2026-06 capitalGainRecognized          150.165996 info  longTermCapitalGain    c3 {spillover=false}
  0042 2026-07 transfer                      7200.000000 cash  -                      c0 {cadence=monthly from=Pension to=Brokerage}
  0043 2026-07 grossUp                     -22107.286327 cash  -                      c1 {forAsset=Living overflow=false}
  0044 2026-07 capitalGainRecognized        11997.681964 info  longTermCapitalGain    c1 {spillover=false}
  0045 2026-07 taxProvision                 -1799.652295 cash  -                      c2 {forAsset=Living}
  0046 2026-07 assetGrowth                  12094.488141 cash  growth                 c-
  0047 2026-07 incomeTaxWithholding          -186.583333 cash  -                      c3
  0048 2026-07 capitalGainRecognized          150.313762 info  longTermCapitalGain    c3 {spillover=false}
  0049 2026-08 transfer                      7200.000000 cash  -                      c0 {cadence=monthly from=Pension to=Brokerage}
  0050 2026-08 grossUp                     -22168.141511 cash  -                      c1 {forAsset=Living overflow=false}
  0051 2026-08 capitalGainRecognized        12058.513617 info  longTermCapitalGain    c1 {spillover=false}
  0052 2026-08 taxProvision                 -1808.777043 cash  -                      c2 {forAsset=Living}
  0053 2026-08 assetGrowth                  12082.020358 cash  growth                 c-
  0054 2026-08 incomeTaxWithholding          -186.583333 cash  -                      c3
  0055 2026-08 capitalGainRecognized          150.460929 info  longTermCapitalGain    c3 {spillover=false}
  0056 2026-09 transfer                      7200.000000 cash  -                      c0 {cadence=monthly from=Pension to=Brokerage}
  0057 2026-09 grossUp                     -22229.154810 cash  -                      c1 {forAsset=Living overflow=false}
  0058 2026-09 capitalGainRecognized        12119.520868 info  longTermCapitalGain    c1 {spillover=false}
  0059 2026-09 taxProvision                 -1817.928130 cash  -                      c2 {forAsset=Living}
  0060 2026-09 assetGrowth                  12069.253204 cash  growth                 c-
  0061 2026-09 incomeTaxWithholding          -186.583333 cash  -                      c3
  0062 2026-09 capitalGainRecognized          150.607499 info  longTermCapitalGain    c3 {spillover=false}
  0063 2026-10 transfer                      7200.000000 cash  -                      c0 {cadence=monthly from=Pension to=Brokerage}
  0064 2026-10 grossUp                     -22290.326602 cash  -                      c1 {forAsset=Living overflow=false}
  0065 2026-10 capitalGainRecognized        12180.704007 info  longTermCapitalGain    c1 {spillover=false}
  0066 2026-10 taxProvision                 -1827.105601 cash  -                      c2 {forAsset=Living}
  0067 2026-10 assetGrowth                  12056.184813 cash  growth                 c-
  0068 2026-10 incomeTaxWithholding          -186.583333 cash  -                      c3
  0069 2026-10 capitalGainRecognized          150.753475 info  longTermCapitalGain    c3 {spillover=false}
  0070 2026-11 transfer                      7200.000000 cash  -                      c0 {cadence=monthly from=Pension to=Brokerage}
  0071 2026-11 grossUp                     -22351.657269 cash  -                      c1 {forAsset=Living overflow=false}
  0072 2026-11 capitalGainRecognized        12242.063322 info  longTermCapitalGain    c1 {spillover=false}
  0073 2026-11 taxProvision                 -1836.309498 cash  -                      c2 {forAsset=Living}
  0074 2026-11 assetGrowth                  12042.813312 cash  growth                 c-
  0075 2026-11 incomeTaxWithholding          -186.583333 cash  -                      c3
  0076 2026-11 capitalGainRecognized          150.898858 info  longTermCapitalGain    c3 {spillover=false}
  0077 2026-12 transfer                      7200.000000 cash  -                      c0 {cadence=monthly from=Pension to=Brokerage}
  0078 2026-12 grossUp                     -22413.147190 cash  -                      c1 {forAsset=Living overflow=false}
  0079 2026-12 capitalGainRecognized        12303.599107 info  longTermCapitalGain    c1 {spillover=false}
  0080 2026-12 taxProvision                 -1845.539866 cash  -                      c2 {forAsset=Living}
  0081 2026-12 assetGrowth                  12029.136816 cash  growth                 c-
  0082 2026-12 incomeTaxWithholding          -186.583333 cash  -                      c3
  0083 2026-12 capitalGainRecognized          151.043651 info  longTermCapitalGain    c3 {spillover=false}
  0084 2026-12 taxTrueUp                     -270.425474 cash  -                      c4 {direction=underpayment}
  0085 2026-12 capitalGainRecognized          218.915860 info  longTermCapitalGain    c4 {spillover=false}
  0086 2026-12 niitAssessed                 -1574.087071 cash  -                      c5 {bound=magi magi=241423.343976 nii=145423.343976 taxedBase=41423.343976 threshold=200000}
  0087 2026-12 capitalGainRecognized         1274.260962 info  longTermCapitalGain    c5 {spillover=false}
  0088 2027-01 transfer                      7200.000000 cash  -                      c0 {cadence=monthly from=Pension to=Brokerage}
  0089 2027-01 grossUp                     -22474.796748 cash  -                      c1 {forAsset=Living overflow=false}
  0090 2027-01 capitalGainRecognized        12365.311653 info  longTermCapitalGain    c1 {spillover=false}
  0091 2027-01 taxProvision                 -1854.796748 cash  -                      c2 {forAsset=Living}
  0092 2027-01 assetGrowth                  12007.638659 cash  growth                 c-
  0093 2027-01 incomeTaxWithholding          -162.607417 cash  -                      c3
  0094 2027-01 capitalGainRecognized          131.760251 info  longTermCapitalGain    c3 {spillover=false}
  0095 2027-02 transfer                      7200.000000 cash  -                      c0 {cadence=monthly from=Pension to=Brokerage}
  0096 2027-02 grossUp                     -22536.606326 cash  -                      c1 {forAsset=Living overflow=false}
  0097 2027-02 capitalGainRecognized        12427.201255 info  longTermCapitalGain    c1 {spillover=false}
  0098 2027-02 taxProvision                 -1864.080188 cash  -                      c2 {forAsset=Living}
  0099 2027-02 assetGrowth                  11993.413550 cash  growth                 c-
  0100 2027-02 incomeTaxWithholding          -162.607417 cash  -                      c3
  0101 2027-02 capitalGainRecognized          131.885416 info  longTermCapitalGain    c3 {spillover=false}
  0102 2027-03 transfer                      7200.000000 cash  -                      c0 {cadence=monthly from=Pension to=Brokerage}
  0103 2027-03 grossUp                     -22598.576310 cash  -                      c1 {forAsset=Living overflow=false}
  0104 2027-03 capitalGainRecognized        12489.268208 info  longTermCapitalGain    c1 {spillover=false}
  0105 2027-03 taxProvision                 -1873.390231 cash  -                      c2 {forAsset=Living}
  0106 2027-03 assetGrowth                  11978.878013 cash  growth                 c-
  0107 2027-03 incomeTaxWithholding          -162.607417 cash  -                      c3
  0108 2027-03 capitalGainRecognized          132.010073 info  longTermCapitalGain    c3 {spillover=false}
  0109 2027-04 transfer                      7200.000000 cash  -                      c0 {cadence=monthly from=Pension to=Brokerage}
  0110 2027-04 grossUp                     -22660.707083 cash  -                      c1 {forAsset=Living overflow=false}
  0111 2027-04 capitalGainRecognized        12551.512810 info  longTermCapitalGain    c1 {spillover=false}
  0112 2027-04 taxProvision                 -1882.726921 cash  -                      c2 {forAsset=Living}
  0113 2027-04 assetGrowth                  11964.030127 cash  growth                 c-
  0114 2027-04 incomeTaxWithholding          -162.607417 cash  -                      c3
  0115 2027-04 capitalGainRecognized          132.134225 info  longTermCapitalGain    c3 {spillover=false}
  0116 2027-05 transfer                      7200.000000 cash  -                      c0 {cadence=monthly from=Pension to=Brokerage}
  0117 2027-05 grossUp                     -22722.999032 cash  -                      c1 {forAsset=Living overflow=false}
  0118 2027-05 capitalGainRecognized        12613.935358 info  longTermCapitalGain    c1 {spillover=false}
  0119 2027-05 taxProvision                 -1892.090304 cash  -                      c2 {forAsset=Living}
  0120 2027-05 assetGrowth                  11948.867965 cash  growth                 c-
  0121 2027-05 incomeTaxWithholding          -162.607417 cash  -                      c3
  0122 2027-05 capitalGainRecognized          132.257873 info  longTermCapitalGain    c3 {spillover=false}
  0123 2027-06 transfer                      7200.000000 cash  -                      c0 {cadence=monthly from=Pension to=Brokerage}
  0124 2027-06 grossUp                     -22785.452546 cash  -                      c1 {forAsset=Living overflow=false}
  0125 2027-06 capitalGainRecognized        12676.536152 info  longTermCapitalGain    c1 {spillover=false}
  0126 2027-06 taxProvision                 -1901.480423 cash  -                      c2 {forAsset=Living}
  0127 2027-06 assetGrowth                  11933.389586 cash  growth                 c-
  0128 2027-06 incomeTaxWithholding          -162.607417 cash  -                      c3
  0129 2027-06 capitalGainRecognized          132.381019 info  longTermCapitalGain    c3 {spillover=false}
  0130 2027-07 transfer                      7200.000000 cash  -                      c0 {cadence=monthly from=Pension to=Brokerage}
  0131 2027-07 grossUp                     -22848.068012 cash  -                      c1 {forAsset=Living overflow=false}
  0132 2027-07 capitalGainRecognized        12739.315495 info  longTermCapitalGain    c1 {spillover=false}
  0133 2027-07 taxProvision                 -1910.897324 cash  -                      c2 {forAsset=Living}
  0134 2027-07 assetGrowth                  11917.593044 cash  growth                 c-
  0135 2027-07 incomeTaxWithholding          -162.607417 cash  -                      c3
  0136 2027-07 capitalGainRecognized          132.503665 info  longTermCapitalGain    c3 {spillover=false}
  0137 2027-08 transfer                      7200.000000 cash  -                      c0 {cadence=monthly from=Pension to=Brokerage}
  0138 2027-08 grossUp                     -22910.845820 cash  -                      c1 {forAsset=Living overflow=false}
  0139 2027-08 capitalGainRecognized        12802.273688 info  longTermCapitalGain    c1 {spillover=false}
  0140 2027-08 taxProvision                 -1920.341053 cash  -                      c2 {forAsset=Living}
  0141 2027-08 assetGrowth                  11901.476380 cash  growth                 c-
  0142 2027-08 incomeTaxWithholding          -162.607417 cash  -                      c3
  0143 2027-08 capitalGainRecognized          132.625814 info  longTermCapitalGain    c3 {spillover=false}
  0144 2027-09 transfer                      7200.000000 cash  -                      c0 {cadence=monthly from=Pension to=Brokerage}
  0145 2027-09 grossUp                     -22973.786362 cash  -                      c1 {forAsset=Living overflow=false}
  0146 2027-09 capitalGainRecognized        12865.411035 info  longTermCapitalGain    c1 {spillover=false}
  0147 2027-09 taxProvision                 -1929.811655 cash  -                      c2 {forAsset=Living}
  0148 2027-09 assetGrowth                  11885.037627 cash  growth                 c-
  0149 2027-09 incomeTaxWithholding          -162.607417 cash  -                      c3
  0150 2027-09 capitalGainRecognized          132.747467 info  longTermCapitalGain    c3 {spillover=false}
  0151 2027-10 transfer                      7200.000000 cash  -                      c0 {cadence=monthly from=Pension to=Brokerage}
  0152 2027-10 grossUp                     -23036.890029 cash  -                      c1 {forAsset=Living overflow=false}
  0153 2027-10 capitalGainRecognized        12928.727842 info  longTermCapitalGain    c1 {spillover=false}
  0154 2027-10 taxProvision                 -1939.309176 cash  -                      c2 {forAsset=Living}
  0155 2027-10 assetGrowth                  11868.274808 cash  growth                 c-
  0156 2027-10 incomeTaxWithholding          -162.607417 cash  -                      c3
  0157 2027-10 capitalGainRecognized          132.868626 info  longTermCapitalGain    c3 {spillover=false}
  0158 2027-11 transfer                      7200.000000 cash  -                      c0 {cadence=monthly from=Pension to=Brokerage}
  0159 2027-11 grossUp                     -23100.157213 cash  -                      c1 {forAsset=Living overflow=false}
  0160 2027-11 capitalGainRecognized        12992.224415 info  longTermCapitalGain    c1 {spillover=false}
  0161 2027-11 taxProvision                 -1948.833662 cash  -                      c2 {forAsset=Living}
  0162 2027-11 assetGrowth                  11851.185938 cash  growth                 c-
  0163 2027-11 incomeTaxWithholding          -162.607417 cash  -                      c3
  0164 2027-11 capitalGainRecognized          132.989294 info  longTermCapitalGain    c3 {spillover=false}
  0165 2027-12 transfer                      7200.000000 cash  -                      c0 {cadence=monthly from=Pension to=Brokerage}
  0166 2027-12 grossUp                     -23163.588310 cash  -                      c1 {forAsset=Living overflow=false}
  0167 2027-12 capitalGainRecognized        13055.901064 info  longTermCapitalGain    c1 {spillover=false}
  0168 2027-12 taxProvision                 -1958.385160 cash  -                      c2 {forAsset=Living}
  0169 2027-12 assetGrowth                  11833.769019 cash  growth                 c-
  0170 2027-12 incomeTaxWithholding          -162.607417 cash  -                      c3
  0171 2027-12 capitalGainRecognized          133.109473 info  longTermCapitalGain    c3 {spillover=false}
  0172 2027-12 taxTrueUp                     -462.367502 cash  -                      c6 {direction=underpayment}
  0173 2027-12 capitalGainRecognized          378.491312 info  longTermCapitalGain    c6 {spillover=false}
  0174 2027-12 niitAssessed                 -1960.422622 cash  -                      c7 {bound=magi magi=251590.068990 nii=155590.068990 taxedBase=51590.068990 threshold=200000}
  0175 2027-12 capitalGainRecognized         1604.790400 info  longTermCapitalGain    c7 {spillover=false}
  0176 2028-01 transfer                      7200.000000 cash  -                      c0 {cadence=monthly from=Pension to=Brokerage}
  0177 2028-01 grossUp                     -23227.183715 cash  -                      c1 {forAsset=Living overflow=false}
  0178 2028-01 capitalGainRecognized        13119.758097 info  longTermCapitalGain    c1 {spillover=false}
  0179 2028-01 taxProvision                 -1967.963715 cash  -                      c2 {forAsset=Living}
  0180 2028-01 assetGrowth                  11806.151298 cash  growth                 c-
  0181 2028-01 incomeTaxWithholding          -137.888247 cash  -                      c3
  0182 2028-01 capitalGainRecognized          112.976001 info  longTermCapitalGain    c3 {spillover=false}
  0183 2028-02 transfer                      7200.000000 cash  -                      c0 {cadence=monthly from=Pension to=Brokerage}
  0184 2028-02 grossUp                     -23290.943822 cash  -                      c1 {forAsset=Living overflow=false}
  0185 2028-02 capitalGainRecognized        13183.795827 info  longTermCapitalGain    c1 {spillover=false}
  0186 2028-02 taxProvision                 -1977.569374 cash  -                      c2 {forAsset=Living}
  0187 2028-02 assetGrowth                  11788.132749 cash  growth                 c-
  0188 2028-02 incomeTaxWithholding          -137.888247 cash  -                      c3
  0189 2028-02 capitalGainRecognized          113.077085 info  longTermCapitalGain    c3 {spillover=false}
  0190 2028-03 transfer                      7200.000000 cash  -                      c0 {cadence=monthly from=Pension to=Brokerage}
  0191 2028-03 grossUp                     -23354.869031 cash  -                      c1 {forAsset=Living overflow=false}
  0192 2028-03 capitalGainRecognized        13248.014564 info  longTermCapitalGain    c1 {spillover=false}
  0193 2028-03 taxProvision                 -1987.202185 cash  -                      c2 {forAsset=Living}
  0194 2028-03 assetGrowth                  11769.780352 cash  growth                 c-
  0195 2028-03 incomeTaxWithholding          -137.888247 cash  -                      c3
  0196 2028-03 capitalGainRecognized          113.177759 info  longTermCapitalGain    c3 {spillover=false}
  0197 2028-04 transfer                      7200.000000 cash  -                      c0 {cadence=monthly from=Pension to=Brokerage}
  0198 2028-04 grossUp                     -23418.959740 cash  -                      c1 {forAsset=Living overflow=false}
  0199 2028-04 capitalGainRecognized        13312.414624 info  longTermCapitalGain    c1 {spillover=false}
  0200 2028-04 taxProvision                 -1996.862194 cash  -                      c2 {forAsset=Living}
  0201 2028-04 assetGrowth                  11751.092070 cash  growth                 c-
  0202 2028-04 incomeTaxWithholding          -137.888247 cash  -                      c3
  0203 2028-04 capitalGainRecognized          113.278024 info  longTermCapitalGain    c3 {spillover=false}
  0204 2028-05 transfer                      7200.000000 cash  -                      c0 {cadence=monthly from=Pension to=Brokerage}
  0205 2028-05 grossUp                     -23483.216347 cash  -                      c1 {forAsset=Living overflow=false}
  0206 2028-05 capitalGainRecognized        13376.996322 info  longTermCapitalGain    c1 {spillover=false}
  0207 2028-05 taxProvision                 -2006.549448 cash  -                      c2 {forAsset=Living}
  0208 2028-05 assetGrowth                  11732.065861 cash  growth                 c-
  0209 2028-05 incomeTaxWithholding          -137.888247 cash  -                      c3
  0210 2028-05 capitalGainRecognized          113.377882 info  longTermCapitalGain    c3 {spillover=false}
  0211 2028-06 transfer                      7200.000000 cash  -                      c0 {cadence=monthly from=Pension to=Brokerage}
  0212 2028-06 grossUp                     -23547.639255 cash  -                      c1 {forAsset=Living overflow=false}
  0213 2028-06 capitalGainRecognized        13441.759974 info  longTermCapitalGain    c1 {spillover=false}
  0214 2028-06 taxProvision                 -2016.263996 cash  -                      c2 {forAsset=Living}
  0215 2028-06 assetGrowth                  11712.699670 cash  growth                 c-
  0216 2028-06 incomeTaxWithholding          -137.888247 cash  -                      c3
  0217 2028-06 capitalGainRecognized          113.477335 info  longTermCapitalGain    c3 {spillover=false}
  0218 2028-07 transfer                      7200.000000 cash  -                      c0 {cadence=monthly from=Pension to=Brokerage}
  0219 2028-07 grossUp                     -23612.228864 cash  -                      c1 {forAsset=Living overflow=false}
  0220 2028-07 capitalGainRecognized        13506.705899 info  longTermCapitalGain    c1 {spillover=false}
  0221 2028-07 taxProvision                 -2026.005885 cash  -                      c2 {forAsset=Living}
  0222 2028-07 assetGrowth                  11692.991432 cash  growth                 c-
  0223 2028-07 incomeTaxWithholding          -137.888247 cash  -                      c3
  0224 2028-07 capitalGainRecognized          113.576385 info  longTermCapitalGain    c3 {spillover=false}
  0225 2028-08 transfer                      7200.000000 cash  -                      c0 {cadence=monthly from=Pension to=Brokerage}
  0226 2028-08 grossUp                     -23676.985577 cash  -                      c1 {forAsset=Living overflow=false}
  0227 2028-08 capitalGainRecognized        13571.834416 info  longTermCapitalGain    c1 {spillover=false}
  0228 2028-08 taxProvision                 -2035.775162 cash  -                      c2 {forAsset=Living}
  0229 2028-08 assetGrowth                  11672.939074 cash  growth                 c-
  0230 2028-08 incomeTaxWithholding          -137.888247 cash  -                      c3
  0231 2028-08 capitalGainRecognized          113.675032 info  longTermCapitalGain    c3 {spillover=false}
  0232 2028-09 transfer                      7200.000000 cash  -                      c0 {cadence=monthly from=Pension to=Brokerage}
  0233 2028-09 grossUp                     -23741.909800 cash  -                      c1 {forAsset=Living overflow=false}
  0234 2028-09 capitalGainRecognized        13637.145847 info  longTermCapitalGain    c1 {spillover=false}
  0235 2028-09 taxProvision                 -2045.571877 cash  -                      c2 {forAsset=Living}
  0236 2028-09 assetGrowth                  11652.540511 cash  growth                 c-
  0237 2028-09 incomeTaxWithholding          -137.888247 cash  -                      c3
  0238 2028-09 capitalGainRecognized          113.773280 info  longTermCapitalGain    c3 {spillover=false}
  0239 2028-10 transfer                      7200.000000 cash  -                      c0 {cadence=monthly from=Pension to=Brokerage}
  0240 2028-10 grossUp                     -23807.001936 cash  -                      c1 {forAsset=Living overflow=false}
  0241 2028-10 capitalGainRecognized        13702.640514 info  longTermCapitalGain    c1 {spillover=false}
  0242 2028-10 taxProvision                 -2055.396077 cash  -                      c2 {forAsset=Living}
  0243 2028-10 assetGrowth                  11631.793648 cash  growth                 c-
  0244 2028-10 incomeTaxWithholding          -137.888247 cash  -                      c3
  0245 2028-10 capitalGainRecognized          113.871128 info  longTermCapitalGain    c3 {spillover=false}
  0246 2028-11 transfer                      7200.000000 cash  -                      c0 {cadence=monthly from=Pension to=Brokerage}
  0247 2028-11 grossUp                     -23872.262392 cash  -                      c1 {forAsset=Living overflow=false}
  0248 2028-11 capitalGainRecognized        13768.318741 info  longTermCapitalGain    c1 {spillover=false}
  0249 2028-11 taxProvision                 -2065.247811 cash  -                      c2 {forAsset=Living}
  0250 2028-11 assetGrowth                  11610.696381 cash  growth                 c-
  0251 2028-11 incomeTaxWithholding          -137.888247 cash  -                      c3
  0252 2028-11 capitalGainRecognized          113.968580 info  longTermCapitalGain    c3 {spillover=false}
  0253 2028-12 transfer                      7200.000000 cash  -                      c0 {cadence=monthly from=Pension to=Brokerage}
  0254 2028-12 grossUp                     -23937.691576 cash  -                      c1 {forAsset=Living overflow=false}
  0255 2028-12 capitalGainRecognized        13834.180853 info  longTermCapitalGain    c1 {spillover=false}
  0256 2028-12 taxProvision                 -2075.127128 cash  -                      c2 {forAsset=Living}
  0257 2028-12 assetGrowth                  11589.246594 cash  growth                 c-
  0258 2028-12 incomeTaxWithholding          -137.888247 cash  -                      c3
  0259 2028-12 capitalGainRecognized          114.065636 info  longTermCapitalGain    c3 {spillover=false}
  0260 2028-12 taxTrueUp                     -501.836376 cash  -                      c8 {direction=underpayment}
  0261 2028-12 capitalGainRecognized          415.135350 info  longTermCapitalGain    c8 {spillover=false}
  0262 2028-12 niitAssessed                 -2319.867378 cash  -                      c9 {bound=magi magi=261049.141514 nii=165049.141514 taxedBase=61049.141514 threshold=200000}
  0263 2028-12 capitalGainRecognized         1919.069645 info  longTermCapitalGain    c9 {spillover=false}
  0264 2029-01 transfer                      7200.000000 cash  -                      c0 {cadence=monthly from=Pension to=Brokerage}
  0265 2029-01 grossUp                     -24003.289897 cash  -                      c1 {forAsset=Living overflow=false}
  0266 2029-01 capitalGainRecognized        13900.227178 info  longTermCapitalGain    c1 {spillover=false}
  0267 2029-01 taxProvision                 -2085.034077 cash  -                      c2 {forAsset=Living}
  0268 2029-01 assetGrowth                  11555.946192 cash  growth                 c-
  0269 2029-01 incomeTaxWithholding          -112.402782 cash  -                      c3
  0270 2029-01 capitalGainRecognized           93.062029 info  longTermCapitalGain    c3 {spillover=false}
  0271 2029-02 transfer                      7200.000000 cash  -                      c0 {cadence=monthly from=Pension to=Brokerage}
  0272 2029-02 grossUp                     -24069.057763 cash  -                      c1 {forAsset=Living overflow=false}
  0273 2029-02 capitalGainRecognized        13966.458044 info  longTermCapitalGain    c1 {spillover=false}
  0274 2029-02 taxProvision                 -2094.968707 cash  -                      c2 {forAsset=Living}
  0275 2029-02 assetGrowth                  11533.841975 cash  growth                 c-
  0276 2029-02 incomeTaxWithholding          -112.402782 cash  -                      c3
  0277 2029-02 capitalGainRecognized           93.140506 info  longTermCapitalGain    c3 {spillover=false}
  0278 2029-03 transfer                      7200.000000 cash  -                      c0 {cadence=monthly from=Pension to=Brokerage}
  0279 2029-03 grossUp                     -24134.995586 cash  -                      c1 {forAsset=Living overflow=false}
  0280 2029-03 capitalGainRecognized        14032.873780 info  longTermCapitalGain    c1 {spillover=false}
  0281 2029-03 taxProvision                 -2104.931067 cash  -                      c2 {forAsset=Living}
  0282 2029-03 assetGrowth                  11511.379064 cash  growth                 c-
  0283 2029-03 incomeTaxWithholding          -112.402782 cash  -                      c3
  0284 2029-03 capitalGainRecognized           93.218664 info  longTermCapitalGain    c3 {spillover=false}
  0285 2029-04 transfer                      7200.000000 cash  -                      c0 {cadence=monthly from=Pension to=Brokerage}
  0286 2029-04 grossUp                     -24201.103778 cash  -                      c1 {forAsset=Living overflow=false}
  0287 2029-04 capitalGainRecognized        14099.474718 info  longTermCapitalGain    c1 {spillover=false}
  0288 2029-04 taxProvision                 -2114.921208 cash  -                      c2 {forAsset=Living}
  0289 2029-04 assetGrowth                  11488.555303 cash  growth                 c-
  0290 2029-04 incomeTaxWithholding          -112.402782 cash  -                      c3
  0291 2029-04 capitalGainRecognized           93.296506 info  longTermCapitalGain    c3 {spillover=false}
  0292 2029-05 transfer                      7200.000000 cash  -                      c0 {cadence=monthly from=Pension to=Brokerage}
  0293 2029-05 grossUp                     -24267.382751 cash  -                      c1 {forAsset=Living overflow=false}
  0294 2029-05 capitalGainRecognized        14166.261190 info  longTermCapitalGain    c1 {spillover=false}
  0295 2029-05 taxProvision                 -2124.939178 cash  -                      c2 {forAsset=Living}
  0296 2029-05 assetGrowth                  11465.368526 cash  growth                 c-
  0297 2029-05 incomeTaxWithholding          -112.402782 cash  -                      c3
  0298 2029-05 capitalGainRecognized           93.374031 info  longTermCapitalGain    c3 {spillover=false}
  0299 2029-06 transfer                      7200.000000 cash  -                      c0 {cadence=monthly from=Pension to=Brokerage}
  0300 2029-06 grossUp                     -24333.832921 cash  -                      c1 {forAsset=Living overflow=false}
  0301 2029-06 capitalGainRecognized        14233.233530 info  longTermCapitalGain    c1 {spillover=false}
  0302 2029-06 taxProvision                 -2134.985030 cash  -                      c2 {forAsset=Living}
  0303 2029-06 assetGrowth                  11441.816558 cash  growth                 c-
  0304 2029-06 incomeTaxWithholding          -112.402782 cash  -                      c3
  0305 2029-06 capitalGainRecognized           93.451242 info  longTermCapitalGain    c3 {spillover=false}
  0306 2029-07 transfer                      7200.000000 cash  -                      c0 {cadence=monthly from=Pension to=Brokerage}
  0307 2029-07 grossUp                     -24400.454702 cash  -                      c1 {forAsset=Living overflow=false}
  0308 2029-07 capitalGainRecognized        14300.392074 info  longTermCapitalGain    c1 {spillover=false}
  0309 2029-07 taxProvision                 -2145.058811 cash  -                      c2 {forAsset=Living}
  0310 2029-07 assetGrowth                  11417.897210 cash  growth                 c-
  0311 2029-07 incomeTaxWithholding          -112.402782 cash  -                      c3
  0312 2029-07 capitalGainRecognized           93.528140 info  longTermCapitalGain    c3 {spillover=false}
  0313 2029-08 transfer                      7200.000000 cash  -                      c0 {cadence=monthly from=Pension to=Brokerage}
  0314 2029-08 grossUp                     -24467.248512 cash  -                      c1 {forAsset=Living overflow=false}
  0315 2029-08 capitalGainRecognized        14367.737159 info  longTermCapitalGain    c1 {spillover=false}
  0316 2029-08 taxProvision                 -2155.160574 cash  -                      c2 {forAsset=Living}
  0317 2029-08 assetGrowth                  11393.608286 cash  growth                 c-
  0318 2029-08 incomeTaxWithholding          -112.402782 cash  -                      c3
  0319 2029-08 capitalGainRecognized           93.604725 info  longTermCapitalGain    c3 {spillover=false}
  0320 2029-09 transfer                      7200.000000 cash  -                      c0 {cadence=monthly from=Pension to=Brokerage}
  0321 2029-09 grossUp                     -24534.214767 cash  -                      c1 {forAsset=Living overflow=false}
  0322 2029-09 capitalGainRecognized        14435.269124 info  longTermCapitalGain    c1 {spillover=false}
  0323 2029-09 taxProvision                 -2165.290369 cash  -                      c2 {forAsset=Living}
  0324 2029-09 assetGrowth                  11368.947577 cash  growth                 c-
  0325 2029-09 incomeTaxWithholding          -112.402782 cash  -                      c3
  0326 2029-09 capitalGainRecognized           93.681000 info  longTermCapitalGain    c3 {spillover=false}
  0327 2029-10 transfer                      7200.000000 cash  -                      c0 {cadence=monthly from=Pension to=Brokerage}
  0328 2029-10 grossUp                     -24601.353887 cash  -                      c1 {forAsset=Living overflow=false}
  0329 2029-10 capitalGainRecognized        14502.988307 info  longTermCapitalGain    c1 {spillover=false}
  0330 2029-10 taxProvision                 -2175.448246 cash  -                      c2 {forAsset=Living}
  0331 2029-10 assetGrowth                  11343.912865 cash  growth                 c-
  0332 2029-10 incomeTaxWithholding          -112.402782 cash  -                      c3
  0333 2029-10 capitalGainRecognized           93.756966 info  longTermCapitalGain    c3 {spillover=false}
  0334 2029-11 transfer                      7200.000000 cash  -                      c0 {cadence=monthly from=Pension to=Brokerage}
  0335 2029-11 grossUp                     -24668.666291 cash  -                      c1 {forAsset=Living overflow=false}
  0336 2029-11 capitalGainRecognized        14570.895052 info  longTermCapitalGain    c1 {spillover=false}
  0337 2029-11 taxProvision                 -2185.634258 cash  -                      c2 {forAsset=Living}
  0338 2029-11 assetGrowth                  11318.501918 cash  growth                 c-
  0339 2029-11 incomeTaxWithholding          -112.402782 cash  -                      c3
  0340 2029-11 capitalGainRecognized           93.832623 info  longTermCapitalGain    c3 {spillover=false}
  0341 2029-12 transfer                      7200.000000 cash  -                      c0 {cadence=monthly from=Pension to=Brokerage}
  0342 2029-12 grossUp                     -24736.152401 cash  -                      c1 {forAsset=Living overflow=false}
  0343 2029-12 capitalGainRecognized        14638.989699 info  longTermCapitalGain    c1 {spillover=false}
  0344 2029-12 taxProvision                 -2195.848455 cash  -                      c2 {forAsset=Living}
  0345 2029-12 assetGrowth                  11292.712498 cash  growth                 c-
  0346 2029-12 incomeTaxWithholding          -112.402782 cash  -                      c3
  0347 2029-12 capitalGainRecognized           93.907973 info  longTermCapitalGain    c3 {spillover=false}
  0348 2029-12 taxTrueUp                     -518.408910 cash  -                      c10 {direction=underpayment}
  0349 2029-12 capitalGainRecognized          433.109651 info  longTermCapitalGain    c10 {spillover=false}
  0350 2029-12 niitAssessed                 -2685.492652 cash  -                      c11 {bound=magi magi=270670.859255 nii=174670.859255 taxedBase=70670.859255 threshold=200000}
  0351 2029-12 capitalGainRecognized         2243.620362 info  longTermCapitalGain    c11 {spillover=false}
  0352 2030-01 transfer                      7200.000000 cash  -                      c0 {cadence=monthly from=Pension to=Brokerage}
  0353 2030-01 grossUp                     -24803.812640 cash  -                      c1 {forAsset=Living overflow=false}
  0354 2030-01 capitalGainRecognized        14707.272595 info  longTermCapitalGain    c1 {spillover=false}
  0355 2030-01 taxProvision                 -2206.090889 cash  -                      c2 {forAsset=Living}
  0356 2030-01 assetGrowth                  11253.489260 cash  growth                 c-
  0357 2030-01 incomeTaxWithholding           -86.127268 cash  -                      c3
  0358 2030-01 capitalGainRecognized           72.013347 info  longTermCapitalGain    c3 {spillover=false}
  0359 2030-02 transfer                      7200.000000 cash  -                      c0 {cadence=monthly from=Pension to=Brokerage}
  0360 2030-02 grossUp                     -24871.647430 cash  -                      c1 {forAsset=Living overflow=false}
  0361 2030-02 capitalGainRecognized        14775.744084 info  longTermCapitalGain    c1 {spillover=false}
  0362 2030-02 taxProvision                 -2216.361613 cash  -                      c2 {forAsset=Living}
  0363 2030-02 assetGrowth                  11226.989996 cash  growth                 c-
  0364 2030-02 incomeTaxWithholding           -86.127268 cash  -                      c3
  0365 2030-02 capitalGainRecognized           72.070615 info  longTermCapitalGain    c3 {spillover=false}
  0366 2030-03 transfer                      7200.000000 cash  -                      c0 {cadence=monthly from=Pension to=Brokerage}
  0367 2030-03 grossUp                     -24939.657196 cash  -                      c1 {forAsset=Living overflow=false}
  0368 2030-03 capitalGainRecognized        14844.404513 info  longTermCapitalGain    c1 {spillover=false}
  0369 2030-03 taxProvision                 -2226.660677 cash  -                      c2 {forAsset=Living}
  0370 2030-03 assetGrowth                  11200.105690 cash  growth                 c-
  0371 2030-03 incomeTaxWithholding           -86.127268 cash  -                      c3
  0372 2030-03 capitalGainRecognized           72.127652 info  longTermCapitalGain    c3 {spillover=false}
  0373 2030-04 transfer                      7200.000000 cash  -                      c0 {cadence=monthly from=Pension to=Brokerage}
  0374 2030-04 grossUp                     -25007.842365 cash  -                      c1 {forAsset=Living overflow=false}
  0375 2030-04 capitalGainRecognized        14913.254232 info  longTermCapitalGain    c1 {spillover=false}
  0376 2030-04 taxProvision                 -2236.988135 cash  -                      c2 {forAsset=Living}
  0377 2030-04 assetGrowth                  11172.834060 cash  growth                 c-
  0378 2030-04 incomeTaxWithholding           -86.127268 cash  -                      c3
  0379 2030-04 capitalGainRecognized           72.184456 info  longTermCapitalGain    c3 {spillover=false}
  0380 2030-05 transfer                      7200.000000 cash  -                      c0 {cadence=monthly from=Pension to=Brokerage}
  0381 2030-05 grossUp                     -25076.203362 cash  -                      c1 {forAsset=Living overflow=false}
  0382 2030-05 capitalGainRecognized        14982.293590 info  longTermCapitalGain    c1 {spillover=false}
  0383 2030-05 taxProvision                 -2247.344039 cash  -                      c2 {forAsset=Living}
  0384 2030-05 assetGrowth                  11145.172811 cash  growth                 c-
  0385 2030-05 incomeTaxWithholding           -86.127268 cash  -                      c3
  0386 2030-05 capitalGainRecognized           72.241031 info  longTermCapitalGain    c3 {spillover=false}
  0387 2030-06 transfer                      7200.000000 cash  -                      c0 {cadence=monthly from=Pension to=Brokerage}
  0388 2030-06 grossUp                     -25144.740617 cash  -                      c1 {forAsset=Living overflow=false}
  0389 2030-06 capitalGainRecognized        15051.522940 info  longTermCapitalGain    c1 {spillover=false}
  0390 2030-06 taxProvision                 -2257.728441 cash  -                      c2 {forAsset=Living}
  0391 2030-06 assetGrowth                  11117.119637 cash  growth                 c-
  0392 2030-06 incomeTaxWithholding           -86.127268 cash  -                      c3
  0393 2030-06 capitalGainRecognized           72.297375 info  longTermCapitalGain    c3 {spillover=false}
  0394 2030-07 transfer                      7200.000000 cash  -                      c0 {cadence=monthly from=Pension to=Brokerage}
  0395 2030-07 grossUp                     -25213.454559 cash  -                      c1 {forAsset=Living overflow=false}
  0396 2030-07 capitalGainRecognized        15120.942633 info  longTermCapitalGain    c1 {spillover=false}
  0397 2030-07 taxProvision                 -2268.141395 cash  -                      c2 {forAsset=Living}
  0398 2030-07 assetGrowth                  11088.672221 cash  growth                 c-
  0399 2030-07 incomeTaxWithholding           -86.127268 cash  -                      c3
  0400 2030-07 capitalGainRecognized           72.353491 info  longTermCapitalGain    c3 {spillover=false}
  0401 2030-08 transfer                      7200.000000 cash  -                      c0 {cadence=monthly from=Pension to=Brokerage}
  0402 2030-08 grossUp                     -25282.345618 cash  -                      c1 {forAsset=Living overflow=false}
  0403 2030-08 capitalGainRecognized        15190.553026 info  longTermCapitalGain    c1 {spillover=false}
  0404 2030-08 taxProvision                 -2278.582954 cash  -                      c2 {forAsset=Living}
  0405 2030-08 assetGrowth                  11059.828237 cash  growth                 c-
  0406 2030-08 incomeTaxWithholding           -86.127268 cash  -                      c3
  0407 2030-08 capitalGainRecognized           72.409380 info  longTermCapitalGain    c3 {spillover=false}
  0408 2030-09 transfer                      7200.000000 cash  -                      c0 {cadence=monthly from=Pension to=Brokerage}
  0409 2030-09 grossUp                     -25351.414226 cash  -                      c1 {forAsset=Living overflow=false}
  0410 2030-09 capitalGainRecognized        15260.354473 info  longTermCapitalGain    c1 {spillover=false}
  0411 2030-09 taxProvision                 -2289.053171 cash  -                      c2 {forAsset=Living}
  0412 2030-09 assetGrowth                  11030.585345 cash  growth                 c-
  0413 2030-09 incomeTaxWithholding           -86.127268 cash  -                      c3
  0414 2030-09 capitalGainRecognized           72.465041 info  longTermCapitalGain    c3 {spillover=false}
  0415 2030-10 transfer                      7200.000000 cash  -                      c0 {cadence=monthly from=Pension to=Brokerage}
  0416 2030-10 grossUp                     -25420.660815 cash  -                      c1 {forAsset=Living overflow=false}
  0417 2030-10 capitalGainRecognized        15330.347333 info  longTermCapitalGain    c1 {spillover=false}
  0418 2030-10 taxProvision                 -2299.552100 cash  -                      c2 {forAsset=Living}
  0419 2030-10 assetGrowth                  11000.941194 cash  growth                 c-
  0420 2030-10 incomeTaxWithholding           -86.127268 cash  -                      c3
  0421 2030-10 capitalGainRecognized           72.520477 info  longTermCapitalGain    c3 {spillover=false}
  0422 2030-11 transfer                      7200.000000 cash  -                      c0 {cadence=monthly from=Pension to=Brokerage}
  0423 2030-11 grossUp                     -25490.085821 cash  -                      c1 {forAsset=Living overflow=false}
  0424 2030-11 capitalGainRecognized        15400.531964 info  longTermCapitalGain    c1 {spillover=false}
  0425 2030-11 taxProvision                 -2310.079795 cash  -                      c2 {forAsset=Living}
  0426 2030-11 assetGrowth                  10970.893424 cash  growth                 c-
  0427 2030-11 incomeTaxWithholding           -86.127268 cash  -                      c3
  0428 2030-11 capitalGainRecognized           72.575688 info  longTermCapitalGain    c3 {spillover=false}
  0429 2030-12 transfer                      7200.000000 cash  -                      c0 {cadence=monthly from=Pension to=Brokerage}
  0430 2030-12 grossUp                     -25559.689678 cash  -                      c1 {forAsset=Living overflow=false}
  0431 2030-12 capitalGainRecognized        15470.908727 info  longTermCapitalGain    c1 {spillover=false}
  0432 2030-12 taxProvision                 -2320.636309 cash  -                      c2 {forAsset=Living}
  0433 2030-12 assetGrowth                  10940.439660 cash  growth                 c-
  0434 2030-12 incomeTaxWithholding           -86.127268 cash  -                      c3
  0435 2030-12 capitalGainRecognized           72.630675 info  longTermCapitalGain    c3 {spillover=false}
  0436 2030-12 taxTrueUp                     -531.692886 cash  -                      c12 {direction=underpayment}
  0437 2030-12 capitalGainRecognized          448.373829 info  longTermCapitalGain    c12 {spillover=false}
  0438 2030-12 niitAssessed                 -3062.524475 cash  -                      c13 {bound=magi magi=280592.749352 nii=184592.749352 taxedBase=80592.749352 threshold=200000}
  0439 2030-12 capitalGainRecognized         2582.610863 info  longTermCapitalGain    c13 {spillover=false}

[history] Brokerage
  value                        n=  60 first=  2997431.070000 last=  2696202.190000 min=  2696202.190000 max=  2997431.070000 sum=  172266178.070000 #d06f0264
  growth                       n=  60 first=    12163.110000 last=    10940.440000 min=    10940.440000 max=    12163.110000 sum=     699019.360000 #b4daf698
  income                       n=  60 first=    11785.780000 last=    15543.540000 min=    11785.780000 max=    17456.020000 sum=     825326.170000 #1d7873cc
  estimatedIncomeTax           n=  60 first=    -1932.040000 last=    -2406.760000 min=    -2810.630000 max=    -1932.040000 sum=    -131494.540000 #8a92a4b4
  niit                         n=  60 first=        0.000000 last=        0.000000 min=    -2685.490000 max=        0.000000 sum=      -8539.870000 #9807fbef
  incomeTax                    n=  60 first=    -1932.040000 last=    -2406.760000 min=    -2810.630000 max=    -1932.040000 sum=    -131494.540000 #8a92a4b4
  federalTaxes                 n=  60 first=    -1932.040000 last=    -2406.760000 min=    -5496.120000 max=    -1932.040000 sum=    -140034.410000 #bd10eb4d
  taxes                        n=  60 first=    -1932.040000 last=    -2406.760000 min=    -5496.120000 max=    -1932.040000 sum=    -140034.410000 #bd10eb4d
  cashFlow                     n=  60 first=    -1932.040000 last=    -2406.760000 min=    -2810.630000 max=    -1932.040000 sum=    -131494.540000 #8a92a4b4
  cashFlowAccumulated          n=  60 first=    -1932.040000 last=  -131494.540000 min=  -131494.540000 max=    -1932.040000 sum=   -3865784.370000 #c9c35caf
  longTermCapitalGain          n=  60 first=    11785.780000 last=    15543.540000 min=    11785.780000 max=    17456.020000 sum=     825326.170000 #1d7873cc
  capitalGain                  n=  60 first=    11785.780000 last=    15543.540000 min=    11785.780000 max=    17456.020000 sum=     825326.170000 #1d7873cc

[asset] Living
  instrument = monthlyExpense
  start = 2026-01  finish = 2030-12
  startCurrency = -20000.000000
  finishCurrency = -23298.251125
  startBasis = 0.000000
  finishBasis = 0.000000
  isClosed = no  isDepleted = no
  closedDate = -  closedValue = -
  events = 60  reconciled = 60

[events] Living
  0000 2026-01 expenseInflation               -50.946788 cash  -                      c-
  0001 2026-02 expenseInflation               -51.076567 cash  -                      c-
  0002 2026-03 expenseInflation               -51.206676 cash  -                      c-
  0003 2026-04 expenseInflation               -51.337117 cash  -                      c-
  0004 2026-05 expenseInflation               -51.467890 cash  -                      c-
  0005 2026-06 expenseInflation               -51.598996 cash  -                      c-
  0006 2026-07 expenseInflation               -51.730436 cash  -                      c-
  0007 2026-08 expenseInflation               -51.862211 cash  -                      c-
  0008 2026-09 expenseInflation               -51.994322 cash  -                      c-
  0009 2026-10 expenseInflation               -52.126769 cash  -                      c-
  0010 2026-11 expenseInflation               -52.259553 cash  -                      c-
  0011 2026-12 expenseInflation               -52.392676 cash  -                      c-
  0012 2027-01 expenseInflation               -52.526138 cash  -                      c-
  0013 2027-02 expenseInflation               -52.659940 cash  -                      c-
  0014 2027-03 expenseInflation               -52.794083 cash  -                      c-
  0015 2027-04 expenseInflation               -52.928567 cash  -                      c-
  0016 2027-05 expenseInflation               -53.063394 cash  -                      c-
  0017 2027-06 expenseInflation               -53.198565 cash  -                      c-
  0018 2027-07 expenseInflation               -53.334080 cash  -                      c-
  0019 2027-08 expenseInflation               -53.469940 cash  -                      c-
  0020 2027-09 expenseInflation               -53.606146 cash  -                      c-
  0021 2027-10 expenseInflation               -53.742699 cash  -                      c-
  0022 2027-11 expenseInflation               -53.879600 cash  -                      c-
  0023 2027-12 expenseInflation               -54.016849 cash  -                      c-
  0024 2028-01 expenseInflation               -54.154448 cash  -                      c-
  0025 2028-02 expenseInflation               -54.292398 cash  -                      c-
  0026 2028-03 expenseInflation               -54.430699 cash  -                      c-
  0027 2028-04 expenseInflation               -54.569353 cash  -                      c-
  0028 2028-05 expenseInflation               -54.708360 cash  -                      c-
  0029 2028-06 expenseInflation               -54.847720 cash  -                      c-
  0030 2028-07 expenseInflation               -54.987436 cash  -                      c-
  0031 2028-08 expenseInflation               -55.127508 cash  -                      c-
  0032 2028-09 expenseInflation               -55.267936 cash  -                      c-
  0033 2028-10 expenseInflation               -55.408722 cash  -                      c-
  0034 2028-11 expenseInflation               -55.549867 cash  -                      c-
  0035 2028-12 expenseInflation               -55.691372 cash  -                      c-
  0036 2029-01 expenseInflation               -55.833236 cash  -                      c-
  0037 2029-02 expenseInflation               -55.975463 cash  -                      c-
  0038 2029-03 expenseInflation               -56.118051 cash  -                      c-
  0039 2029-04 expenseInflation               -56.261003 cash  -                      c-
  0040 2029-05 expenseInflation               -56.404319 cash  -                      c-
  0041 2029-06 expenseInflation               -56.548000 cash  -                      c-
  0042 2029-07 expenseInflation               -56.692047 cash  -                      c-
  0043 2029-08 expenseInflation               -56.836460 cash  -                      c-
  0044 2029-09 expenseInflation               -56.981242 cash  -                      c-
  0045 2029-10 expenseInflation               -57.126393 cash  -                      c-
  0046 2029-11 expenseInflation               -57.271913 cash  -                      c-
  0047 2029-12 expenseInflation               -57.417804 cash  -                      c-
  0048 2030-01 expenseInflation               -57.564067 cash  -                      c-
  0049 2030-02 expenseInflation               -57.710702 cash  -                      c-
  0050 2030-03 expenseInflation               -57.857711 cash  -                      c-
  0051 2030-04 expenseInflation               -58.005094 cash  -                      c-
  0052 2030-05 expenseInflation               -58.152853 cash  -                      c-
  0053 2030-06 expenseInflation               -58.300988 cash  -                      c-
  0054 2030-07 expenseInflation               -58.449500 cash  -                      c-
  0055 2030-08 expenseInflation               -58.598391 cash  -                      c-
  0056 2030-09 expenseInflation               -58.747661 cash  -                      c-
  0057 2030-10 expenseInflation               -58.897311 cash  -                      c-
  0058 2030-11 expenseInflation               -59.047342 cash  -                      c-
  0059 2030-12 expenseInflation               -59.197756 cash  -                      c-

[history] Living
  value                        n=  60 first=   -20050.950000 last=   -23298.250000 min=   -23298.250000 max=   -20050.950000 sum=   -1298081.000000 #de9ff3be
  expense                      n=  60 first=   -20000.000000 last=   -23239.050000 min=   -23239.050000 max=   -20000.000000 sum=   -1294782.750000 #fb3789cd
  cashFlow                     n=  60 first=   -20000.000000 last=   -23239.050000 min=   -23239.050000 max=   -20000.000000 sum=   -1294782.750000 #fb3789cd
  cashFlowAccumulated          n=  60 first=   -20000.000000 last= -1294782.760000 min= -1294782.760000 max=   -20000.000000 sum=  -38503315.050000 #2b736b72
  livingExpense                n=  60 first=   -20000.000000 last=   -23239.050000 min=   -23239.050000 max=   -20000.000000 sum=   -1294782.750000 #fb3789cd

[asset] Pension
  instrument = pension
  start = 2026-01  finish = 2030-12
  startCurrency = 8000.000000
  finishCurrency = 8000.000000
  startBasis = 0.000000
  finishBasis = 0.000000
  isClosed = no  isDepleted = no
  closedDate = -  closedValue = -
  events = 124  reconciled = 124

[events] Pension
  0000 2026-01 incomeTaxWithholding          -800.000000 cash  withheldIncomeTax      c14
  0001 2026-01 transfer                     -7200.000000 cash  -                      c0 {cadence=monthly from=Pension to=Brokerage}
  0002 2026-02 incomeTaxWithholding          -800.000000 cash  withheldIncomeTax      c14
  0003 2026-02 transfer                     -7200.000000 cash  -                      c0 {cadence=monthly from=Pension to=Brokerage}
  0004 2026-03 incomeTaxWithholding          -800.000000 cash  withheldIncomeTax      c14
  0005 2026-03 transfer                     -7200.000000 cash  -                      c0 {cadence=monthly from=Pension to=Brokerage}
  0006 2026-04 incomeTaxWithholding          -800.000000 cash  withheldIncomeTax      c14
  0007 2026-04 transfer                     -7200.000000 cash  -                      c0 {cadence=monthly from=Pension to=Brokerage}
  0008 2026-05 incomeTaxWithholding          -800.000000 cash  withheldIncomeTax      c14
  0009 2026-05 transfer                     -7200.000000 cash  -                      c0 {cadence=monthly from=Pension to=Brokerage}
  0010 2026-06 incomeTaxWithholding          -800.000000 cash  withheldIncomeTax      c14
  0011 2026-06 transfer                     -7200.000000 cash  -                      c0 {cadence=monthly from=Pension to=Brokerage}
  0012 2026-07 incomeTaxWithholding          -800.000000 cash  withheldIncomeTax      c14
  0013 2026-07 transfer                     -7200.000000 cash  -                      c0 {cadence=monthly from=Pension to=Brokerage}
  0014 2026-08 incomeTaxWithholding          -800.000000 cash  withheldIncomeTax      c14
  0015 2026-08 transfer                     -7200.000000 cash  -                      c0 {cadence=monthly from=Pension to=Brokerage}
  0016 2026-09 incomeTaxWithholding          -800.000000 cash  withheldIncomeTax      c14
  0017 2026-09 transfer                     -7200.000000 cash  -                      c0 {cadence=monthly from=Pension to=Brokerage}
  0018 2026-10 incomeTaxWithholding          -800.000000 cash  withheldIncomeTax      c14
  0019 2026-10 transfer                     -7200.000000 cash  -                      c0 {cadence=monthly from=Pension to=Brokerage}
  0020 2026-11 incomeTaxWithholding          -800.000000 cash  withheldIncomeTax      c14
  0021 2026-11 transfer                     -7200.000000 cash  -                      c0 {cadence=monthly from=Pension to=Brokerage}
  0022 2026-12 incomeTaxWithholding          -800.000000 cash  withheldIncomeTax      c14
  0023 2026-12 transfer                     -7200.000000 cash  -                      c0 {cadence=monthly from=Pension to=Brokerage}
  0024 2026-12 incomeGrowth                     0.000000 cash  income                 c15
  0025 2027-01 incomeTaxWithholding          -800.000000 cash  withheldIncomeTax      c14
  0026 2027-01 transfer                     -7200.000000 cash  -                      c0 {cadence=monthly from=Pension to=Brokerage}
  0027 2027-02 incomeTaxWithholding          -800.000000 cash  withheldIncomeTax      c14
  0028 2027-02 transfer                     -7200.000000 cash  -                      c0 {cadence=monthly from=Pension to=Brokerage}
  0029 2027-03 incomeTaxWithholding          -800.000000 cash  withheldIncomeTax      c14
  0030 2027-03 transfer                     -7200.000000 cash  -                      c0 {cadence=monthly from=Pension to=Brokerage}
  0031 2027-04 incomeTaxWithholding          -800.000000 cash  withheldIncomeTax      c14
  0032 2027-04 transfer                     -7200.000000 cash  -                      c0 {cadence=monthly from=Pension to=Brokerage}
  0033 2027-05 incomeTaxWithholding          -800.000000 cash  withheldIncomeTax      c14
  0034 2027-05 transfer                     -7200.000000 cash  -                      c0 {cadence=monthly from=Pension to=Brokerage}
  0035 2027-06 incomeTaxWithholding          -800.000000 cash  withheldIncomeTax      c14
  0036 2027-06 transfer                     -7200.000000 cash  -                      c0 {cadence=monthly from=Pension to=Brokerage}
  0037 2027-07 incomeTaxWithholding          -800.000000 cash  withheldIncomeTax      c14
  0038 2027-07 transfer                     -7200.000000 cash  -                      c0 {cadence=monthly from=Pension to=Brokerage}
  0039 2027-08 incomeTaxWithholding          -800.000000 cash  withheldIncomeTax      c14
  0040 2027-08 transfer                     -7200.000000 cash  -                      c0 {cadence=monthly from=Pension to=Brokerage}
  0041 2027-09 incomeTaxWithholding          -800.000000 cash  withheldIncomeTax      c14
  0042 2027-09 transfer                     -7200.000000 cash  -                      c0 {cadence=monthly from=Pension to=Brokerage}
  0043 2027-10 incomeTaxWithholding          -800.000000 cash  withheldIncomeTax      c14
  0044 2027-10 transfer                     -7200.000000 cash  -                      c0 {cadence=monthly from=Pension to=Brokerage}
  0045 2027-11 incomeTaxWithholding          -800.000000 cash  withheldIncomeTax      c14
  0046 2027-11 transfer                     -7200.000000 cash  -                      c0 {cadence=monthly from=Pension to=Brokerage}
  0047 2027-12 incomeTaxWithholding          -800.000000 cash  withheldIncomeTax      c14
  0048 2027-12 transfer                     -7200.000000 cash  -                      c0 {cadence=monthly from=Pension to=Brokerage}
  0049 2027-12 incomeGrowth                     0.000000 cash  income                 c16
  0050 2028-01 incomeTaxWithholding          -800.000000 cash  withheldIncomeTax      c14
  0051 2028-01 transfer                     -7200.000000 cash  -                      c0 {cadence=monthly from=Pension to=Brokerage}
  0052 2028-02 incomeTaxWithholding          -800.000000 cash  withheldIncomeTax      c14
  0053 2028-02 transfer                     -7200.000000 cash  -                      c0 {cadence=monthly from=Pension to=Brokerage}
  0054 2028-03 incomeTaxWithholding          -800.000000 cash  withheldIncomeTax      c14
  0055 2028-03 transfer                     -7200.000000 cash  -                      c0 {cadence=monthly from=Pension to=Brokerage}
  0056 2028-04 incomeTaxWithholding          -800.000000 cash  withheldIncomeTax      c14
  0057 2028-04 transfer                     -7200.000000 cash  -                      c0 {cadence=monthly from=Pension to=Brokerage}
  0058 2028-05 incomeTaxWithholding          -800.000000 cash  withheldIncomeTax      c14
  0059 2028-05 transfer                     -7200.000000 cash  -                      c0 {cadence=monthly from=Pension to=Brokerage}
  0060 2028-06 incomeTaxWithholding          -800.000000 cash  withheldIncomeTax      c14
  0061 2028-06 transfer                     -7200.000000 cash  -                      c0 {cadence=monthly from=Pension to=Brokerage}
  0062 2028-07 incomeTaxWithholding          -800.000000 cash  withheldIncomeTax      c14
  0063 2028-07 transfer                     -7200.000000 cash  -                      c0 {cadence=monthly from=Pension to=Brokerage}
  0064 2028-08 incomeTaxWithholding          -800.000000 cash  withheldIncomeTax      c14
  0065 2028-08 transfer                     -7200.000000 cash  -                      c0 {cadence=monthly from=Pension to=Brokerage}
  0066 2028-09 incomeTaxWithholding          -800.000000 cash  withheldIncomeTax      c14
  0067 2028-09 transfer                     -7200.000000 cash  -                      c0 {cadence=monthly from=Pension to=Brokerage}
  0068 2028-10 incomeTaxWithholding          -800.000000 cash  withheldIncomeTax      c14
  0069 2028-10 transfer                     -7200.000000 cash  -                      c0 {cadence=monthly from=Pension to=Brokerage}
  0070 2028-11 incomeTaxWithholding          -800.000000 cash  withheldIncomeTax      c14
  0071 2028-11 transfer                     -7200.000000 cash  -                      c0 {cadence=monthly from=Pension to=Brokerage}
  0072 2028-12 incomeTaxWithholding          -800.000000 cash  withheldIncomeTax      c14
  0073 2028-12 transfer                     -7200.000000 cash  -                      c0 {cadence=monthly from=Pension to=Brokerage}
  0074 2028-12 incomeGrowth                     0.000000 cash  income                 c17
  0075 2029-01 incomeTaxWithholding          -800.000000 cash  withheldIncomeTax      c14
  0076 2029-01 transfer                     -7200.000000 cash  -                      c0 {cadence=monthly from=Pension to=Brokerage}
  0077 2029-02 incomeTaxWithholding          -800.000000 cash  withheldIncomeTax      c14
  0078 2029-02 transfer                     -7200.000000 cash  -                      c0 {cadence=monthly from=Pension to=Brokerage}
  0079 2029-03 incomeTaxWithholding          -800.000000 cash  withheldIncomeTax      c14
  0080 2029-03 transfer                     -7200.000000 cash  -                      c0 {cadence=monthly from=Pension to=Brokerage}
  0081 2029-04 incomeTaxWithholding          -800.000000 cash  withheldIncomeTax      c14
  0082 2029-04 transfer                     -7200.000000 cash  -                      c0 {cadence=monthly from=Pension to=Brokerage}
  0083 2029-05 incomeTaxWithholding          -800.000000 cash  withheldIncomeTax      c14
  0084 2029-05 transfer                     -7200.000000 cash  -                      c0 {cadence=monthly from=Pension to=Brokerage}
  0085 2029-06 incomeTaxWithholding          -800.000000 cash  withheldIncomeTax      c14
  0086 2029-06 transfer                     -7200.000000 cash  -                      c0 {cadence=monthly from=Pension to=Brokerage}
  0087 2029-07 incomeTaxWithholding          -800.000000 cash  withheldIncomeTax      c14
  0088 2029-07 transfer                     -7200.000000 cash  -                      c0 {cadence=monthly from=Pension to=Brokerage}
  0089 2029-08 incomeTaxWithholding          -800.000000 cash  withheldIncomeTax      c14
  0090 2029-08 transfer                     -7200.000000 cash  -                      c0 {cadence=monthly from=Pension to=Brokerage}
  0091 2029-09 incomeTaxWithholding          -800.000000 cash  withheldIncomeTax      c14
  0092 2029-09 transfer                     -7200.000000 cash  -                      c0 {cadence=monthly from=Pension to=Brokerage}
  0093 2029-10 incomeTaxWithholding          -800.000000 cash  withheldIncomeTax      c14
  0094 2029-10 transfer                     -7200.000000 cash  -                      c0 {cadence=monthly from=Pension to=Brokerage}
  0095 2029-11 incomeTaxWithholding          -800.000000 cash  withheldIncomeTax      c14
  0096 2029-11 transfer                     -7200.000000 cash  -                      c0 {cadence=monthly from=Pension to=Brokerage}
  0097 2029-12 incomeTaxWithholding          -800.000000 cash  withheldIncomeTax      c14
  0098 2029-12 transfer                     -7200.000000 cash  -                      c0 {cadence=monthly from=Pension to=Brokerage}
  0099 2029-12 incomeGrowth                     0.000000 cash  income                 c18
  0100 2030-01 incomeTaxWithholding          -800.000000 cash  withheldIncomeTax      c14
  0101 2030-01 transfer                     -7200.000000 cash  -                      c0 {cadence=monthly from=Pension to=Brokerage}
  0102 2030-02 incomeTaxWithholding          -800.000000 cash  withheldIncomeTax      c14
  0103 2030-02 transfer                     -7200.000000 cash  -                      c0 {cadence=monthly from=Pension to=Brokerage}
  0104 2030-03 incomeTaxWithholding          -800.000000 cash  withheldIncomeTax      c14
  0105 2030-03 transfer                     -7200.000000 cash  -                      c0 {cadence=monthly from=Pension to=Brokerage}
  0106 2030-04 incomeTaxWithholding          -800.000000 cash  withheldIncomeTax      c14
  0107 2030-04 transfer                     -7200.000000 cash  -                      c0 {cadence=monthly from=Pension to=Brokerage}
  0108 2030-05 incomeTaxWithholding          -800.000000 cash  withheldIncomeTax      c14
  0109 2030-05 transfer                     -7200.000000 cash  -                      c0 {cadence=monthly from=Pension to=Brokerage}
  0110 2030-06 incomeTaxWithholding          -800.000000 cash  withheldIncomeTax      c14
  0111 2030-06 transfer                     -7200.000000 cash  -                      c0 {cadence=monthly from=Pension to=Brokerage}
  0112 2030-07 incomeTaxWithholding          -800.000000 cash  withheldIncomeTax      c14
  0113 2030-07 transfer                     -7200.000000 cash  -                      c0 {cadence=monthly from=Pension to=Brokerage}
  0114 2030-08 incomeTaxWithholding          -800.000000 cash  withheldIncomeTax      c14
  0115 2030-08 transfer                     -7200.000000 cash  -                      c0 {cadence=monthly from=Pension to=Brokerage}
  0116 2030-09 incomeTaxWithholding          -800.000000 cash  withheldIncomeTax      c14
  0117 2030-09 transfer                     -7200.000000 cash  -                      c0 {cadence=monthly from=Pension to=Brokerage}
  0118 2030-10 incomeTaxWithholding          -800.000000 cash  withheldIncomeTax      c14
  0119 2030-10 transfer                     -7200.000000 cash  -                      c0 {cadence=monthly from=Pension to=Brokerage}
  0120 2030-11 incomeTaxWithholding          -800.000000 cash  withheldIncomeTax      c14
  0121 2030-11 transfer                     -7200.000000 cash  -                      c0 {cadence=monthly from=Pension to=Brokerage}
  0122 2030-12 incomeTaxWithholding          -800.000000 cash  withheldIncomeTax      c14
  0123 2030-12 transfer                     -7200.000000 cash  -                      c0 {cadence=monthly from=Pension to=Brokerage}

[history] Pension
  value                        n=  60 first=     8000.000000 last=     8000.000000 min=     8000.000000 max=     8000.000000 sum=     480000.000000 #bec5b9e5
  ordinaryIncome               n=  60 first=     8000.000000 last=     8000.000000 min=     8000.000000 max=     8000.000000 sum=     480000.000000 #bec5b9e5
  income                       n=  60 first=     8000.000000 last=     8000.000000 min=     8000.000000 max=     8000.000000 sum=     480000.000000 #bec5b9e5
  withheldIncomeTax            n=  60 first=     -800.000000 last=     -800.000000 min=     -800.000000 max=     -800.000000 sum=     -48000.000000 #d384ec55
  incomeTax                    n=  60 first=     -800.000000 last=     -800.000000 min=     -800.000000 max=     -800.000000 sum=     -48000.000000 #d384ec55
  federalTaxes                 n=  60 first=     -800.000000 last=     -800.000000 min=     -800.000000 max=     -800.000000 sum=     -48000.000000 #d384ec55
  taxes                        n=  60 first=     -800.000000 last=     -800.000000 min=     -800.000000 max=     -800.000000 sum=     -48000.000000 #d384ec55
  netIncome                    n=  60 first=     7200.000000 last=     7200.000000 min=     7200.000000 max=     7200.000000 sum=     432000.000000 #d5df488d
  cashFlow                     n=  60 first=     8000.000000 last=     8000.000000 min=     8000.000000 max=     8000.000000 sum=     480000.000000 #bec5b9e5
  cashFlowAccumulated          n=  60 first=     8000.000000 last=   480000.000000 min=     8000.000000 max=   480000.000000 sum=   14640000.000000 #f71dbe7d
  pensionIncome                n=  60 first=     8000.000000 last=     8000.000000 min=     8000.000000 max=     8000.000000 sum=     480000.000000 #bec5b9e5

[packages]
  0000 pensionIncome=8000.000000 assetAppreciation=12163.111369 expense=-20000.000000 incomeTax=-986.583333 estimatedTaxes=-1745.454545 longTermCapitalGains=11785.781719 value=2985380.126702
  0001 pensionIncome=8000.000000 assetAppreciation=12152.401145 expense=-20050.946788 incomeTax=-986.583333 estimatedTaxes=-1754.422152 longTermCapitalGains=11845.716563 value=2982689.499008
  0002 pensionIncome=8000.000000 assetAppreciation=12141.402554 expense=-20102.023354 incomeTax=-986.583333 estimatedTaxes=-1763.415843 longTermCapitalGains=11905.824692 value=2979927.672355
  0003 pensionIncome=8000.000000 assetAppreciation=12130.113782 expense=-20153.230030 incomeTax=-986.583333 estimatedTaxes=-1772.435660 longTermCapitalGains=11966.106388 value=2977094.199997
  0004 pensionIncome=8000.000000 assetAppreciation=12118.533011 expense=-20204.567147 incomeTax=-986.583333 estimatedTaxes=-1781.481646 longTermCapitalGains=12026.561935 value=2974188.632992
  0005 pensionIncome=8000.000000 assetAppreciation=12106.658410 expense=-20256.035037 incomeTax=-986.583333 estimatedTaxes=-1790.553844 longTermCapitalGains=12087.191619 value=2971210.520192
  0006 pensionIncome=8000.000000 assetAppreciation=12094.488141 expense=-20307.634033 incomeTax=-986.583333 estimatedTaxes=-1799.652295 longTermCapitalGains=12147.995727 value=2968159.408236
  0007 pensionIncome=8000.000000 assetAppreciation=12082.020358 expense=-20359.364469 incomeTax=-986.583333 estimatedTaxes=-1808.777043 longTermCapitalGains=12208.974546 value=2965034.841539
  0008 pensionIncome=8000.000000 assetAppreciation=12069.253204 expense=-20411.226680 incomeTax=-986.583333 estimatedTaxes=-1817.928130 longTermCapitalGains=12270.128367 value=2961836.362278
  0009 pensionIncome=8000.000000 assetAppreciation=12056.184813 expense=-20463.221001 incomeTax=-986.583333 estimatedTaxes=-1827.105601 longTermCapitalGains=12331.457481 value=2958563.510387
  0010 pensionIncome=8000.000000 assetAppreciation=12042.813312 expense=-20515.347770 incomeTax=-986.583333 estimatedTaxes=-1836.309498 longTermCapitalGains=12392.962180 value=2955215.823544
  0011 pensionIncome=8000.000000 assetAppreciation=12029.136816 expense=-20567.607324 incomeTax=-986.583333 estimatedTaxes=-1845.539866 longTermCapitalGains=12454.642758 value=2951792.837160
  0012 pensionIncome=8000.000000 assetAppreciation=12007.638659 expense=-20620.000000 incomeTax=-962.607417 estimatedTaxes=-1854.796748 longTermCapitalGains=13990.248726 niit=-1574.087071 taxTrueUp=-270.425474 value=2946466.032972
  0013 pensionIncome=8000.000000 assetAppreciation=11993.413550 expense=-20672.526138 incomeTax=-962.607417 estimatedTaxes=-1864.080188 longTermCapitalGains=12559.086671 value=2942907.572838
  0014 pensionIncome=8000.000000 assetAppreciation=11978.878013 expense=-20725.186078 incomeTax=-962.607417 estimatedTaxes=-1873.390231 longTermCapitalGains=12621.278281 value=2939272.473042
  0015 pensionIncome=8000.000000 assetAppreciation=11964.030127 expense=-20777.980161 incomeTax=-962.607417 estimatedTaxes=-1882.726921 longTermCapitalGains=12683.647034 value=2935560.260103
  0016 pensionIncome=8000.000000 assetAppreciation=11948.867965 expense=-20830.908728 incomeTax=-962.607417 estimatedTaxes=-1892.090304 longTermCapitalGains=12746.193230 value=2931770.458225
  0017 pensionIncome=8000.000000 assetAppreciation=11933.389586 expense=-20883.972123 incomeTax=-962.607417 estimatedTaxes=-1901.480423 longTermCapitalGains=12808.917171 value=2927902.589284
  0018 pensionIncome=8000.000000 assetAppreciation=11917.593044 expense=-20937.170688 incomeTax=-962.607417 estimatedTaxes=-1910.897324 longTermCapitalGains=12871.819160 value=2923956.172820
  0019 pensionIncome=8000.000000 assetAppreciation=11901.476380 expense=-20990.504767 incomeTax=-962.607417 estimatedTaxes=-1920.341053 longTermCapitalGains=12934.899501 value=2919930.726024
  0020 pensionIncome=8000.000000 assetAppreciation=11885.037627 expense=-21043.974707 incomeTax=-962.607417 estimatedTaxes=-1929.811655 longTermCapitalGains=12998.158502 value=2915825.763726
  0021 pensionIncome=8000.000000 assetAppreciation=11868.274808 expense=-21097.580852 incomeTax=-962.607417 estimatedTaxes=-1939.309176 longTermCapitalGains=13061.596468 value=2911640.798390
  0022 pensionIncome=8000.000000 assetAppreciation=11851.185938 expense=-21151.323551 incomeTax=-962.607417 estimatedTaxes=-1948.833662 longTermCapitalGains=13125.213710 value=2907375.340098
  0023 pensionIncome=8000.000000 assetAppreciation=11833.769019 expense=-21205.203151 incomeTax=-962.607417 estimatedTaxes=-1958.385160 longTermCapitalGains=13189.010537 value=2903028.896540
  0024 pensionIncome=8000.000000 assetAppreciation=11806.151298 expense=-21259.220000 incomeTax=-937.888247 estimatedTaxes=-1967.963715 longTermCapitalGains=15216.015810 niit=-1960.422622 taxTrueUp=-462.367502 value=2896193.031305
  0025 pensionIncome=8000.000000 assetAppreciation=11788.132749 expense=-21313.374448 incomeTax=-937.888247 estimatedTaxes=-1977.569374 longTermCapitalGains=13296.872912 value=2891698.039587
  0026 pensionIncome=8000.000000 assetAppreciation=11769.780352 expense=-21367.666847 incomeTax=-937.888247 estimatedTaxes=-1987.202185 longTermCapitalGains=13361.192323 value=2887120.631961
  0027 pensionIncome=8000.000000 assetAppreciation=11751.092070 expense=-21422.097546 incomeTax=-937.888247 estimatedTaxes=-1996.862194 longTermCapitalGains=13425.692648 value=2882460.306692
  0028 pensionIncome=8000.000000 assetAppreciation=11732.065861 expense=-21476.666899 incomeTax=-937.888247 estimatedTaxes=-2006.549448 longTermCapitalGains=13490.374204 value=2877716.559600
  0029 pensionIncome=8000.000000 assetAppreciation=11712.699670 expense=-21531.375259 incomeTax=-937.888247 estimatedTaxes=-2016.263996 longTermCapitalGains=13555.237309 value=2872888.884048
  0030 pensionIncome=8000.000000 assetAppreciation=11692.991432 expense=-21586.222979 incomeTax=-937.888247 estimatedTaxes=-2026.005885 longTermCapitalGains=13620.282283 value=2867976.770935
  0031 pensionIncome=8000.000000 assetAppreciation=11672.939074 expense=-21641.210415 incomeTax=-937.888247 estimatedTaxes=-2035.775162 longTermCapitalGains=13685.509448 value=2862979.708677
  0032 pensionIncome=8000.000000 assetAppreciation=11652.540511 expense=-21696.337923 incomeTax=-937.888247 estimatedTaxes=-2045.571877 longTermCapitalGains=13750.919126 value=2857897.183206
  0033 pensionIncome=8000.000000 assetAppreciation=11631.793648 expense=-21751.605859 incomeTax=-937.888247 estimatedTaxes=-2055.396077 longTermCapitalGains=13816.511642 value=2852728.677949
  0034 pensionIncome=8000.000000 assetAppreciation=11610.696381 expense=-21807.014581 incomeTax=-937.888247 estimatedTaxes=-2065.247811 longTermCapitalGains=13882.287321 value=2847473.673824
  0035 pensionIncome=8000.000000 assetAppreciation=11589.246594 expense=-21862.564448 incomeTax=-937.888247 estimatedTaxes=-2075.127128 longTermCapitalGains=13948.246490 value=2842131.649224
  0036 pensionIncome=8000.000000 assetAppreciation=11555.946192 expense=-21918.255820 incomeTax=-912.402782 estimatedTaxes=-2085.034077 longTermCapitalGains=16327.494202 niit=-2319.867378 taxTrueUp=-501.836376 value=2833894.365747
  0037 pensionIncome=8000.000000 assetAppreciation=11533.841975 expense=-21974.089056 incomeTax=-912.402782 estimatedTaxes=-2094.968707 longTermCapitalGains=14059.598550 value=2828390.771714
  0038 pensionIncome=8000.000000 assetAppreciation=11511.379064 expense=-22030.064519 incomeTax=-912.402782 estimatedTaxes=-2104.931067 longTermCapitalGains=14126.092444 value=2822798.634359
  0039 pensionIncome=8000.000000 assetAppreciation=11488.555303 expense=-22086.182570 incomeTax=-912.402782 estimatedTaxes=-2114.921208 longTermCapitalGains=14192.771224 value=2817117.422099
  0040 pensionIncome=8000.000000 assetAppreciation=11465.368526 expense=-22142.443573 incomeTax=-912.402782 estimatedTaxes=-2124.939178 longTermCapitalGains=14259.635221 value=2811346.600773
  0041 pensionIncome=8000.000000 assetAppreciation=11441.816558 expense=-22198.847892 incomeTax=-912.402782 estimatedTaxes=-2134.985030 longTermCapitalGains=14326.684772 value=2805485.633628
  0042 pensionIncome=8000.000000 assetAppreciation=11417.897210 expense=-22255.395891 incomeTax=-912.402782 estimatedTaxes=-2145.058811 longTermCapitalGains=14393.920214 value=2799533.981307
  0043 pensionIncome=8000.000000 assetAppreciation=11393.608286 expense=-22312.087938 incomeTax=-912.402782 estimatedTaxes=-2155.160574 longTermCapitalGains=14461.341885 value=2793491.101839
  0044 pensionIncome=8000.000000 assetAppreciation=11368.947577 expense=-22368.924398 incomeTax=-912.402782 estimatedTaxes=-2165.290369 longTermCapitalGains=14528.950124 value=2787356.450625
  0045 pensionIncome=8000.000000 assetAppreciation=11343.912865 expense=-22425.905640 incomeTax=-912.402782 estimatedTaxes=-2175.448246 longTermCapitalGains=14596.745273 value=2781129.480428
  0046 pensionIncome=8000.000000 assetAppreciation=11318.501918 expense=-22483.032033 incomeTax=-912.402782 estimatedTaxes=-2185.634258 longTermCapitalGains=14664.727674 value=2774809.641360
  0047 pensionIncome=8000.000000 assetAppreciation=11292.712498 expense=-22540.303946 incomeTax=-912.402782 estimatedTaxes=-2195.848455 longTermCapitalGains=14732.897672 value=2768396.380870
  0048 pensionIncome=8000.000000 assetAppreciation=11253.489260 expense=-22597.721750 incomeTax=-886.127268 estimatedTaxes=-2206.090889 longTermCapitalGains=17456.015954 niit=-2685.492652 taxTrueUp=-518.408910 value=2758698.464593
  0049 pensionIncome=8000.000000 assetAppreciation=11226.989996 expense=-22655.285817 incomeTax=-886.127268 estimatedTaxes=-2216.361613 longTermCapitalGains=14847.814699 value=2752109.969189
  0050 pensionIncome=8000.000000 assetAppreciation=11200.105690 expense=-22712.996519 incomeTax=-886.127268 estimatedTaxes=-2226.660677 longTermCapitalGains=14916.532165 value=2745426.432705
  0051 pensionIncome=8000.000000 assetAppreciation=11172.834060 expense=-22770.854230 incomeTax=-886.127268 estimatedTaxes=-2236.988135 longTermCapitalGains=14985.438688 value=2738647.292038
  0052 pensionIncome=8000.000000 assetAppreciation=11145.172811 expense=-22828.859324 incomeTax=-886.127268 estimatedTaxes=-2247.344039 longTermCapitalGains=15054.534621 value=2731771.981365
  0053 pensionIncome=8000.000000 assetAppreciation=11117.119637 expense=-22887.012176 incomeTax=-886.127268 estimatedTaxes=-2257.728441 longTermCapitalGains=15123.820315 value=2724799.932129
  0054 pensionIncome=8000.000000 assetAppreciation=11088.672221 expense=-22945.313164 incomeTax=-886.127268 estimatedTaxes=-2268.141395 longTermCapitalGains=15193.296125 value=2717730.573023
  0055 pensionIncome=8000.000000 assetAppreciation=11059.828237 expense=-23003.762664 incomeTax=-886.127268 estimatedTaxes=-2278.582954 longTermCapitalGains=15262.962406 value=2710563.329983
  0056 pensionIncome=8000.000000 assetAppreciation=11030.585345 expense=-23062.361055 incomeTax=-886.127268 estimatedTaxes=-2289.053171 longTermCapitalGains=15332.819515 value=2703297.626173
  0057 pensionIncome=8000.000000 assetAppreciation=11000.941194 expense=-23121.108715 incomeTax=-886.127268 estimatedTaxes=-2299.552100 longTermCapitalGains=15402.867810 value=2695932.881972
  0058 pensionIncome=8000.000000 assetAppreciation=10970.893424 expense=-23180.006026 incomeTax=-886.127268 estimatedTaxes=-2310.079795 longTermCapitalGains=15473.107652 value=2688468.514964
  0059 pensionIncome=8000.000000 assetAppreciation=10940.439660 expense=-23239.053369 incomeTax=-886.127268 estimatedTaxes=-2320.636309 longTermCapitalGains=15543.539402 value=2680903.939921

[priceIndex]
  [0000]         1.002547         1.005101         1.007662         1.010228         1.012802         1.015382
  [0006]         1.017968         1.020561         1.023161         1.025767         1.028380         1.031000
  [0012]         1.033626         1.036259         1.038899         1.041545         1.044199         1.046859
  [0018]         1.049525         1.052199         1.054879         1.057566         1.060260         1.062961
  [0024]         1.065669         1.068383         1.071105         1.073833         1.076569         1.079311
  [0030]         1.082061         1.084817         1.087580         1.090351         1.093128         1.095913
  [0036]         1.098704         1.101503         1.104309         1.107122         1.109942         1.112770
  [0042]         1.115604         1.118446         1.121295         1.124152         1.127015         1.129886
  [0048]         1.132764         1.135650         1.138543         1.141443         1.144351         1.147266
  [0054]         1.150188         1.153118         1.156055         1.159000         1.161953         1.164913

[sanity]
  (no findings)

[traces]
  scopes = 1349
  unattributedEvents = 0
  1x 2027 annual pass
  1x 2027 tax true-up
  1x 2028 annual pass
  1x 2028 tax true-up
  1x 2029 annual pass
  1x 2029 tax true-up
  1x 2030 annual pass
  1x 2030 tax true-up
  1x 2031 annual pass
  1x 2031 tax true-up
  4x Annual growth: Pension
  7x April 2026
  7x April 2027
  7x April 2028
  7x April 2029
  7x April 2030
  7x August 2026
  7x August 2027
  7x August 2028
  7x August 2029
  7x August 2030
  7x December 2026
  7x December 2027
  7x December 2028
  7x December 2029
  7x December 2030
  7x February 2026
  7x February 2027
  7x February 2028
  7x February 2029
  7x February 2030
  7x January 2026
  7x January 2027
  7x January 2028
  7x January 2029
  7x January 2030
  7x July 2026
  7x July 2027
  7x July 2028
  7x July 2029
  7x July 2030
  7x June 2026
  7x June 2027
  7x June 2028
  7x June 2029
  7x June 2030
  7x March 2026
  7x March 2027
  7x March 2028
  7x March 2029
  7x March 2030
  7x May 2026
  7x May 2027
  7x May 2028
  7x May 2029
  7x May 2030
  5x Net investment income tax
  7x November 2026
  7x November 2027
  7x November 2028
  7x November 2029
  7x November 2030
  7x October 2026
  7x October 2027
  7x October 2028
  7x October 2029
  7x October 2030
  60x Pay Brokerage
  60x Pay Living
  60x Pay Pension
  60x Payroll: Brokerage
  60x Payroll: Living
  60x Payroll: Pension
  60x Required distribution from Brokerage
  60x Required distribution from Living
  60x Required distribution from Pension
  7x September 2026
  7x September 2027
  7x September 2028
  7x September 2029
  7x September 2030
  130x Settle from Brokerage
  60x Transfer Pension → Brokerage
  60x Withholding: Brokerage
  60x Withholding: Living
  60x Withholding: Pension

[traceLegend]
  c0 = Transfer Pension → Brokerage
  c1 = Pay Living > Settle from Brokerage
  c2 = Pay Living
  c3 = Settle from Brokerage
  c4 = 2027 annual pass > 2027 tax true-up > Settle from Brokerage
  c5 = 2027 annual pass > Net investment income tax > Settle from Brokerage
  c6 = 2028 annual pass > 2028 tax true-up > Settle from Brokerage
  c7 = 2028 annual pass > Net investment income tax > Settle from Brokerage
  c8 = 2029 annual pass > 2029 tax true-up > Settle from Brokerage
  c9 = 2029 annual pass > Net investment income tax > Settle from Brokerage
  c10 = 2030 annual pass > 2030 tax true-up > Settle from Brokerage
  c11 = 2030 annual pass > Net investment income tax > Settle from Brokerage
  c12 = 2031 annual pass > 2031 tax true-up > Settle from Brokerage
  c13 = 2031 annual pass > Net investment income tax > Settle from Brokerage
  c14 = Withholding: Pension
  c15 = 2027 annual pass > Annual growth: Pension
  c16 = 2028 annual pass > Annual growth: Pension
  c17 = 2029 annual pass > Annual growth: Pension
  c18 = 2030 annual pass > Annual growth: Pension

