# fixture: niit-from-a-deferred-draw  (adversarial)
#
# the IRC 1411 ASYMMETRY, and nothing else in the corpus does. A
# qualified-plan distribution is OUT of net investment income but IN MAGI,
# so a large IRA draw can never be taxed by NIIT itself yet drags the
# household over the threshold and exposes investment income that would
# otherwise sit far below it. This retiree has NO wages: MAGI is carried
# over $200,000 almost entirely by the 1%/month IRA distribution, while the
# taxed base is the brokerage dividends. Delete the distribution and the
# same dividends owe nothing. It is also the only fixture where the NII side
# of the min binds — single-home-sale and mfj-high-earner-ltcg both bind on
# the MAGI excess, so without this one an implementation could drop the NII
# argument entirely and stay green. Both halves verified by mutation on
# 2026-08-18.

[config]
  allocateHouseholdTax = false
  backtestYear = current
  filingAs = Single
  inflationRate = 0.031
  pensionWithholdingRate = 0.1
  propertyTaxDeductionMax = 40000
  simDataMode = calibrated
  socialSecurityWithholdingRate = 0
  userFinishAge = 87
  userRetirementAge = 65
  userStartAge = 70
  homeSaleExclusion = 250000
  retirementWithholdingRate = 0.1

[totals]
  months = 240
  firstDate = 2026-01
  lastDate = 2030-12
  startValue = 2640000.000000
  finishValue = 2719507.966754
  accumulated = -25068.144979
  total.assetAppreciation = 620911.056382
  total.expense = -388857.161972
  total.incomeTax = -246522.202753
  total.tradIRADistribution = 1201460.821605
  total.nonQualifiedDividends = 32897.179147
  total.qualifiedDividends = 76760.084676
  total.niit = -3021.647161
  total.value = 159686166.097519

[assetOrder]
  0 Checking
  1 IRA
  2 Brokerage
  3 Living

[asset] Brokerage
  instrument = taxableEquity
  start = 2026-01  finish = 2030-12
  startCurrency = 400000.000000
  finishCurrency = 1274926.458337
  startBasis = 300000.000000
  finishBasis = 1000057.731976
  isClosed = no  isDepleted = no
  closedDate = -  closedValue = -
  events = 362  reconciled = 362

[events] Brokerage
  0000 2026-01 transfer                     22000.000000 cash  -                      c0 {cadence=monthly from=IRA to=Brokerage}
  0001 2026-01 assetGrowth                   1406.666667 cash  growth                 c-
  0002 2026-01 dividend                       617.468056 cash  qualifiedDividend      c- {qualified=true}
  0003 2026-01 dividend                       264.629167 cash  nonQualifiedDividend   c- {qualified=false}
  0004 2026-02 transfer                     21846.305556 cash  -                      c0 {cadence=monthly from=IRA to=Brokerage}
  0005 2026-02 assetGrowth                   1487.116898 cash  growth                 c-
  0006 2026-02 dividend                       652.782355 cash  qualifiedDividend      c- {qualified=true}
  0007 2026-02 dividend                       279.763866 cash  nonQualifiedDividend   c- {qualified=false}
  0008 2026-03 transfer                     21693.684838 cash  -                      c0 {cadence=monthly from=IRA to=Brokerage}
  0009 2026-03 assetGrowth                   1567.494725 cash  growth                 c-
  0010 2026-03 dividend                       688.064872 cash  qualifiedDividend      c- {qualified=true}
  0011 2026-03 dividend                       294.884945 cash  nonQualifiedDividend   c- {qualified=false}
  0012 2026-04 transfer                     21542.130345 cash  -                      c0 {cadence=monthly from=IRA to=Brokerage}
  0013 2026-04 assetGrowth                   1647.803308 cash  growth                 c-
  0014 2026-04 dividend                       723.316994 cash  qualifiedDividend      c- {qualified=true}
  0015 2026-04 dividend                       309.992997 cash  nonQualifiedDividend   c- {qualified=false}
  0016 2026-05 transfer                     21391.634629 cash  -                      c0 {cadence=monthly from=IRA to=Brokerage}
  0017 2026-05 spillover                    -2458.540425 cash  -                      c1 {cause=grossUp depleted=Checking origin=oneSided}
  0018 2026-05 assetGrowth                   1719.850666 cash  growth                 c-
  0019 2026-05 dividend                       754.942782 cash  qualifiedDividend      c- {qualified=true}
  0020 2026-05 dividend                       323.546907 cash  nonQualifiedDividend   c- {qualified=false}
  0021 2026-05 incomeTaxWithholding         -2983.216314 cash  -                      c2
  0022 2026-06 transfer                     21242.190292 cash  -                      c0 {cadence=monthly from=IRA to=Brokerage}
  0023 2026-06 grossUp                      -6077.901452 cash  -                      c3 {forAsset=Living overflow=false}
  0024 2026-06 assetGrowth                   1769.782042 cash  growth                 c-
  0025 2026-06 dividend                       776.860576 cash  qualifiedDividend      c- {qualified=true}
  0026 2026-06 dividend                       332.940247 cash  nonQualifiedDividend   c- {qualified=false}
  0027 2026-06 incomeTaxWithholding         -2944.991668 cash  -                      c2
  0028 2026-07 transfer                     21093.789991 cash  -                      c0 {cadence=monthly from=IRA to=Brokerage}
  0029 2026-07 grossUp                      -6093.602698 cash  -                      c3 {forAsset=Living overflow=false}
  0030 2026-07 assetGrowth                   1819.564637 cash  growth                 c-
  0031 2026-07 dividend                       798.713061 cash  qualifiedDividend      c- {qualified=true}
  0032 2026-07 dividend                       342.305597 cash  nonQualifiedDividend   c- {qualified=false}
  0033 2026-07 incomeTaxWithholding         -2907.047234 cash  -                      c2
  0034 2026-08 transfer                     20946.426430 cash  -                      c0 {cadence=monthly from=IRA to=Brokerage}
  0035 2026-08 grossUp                      -6109.344505 cash  -                      c3 {forAsset=Living overflow=false}
  0036 2026-08 assetGrowth                   1869.200030 cash  growth                 c-
  0037 2026-08 dividend                       820.500930 cash  qualifiedDividend      c- {qualified=true}
  0038 2026-08 dividend                       351.643256 cash  nonQualifiedDividend   c- {qualified=false}
  0039 2026-08 incomeTaxWithholding         -2869.381092 cash  -                      c2
  0040 2026-09 transfer                     20800.092368 cash  -                      c0 {cadence=monthly from=IRA to=Brokerage}
  0041 2026-09 grossUp                      -6125.126978 cash  -                      c3 {forAsset=Living overflow=false}
  0042 2026-09 assetGrowth                   1918.689792 cash  growth                 c-
  0043 2026-09 dividend                       842.224873 cash  qualifiedDividend      c- {qualified=true}
  0044 2026-09 dividend                       360.953517 cash  nonQualifiedDividend   c- {qualified=false}
  0045 2026-09 incomeTaxWithholding         -2831.991333 cash  -                      c2
  0046 2026-10 transfer                     20654.780611 cash  -                      c0 {cadence=monthly from=IRA to=Brokerage}
  0047 2026-10 grossUp                      -6140.950223 cash  -                      c3 {forAsset=Living overflow=false}
  0048 2026-10 assetGrowth                   1968.035483 cash  growth                 c-
  0049 2026-10 dividend                       863.885576 cash  qualifiedDividend      c- {qualified=true}
  0050 2026-10 dividend                       370.236675 cash  nonQualifiedDividend   c- {qualified=false}
  0051 2026-10 incomeTaxWithholding         -2794.876062 cash  -                      c2
  0052 2026-11 transfer                     20510.484019 cash  -                      c0 {cadence=monthly from=IRA to=Brokerage}
  0053 2026-11 grossUp                      -6156.814344 cash  -                      c3 {forAsset=Living overflow=false}
  0054 2026-11 assetGrowth                   2017.238654 cash  growth                 c-
  0055 2026-11 dividend                       885.483718 cash  qualifiedDividend      c- {qualified=true}
  0056 2026-11 dividend                       379.493022 cash  nonQualifiedDividend   c- {qualified=false}
  0057 2026-11 incomeTaxWithholding         -2758.033396 cash  -                      c2
  0058 2026-12 transfer                     20367.195499 cash  -                      c0 {cadence=monthly from=IRA to=Brokerage}
  0059 2026-12 grossUp                      -6172.719448 cash  -                      c3 {forAsset=Living overflow=false}
  0060 2026-12 assetGrowth                   2066.300848 cash  growth                 c-
  0061 2026-12 dividend                       907.019976 cash  qualifiedDividend      c- {qualified=true}
  0062 2026-12 dividend                       388.722847 cash  nonQualifiedDividend   c- {qualified=false}
  0063 2026-12 incomeTaxWithholding         -2721.461468 cash  -                      c2
  0064 2026-12 taxTrueUp                    -1399.689565 cash  -                      c4 {direction=underpayment}
  0065 2026-12 niitAssessed                  -506.554319 cash  -                      c5 {bound=nii magi=295651.170784 nii=13330.376810 taxedBase=13330.376810 threshold=200000}
  0066 2027-01 transfer                     20224.908008 cash  -                      c0 {cadence=monthly from=IRA to=Brokerage}
  0067 2027-01 grossUp                      -6188.665640 cash  -                      c3 {forAsset=Living overflow=false}
  0068 2027-01 assetGrowth                   2108.869450 cash  growth                 c-
  0069 2027-01 dividend                       925.705819 cash  qualifiedDividend      c- {qualified=true}
  0070 2027-01 dividend                       396.731065 cash  nonQualifiedDividend   c- {qualified=false}
  0071 2027-01 incomeTaxWithholding         -2605.355676 cash  -                      c2
  0072 2027-02 transfer                     20083.614553 cash  -                      c0 {cadence=monthly from=IRA to=Brokerage}
  0073 2027-02 grossUp                      -6204.653026 cash  -                      c3 {forAsset=Living overflow=false}
  0074 2027-02 assetGrowth                   2157.885824 cash  growth                 c-
  0075 2027-02 dividend                       947.221965 cash  qualifiedDividend      c- {qualified=true}
  0076 2027-02 dividend                       405.952271 cash  nonQualifiedDividend   c- {qualified=false}
  0077 2027-02 incomeTaxWithholding         -2573.768062 cash  -                      c2
  0078 2027-03 transfer                     19943.308191 cash  -                      c0 {cadence=monthly from=IRA to=Brokerage}
  0079 2027-03 grossUp                      -6220.681713 cash  -                      c3 {forAsset=Living overflow=false}
  0080 2027-03 assetGrowth                   2206.752219 cash  growth                 c-
  0081 2027-03 dividend                       968.672276 cash  qualifiedDividend      c- {qualified=true}
  0082 2027-03 dividend                       415.145261 cash  nonQualifiedDividend   c- {qualified=false}
  0083 2027-03 incomeTaxWithholding         -2542.412708 cash  -                      c2
  0084 2027-04 transfer                     19803.982024 cash  -                      c0 {cadence=monthly from=IRA to=Brokerage}
  0085 2027-04 grossUp                      -6236.751807 cash  -                      c3 {forAsset=Living overflow=false}
  0086 2027-04 assetGrowth                   2255.470176 cash  growth                 c-
  0087 2027-04 dividend                       990.057429 cash  qualifiedDividend      c- {qualified=true}
  0088 2027-04 dividend                       424.310327 cash  nonQualifiedDividend   c- {qualified=false}
  0089 2027-04 incomeTaxWithholding         -2511.288021 cash  -                      c2
  0090 2027-05 transfer                     19665.629205 cash  -                      c0 {cadence=monthly from=IRA to=Brokerage}
  0091 2027-05 grossUp                      -6252.863416 cash  -                      c3 {forAsset=Living overflow=false}
  0092 2027-05 assetGrowth                   2304.041229 cash  growth                 c-
  0093 2027-05 dividend                      1011.378098 cash  qualifiedDividend      c- {qualified=true}
  0094 2027-05 dividend                       433.447756 cash  nonQualifiedDividend   c- {qualified=false}
  0095 2027-05 incomeTaxWithholding         -2480.392421 cash  -                      c2
  0096 2027-06 transfer                     19528.242934 cash  -                      c0 {cadence=monthly from=IRA to=Brokerage}
  0097 2027-06 grossUp                      -6269.016647 cash  -                      c3 {forAsset=Living overflow=false}
  0098 2027-06 assetGrowth                   2352.466899 cash  growth                 c-
  0099 2027-06 dividend                      1032.634949 cash  qualifiedDividend      c- {qualified=true}
  0100 2027-06 dividend                       442.557835 cash  nonQualifiedDividend   c- {qualified=false}
  0101 2027-06 incomeTaxWithholding         -2449.724336 cash  -                      c2
  0102 2027-07 transfer                     19391.816459 cash  -                      c0 {cadence=monthly from=IRA to=Brokerage}
  0103 2027-07 grossUp                      -6285.211606 cash  -                      c3 {forAsset=Living overflow=false}
  0104 2027-07 assetGrowth                   2400.748699 cash  growth                 c-
  0105 2027-07 dividend                      1053.828648 cash  qualifiedDividend      c- {qualified=true}
  0106 2027-07 dividend                       451.640849 cash  nonQualifiedDividend   c- {qualified=false}
  0107 2027-07 incomeTaxWithholding         -2419.282206 cash  -                      c2
  0108 2027-08 transfer                     19256.343075 cash  -                      c0 {cadence=monthly from=IRA to=Brokerage}
  0109 2027-08 grossUp                      -6301.448403 cash  -                      c3 {forAsset=Living overflow=false}
  0110 2027-08 assetGrowth                   2448.888135 cash  growth                 c-
  0111 2027-08 dividend                      1074.959854 cash  qualifiedDividend      c- {qualified=true}
  0112 2027-08 dividend                       460.697080 cash  nonQualifiedDividend   c- {qualified=false}
  0113 2027-08 incomeTaxWithholding         -2389.064484 cash  -                      c2
  0114 2027-09 transfer                     19121.816122 cash  -                      c0 {cadence=monthly from=IRA to=Brokerage}
  0115 2027-09 grossUp                      -6317.727145 cash  -                      c3 {forAsset=Living overflow=false}
  0116 2027-09 assetGrowth                   2496.886700 cash  growth                 c-
  0117 2027-09 dividend                      1096.029224 cash  qualifiedDividend      c- {qualified=true}
  0118 2027-09 dividend                       469.726810 cash  nonQualifiedDividend   c- {qualified=false}
  0119 2027-09 incomeTaxWithholding         -2359.069631 cash  -                      c2
  0120 2027-10 transfer                     18988.228990 cash  -                      c0 {cadence=monthly from=IRA to=Brokerage}
  0121 2027-10 grossUp                      -6334.047940 cash  -                      c3 {forAsset=Living overflow=false}
  0122 2027-10 assetGrowth                   2544.745880 cash  growth                 c-
  0123 2027-10 dividend                      1117.037410 cash  qualifiedDividend      c- {qualified=true}
  0124 2027-10 dividend                       478.730319 cash  nonQualifiedDividend   c- {qualified=false}
  0125 2027-10 incomeTaxWithholding         -2329.296122 cash  -                      c2
  0126 2027-11 transfer                     18855.575113 cash  -                      c0 {cadence=monthly from=IRA to=Brokerage}
  0127 2027-11 grossUp                      -6350.410897 cash  -                      c3 {forAsset=Living overflow=false}
  0128 2027-11 assetGrowth                   2592.467153 cash  growth                 c-
  0129 2027-11 dividend                      1137.985061 cash  qualifiedDividend      c- {qualified=true}
  0130 2027-11 dividend                       487.707883 cash  nonQualifiedDividend   c- {qualified=false}
  0131 2027-11 incomeTaxWithholding         -2299.742439 cash  -                      c2
  0132 2027-12 transfer                     18723.847970 cash  -                      c0 {cadence=monthly from=IRA to=Brokerage}
  0133 2027-12 grossUp                      -6366.816125 cash  -                      c3 {forAsset=Living overflow=false}
  0134 2027-12 assetGrowth                   2640.051984 cash  growth                 c-
  0135 2027-12 dividend                      1158.872819 cash  qualifiedDividend      c- {qualified=true}
  0136 2027-12 dividend                       496.659780 cash  nonQualifiedDividend   c- {qualified=false}
  0137 2027-12 incomeTaxWithholding         -2270.407078 cash  -                      c2
  0138 2027-12 taxTrueUp                    -1877.157533 cash  -                      c6 {direction=underpayment}
  0139 2027-12 niitAssessed                  -679.352250 cash  -                      c7 {bound=nii magi=277419.149281 nii=17877.690789 taxedBase=17877.690789 threshold=200000}
  0140 2028-01 transfer                     18593.041088 cash  -                      c0 {cadence=monthly from=IRA to=Brokerage}
  0141 2028-01 grossUp                      -6383.263734 cash  -                      c3 {forAsset=Living overflow=false}
  0142 2028-01 assetGrowth                   2678.980135 cash  growth                 c-
  0143 2028-01 dividend                      1175.960655 cash  qualifiedDividend      c- {qualified=true}
  0144 2028-01 dividend                       503.983138 cash  nonQualifiedDividend   c- {qualified=false}
  0145 2028-01 incomeTaxWithholding         -2164.346132 cash  -                      c2
  0146 2028-02 transfer                     18463.148037 cash  -                      c0 {cadence=monthly from=IRA to=Brokerage}
  0147 2028-02 grossUp                      -6399.753832 cash  -                      c3 {forAsset=Living overflow=false}
  0148 2028-02 assetGrowth                   2726.506708 cash  growth                 c-
  0149 2028-02 dividend                      1196.822840 cash  qualifiedDividend      c- {qualified=true}
  0150 2028-02 dividend                       512.924074 cash  nonQualifiedDividend   c- {qualified=false}
  0151 2028-02 incomeTaxWithholding         -2135.455597 cash  -                      c2
  0152 2028-03 transfer                     18334.162433 cash  -                      c0 {cadence=monthly from=IRA to=Brokerage}
  0153 2028-03 grossUp                      -6416.286529 cash  -                      c3 {forAsset=Living overflow=false}
  0154 2028-03 assetGrowth                   2773.902288 cash  growth                 c-
  0155 2028-03 dividend                      1217.627525 cash  qualifiedDividend      c- {qualified=true}
  0156 2028-03 dividend                       521.840368 cash  nonQualifiedDividend   c- {qualified=false}
  0157 2028-03 incomeTaxWithholding         -2106.778997 cash  -                      c2
  0158 2028-04 transfer                     18206.077937 cash  -                      c0 {cadence=monthly from=IRA to=Brokerage}
  0159 2028-04 grossUp                      -6432.861936 cash  -                      c3 {forAsset=Living overflow=false}
  0160 2028-04 assetGrowth                   2821.168312 cash  growth                 c-
  0161 2028-04 dividend                      1238.375340 cash  qualifiedDividend      c- {qualified=true}
  0162 2028-04 dividend                       530.732289 cash  nonQualifiedDividend   c- {qualified=false}
  0163 2028-04 incomeTaxWithholding         -2078.314868 cash  -                      c2
  0164 2028-05 transfer                     18078.888254 cash  -                      c0 {cadence=monthly from=IRA to=Brokerage}
  0165 2028-05 grossUp                      -6449.480163 cash  -                      c3 {forAsset=Living overflow=false}
  0166 2028-05 assetGrowth                   2868.306209 cash  growth                 c-
  0167 2028-05 dividend                      1259.066913 cash  qualifiedDividend      c- {qualified=true}
  0168 2028-05 dividend                       539.600106 cash  nonQualifiedDividend   c- {qualified=false}
  0169 2028-05 incomeTaxWithholding         -2050.061758 cash  -                      c2
  0170 2028-06 transfer                     17952.587132 cash  -                      c0 {cadence=monthly from=IRA to=Brokerage}
  0171 2028-06 grossUp                      -6466.141320 cash  -                      c3 {forAsset=Living overflow=false}
  0172 2028-06 assetGrowth                   2915.317400 cash  growth                 c-
  0173 2028-06 dividend                      1279.702867 cash  qualifiedDividend      c- {qualified=true}
  0174 2028-06 dividend                       548.444086 cash  nonQualifiedDividend   c- {qualified=false}
  0175 2028-06 incomeTaxWithholding         -2022.018224 cash  -                      c2
  0176 2028-07 transfer                     17827.168363 cash  -                      c0 {cadence=monthly from=IRA to=Brokerage}
  0177 2028-07 grossUp                      -6482.845518 cash  -                      c3 {forAsset=Living overflow=false}
  0178 2028-07 assetGrowth                   2962.203296 cash  growth                 c-
  0179 2028-07 dividend                      1300.283822 cash  qualifiedDividend      c- {qualified=true}
  0180 2028-07 dividend                       557.264495 cash  nonQualifiedDividend   c- {qualified=false}
  0181 2028-07 incomeTaxWithholding         -1994.182834 cash  -                      c2
  0182 2028-08 transfer                     17702.625784 cash  -                      c0 {cadence=monthly from=IRA to=Brokerage}
  0183 2028-08 grossUp                      -6499.592869 cash  -                      c3 {forAsset=Living overflow=false}
  0184 2028-08 assetGrowth                   3008.965302 cash  growth                 c-
  0185 2028-08 dividend                      1320.810394 cash  qualifiedDividend      c- {qualified=true}
  0186 2028-08 dividend                       566.061597 cash  nonQualifiedDividend   c- {qualified=false}
  0187 2028-08 incomeTaxWithholding         -1966.554165 cash  -                      c2
  0188 2028-09 transfer                     17578.953274 cash  -                      c0 {cadence=monthly from=IRA to=Brokerage}
  0189 2028-09 grossUp                      -6516.383484 cash  -                      c3 {forAsset=Living overflow=false}
  0190 2028-09 assetGrowth                   3055.604812 cash  growth                 c-
  0191 2028-09 dividend                      1341.283196 cash  qualifiedDividend      c- {qualified=true}
  0192 2028-09 dividend                       574.835655 cash  nonQualifiedDividend   c- {qualified=false}
  0193 2028-09 incomeTaxWithholding         -1939.130805 cash  -                      c2
  0194 2028-10 transfer                     17456.144753 cash  -                      c0 {cadence=monthly from=IRA to=Brokerage}
  0195 2028-10 grossUp                      -6533.217475 cash  -                      c3 {forAsset=Living overflow=false}
  0196 2028-10 assetGrowth                   3102.123212 cash  growth                 c-
  0197 2028-10 dividend                      1361.702835 cash  qualifiedDividend      c- {qualified=true}
  0198 2028-10 dividend                       583.586929 cash  nonQualifiedDividend   c- {qualified=false}
  0199 2028-10 incomeTaxWithholding         -1911.911352 cash  -                      c2
  0200 2028-11 transfer                     17334.194186 cash  -                      c0 {cadence=monthly from=IRA to=Brokerage}
  0201 2028-11 grossUp                      -6550.094953 cash  -                      c3 {forAsset=Living overflow=false}
  0202 2028-11 assetGrowth                   3148.521882 cash  growth                 c-
  0203 2028-11 dividend                      1382.069918 cash  qualifiedDividend      c- {qualified=true}
  0204 2028-11 dividend                       592.315679 cash  nonQualifiedDividend   c- {qualified=false}
  0205 2028-11 incomeTaxWithholding         -1884.894414 cash  -                      c2
  0206 2028-12 transfer                     17213.095579 cash  -                      c0 {cadence=monthly from=IRA to=Brokerage}
  0207 2028-12 grossUp                      -6567.016032 cash  -                      c3 {forAsset=Living overflow=false}
  0208 2028-12 assetGrowth                   3194.802191 cash  growth                 c-
  0209 2028-12 dividend                      1402.385045 cash  qualifiedDividend      c- {qualified=true}
  0210 2028-12 dividend                       601.022162 cash  nonQualifiedDividend   c- {qualified=false}
  0211 2028-12 incomeTaxWithholding         -1858.078607 cash  -                      c2
  0212 2028-12 taxTrueUp                    -2321.413702 cash  -                      c8 {direction=underpayment}
  0213 2028-12 niitAssessed                  -840.130673 cash  -                      c9 {bound=nii magi=260708.798394 nii=22108.701929 taxedBase=22108.701929 threshold=200000}
  0214 2029-01 transfer                     17092.842981 cash  -                      c0 {cadence=monthly from=IRA to=Brokerage}
  0215 2029-01 grossUp                      -6583.980823 cash  -                      c3 {forAsset=Living overflow=false}
  0216 2029-01 assetGrowth                   3230.427019 cash  growth                 c-
  0217 2029-01 dividend                      1418.022860 cash  qualifiedDividend      c- {qualified=true}
  0218 2029-01 dividend                       607.724083 cash  nonQualifiedDividend   c- {qualified=false}
  0219 2029-01 incomeTaxWithholding         -1775.861007 cash  -                      c2
  0220 2029-02 transfer                     16973.430481 cash  -                      c0 {cadence=monthly from=IRA to=Brokerage}
  0221 2029-02 grossUp                      -6600.989440 cash  -                      c3 {forAsset=Living overflow=false}
  0222 2029-02 assetGrowth                   3276.602866 cash  growth                 c-
  0223 2029-02 dividend                      1438.292133 cash  qualifiedDividend      c- {qualified=true}
  0224 2029-02 dividend                       616.410914 cash  nonQualifiedDividend   c- {qualified=false}
  0225 2029-02 incomeTaxWithholding         -1759.370569 cash  -                      c2
  0226 2029-03 transfer                     16854.852210 cash  -                      c0 {cadence=monthly from=IRA to=Brokerage}
  0227 2029-03 grossUp                      -6618.041996 cash  -                      c3 {forAsset=Living overflow=false}
  0228 2029-03 assetGrowth                   3322.632018 cash  growth                 c-
  0229 2029-03 dividend                      1458.497013 cash  qualifiedDividend      c- {qualified=true}
  0230 2029-03 dividend                       625.070148 cash  nonQualifiedDividend   c- {qualified=false}
  0231 2029-03 incomeTaxWithholding         -1743.003276 cash  -                      c2
  0232 2029-04 transfer                     16737.102339 cash  -                      c0 {cadence=monthly from=IRA to=Brokerage}
  0233 2029-04 grossUp                      -6635.138605 cash  -                      c3 {forAsset=Living overflow=false}
  0234 2029-04 assetGrowth                   3368.515883 cash  growth                 c-
  0235 2029-04 dividend                      1478.638118 cash  qualifiedDividend      c- {qualified=true}
  0236 2029-04 dividend                       633.702051 cash  nonQualifiedDividend   c- {qualified=false}
  0237 2029-04 incomeTaxWithholding         -1726.758286 cash  -                      c2
  0238 2029-05 transfer                     16620.175083 cash  -                      c0 {cadence=monthly from=IRA to=Brokerage}
  0239 2029-05 grossUp                      -6652.279379 cash  -                      c3 {forAsset=Living overflow=false}
  0240 2029-05 assetGrowth                   3414.255861 cash  growth                 c-
  0241 2029-05 dividend                      1498.716062 cash  qualifiedDividend      c- {qualified=true}
  0242 2029-05 dividend                       642.306884 cash  nonQualifiedDividend   c- {qualified=false}
  0243 2029-05 incomeTaxWithholding         -1710.634762 cash  -                      c2
  0244 2029-06 transfer                     16504.064693 cash  -                      c0 {cadence=monthly from=IRA to=Brokerage}
  0245 2029-06 grossUp                      -6669.464435 cash  -                      c3 {forAsset=Living overflow=false}
  0246 2029-06 assetGrowth                   3459.853342 cash  growth                 c-
  0247 2029-06 dividend                      1518.731457 cash  qualifiedDividend      c- {qualified=true}
  0248 2029-06 dividend                       650.884910 cash  nonQualifiedDividend   c- {qualified=false}
  0249 2029-06 incomeTaxWithholding         -1694.631872 cash  -                      c2
  0250 2029-07 transfer                     16388.765463 cash  -                      c0 {cadence=monthly from=IRA to=Brokerage}
  0251 2029-07 grossUp                      -6686.693884 cash  -                      c3 {forAsset=Living overflow=false}
  0252 2029-07 assetGrowth                   3505.309707 cash  growth                 c-
  0253 2029-07 dividend                      1538.684907 cash  qualifiedDividend      c- {qualified=true}
  0254 2029-07 dividend                       659.436389 cash  nonQualifiedDividend   c- {qualified=false}
  0255 2029-07 incomeTaxWithholding         -1678.748791 cash  -                      c2
  0256 2029-08 transfer                     16274.271727 cash  -                      c0 {cadence=monthly from=IRA to=Brokerage}
  0257 2029-08 grossUp                      -6703.967843 cash  -                      c3 {forAsset=Living overflow=false}
  0258 2029-08 assetGrowth                   3550.626327 cash  growth                 c-
  0259 2029-08 dividend                      1558.577015 cash  qualifiedDividend      c- {qualified=true}
  0260 2029-08 dividend                       667.961578 cash  nonQualifiedDividend   c- {qualified=false}
  0261 2029-08 incomeTaxWithholding         -1662.984700 cash  -                      c2
  0262 2029-09 transfer                     16160.577856 cash  -                      c0 {cadence=monthly from=IRA to=Brokerage}
  0263 2029-09 grossUp                      -6721.286427 cash  -                      c3 {forAsset=Living overflow=false}
  0264 2029-09 assetGrowth                   3595.804566 cash  growth                 c-
  0265 2029-09 dividend                      1578.408379 cash  qualifiedDividend      c- {qualified=true}
  0266 2029-09 dividend                       676.460734 cash  nonQualifiedDividend   c- {qualified=false}
  0267 2029-09 incomeTaxWithholding         -1647.338784 cash  -                      c2
  0268 2029-10 transfer                     16047.678264 cash  -                      c0 {cadence=monthly from=IRA to=Brokerage}
  0269 2029-10 grossUp                      -6738.649750 cash  -                      c3 {forAsset=Living overflow=false}
  0270 2029-10 assetGrowth                   3640.845778 cash  growth                 c-
  0271 2029-10 dividend                      1598.179594 cash  qualifiedDividend      c- {qualified=true}
  0272 2029-10 dividend                       684.934112 cash  nonQualifiedDividend   c- {qualified=false}
  0273 2029-10 incomeTaxWithholding         -1631.810236 cash  -                      c2
  0274 2029-11 transfer                     15935.567400 cash  -                      c0 {cadence=monthly from=IRA to=Brokerage}
  0275 2029-11 grossUp                      -6756.057929 cash  -                      c3 {forAsset=Living overflow=false}
  0276 2029-11 assetGrowth                   3685.751307 cash  growth                 c-
  0277 2029-11 dividend                      1617.891251 cash  qualifiedDividend      c- {qualified=true}
  0278 2029-11 dividend                       693.381965 cash  nonQualifiedDividend   c- {qualified=false}
  0279 2029-11 incomeTaxWithholding         -1616.398253 cash  -                      c2
  0280 2029-12 transfer                     15824.239756 cash  -                      c0 {cadence=monthly from=IRA to=Brokerage}
  0281 2029-12 grossUp                      -6773.511079 cash  -                      c3 {forAsset=Living overflow=false}
  0282 2029-12 assetGrowth                   3730.522490 cash  growth                 c-
  0283 2029-12 dividend                      1637.543935 cash  qualifiedDividend      c- {qualified=true}
  0284 2029-12 dividend                       701.804543 cash  nonQualifiedDividend   c- {qualified=false}
  0285 2029-12 incomeTaxWithholding         -1601.102038 cash  -                      c2
  0286 2029-12 taxTrueUp                    -2751.027409 cash  -                      c10 {direction=underpayment}
  0287 2029-12 niitAssessed                  -995.609919 cash  -                      c11 {bound=nii magi=245548.670202 nii=26200.261034 taxedBase=26200.261034 threshold=200000}
  0288 2030-01 transfer                     15713.689858 cash  -                      c0 {cadence=monthly from=IRA to=Brokerage}
  0289 2030-01 grossUp                      -6791.009315 cash  -                      c3 {forAsset=Living overflow=false}
  0290 2030-01 assetGrowth                   3762.671864 cash  growth                 c-
  0291 2030-01 dividend                      1651.656170 cash  qualifiedDividend      c- {qualified=true}
  0292 2030-01 dividend                       707.852644 cash  nonQualifiedDividend   c- {qualified=false}
  0293 2030-01 incomeTaxWithholding         -1553.461669 cash  -                      c2
  0294 2030-02 transfer                     15603.912275 cash  -                      c0 {cadence=monthly from=IRA to=Brokerage}
  0295 2030-02 grossUp                      -6808.552756 cash  -                      c3 {forAsset=Living overflow=false}
  0296 2030-02 assetGrowth                   3807.218792 cash  growth                 c-
  0297 2030-02 dividend                      1671.210416 cash  qualifiedDividend      c- {qualified=true}
  0298 2030-02 dividend                       716.233035 cash  nonQualifiedDividend   c- {qualified=false}
  0299 2030-02 incomeTaxWithholding         -1538.396449 cash  -                      c2
  0300 2030-03 transfer                     15494.901610 cash  -                      c0 {cadence=monthly from=IRA to=Brokerage}
  0301 2030-03 grossUp                      -6826.141518 cash  -                      c3 {forAsset=Living overflow=false}
  0302 2030-03 assetGrowth                   3851.635545 cash  growth                 c-
  0303 2030-03 dividend                      1690.707519 cash  qualifiedDividend      c- {qualified=true}
  0304 2030-03 dividend                       724.588937 cash  nonQualifiedDividend   c- {qualified=false}
  0305 2030-03 incomeTaxWithholding         -1523.444651 cash  -                      c2
  0306 2030-04 transfer                     15386.652506 cash  -                      c0 {cadence=monthly from=IRA to=Brokerage}
  0307 2030-04 grossUp                      -6843.775716 cash  -                      c3 {forAsset=Living overflow=false}
  0308 2030-04 assetGrowth                   3895.923425 cash  growth                 c-
  0309 2030-04 dividend                      1710.148054 cash  qualifiedDividend      c- {qualified=true}
  0310 2030-04 dividend                       732.920594 cash  nonQualifiedDividend   c- {qualified=false}
  0311 2030-04 incomeTaxWithholding         -1508.605500 cash  -                      c2
  0312 2030-05 transfer                     15279.159642 cash  -                      c0 {cadence=monthly from=IRA to=Brokerage}
  0313 2030-05 grossUp                      -6861.455470 cash  -                      c3 {forAsset=Living overflow=false}
  0314 2030-05 assetGrowth                   3940.083728 cash  growth                 c-
  0315 2030-05 dividend                      1729.532586 cash  qualifiedDividend      c- {qualified=true}
  0316 2030-05 dividend                       741.228251 cash  nonQualifiedDividend   c- {qualified=false}
  0317 2030-05 incomeTaxWithholding         -1493.878225 cash  -                      c2
  0318 2030-06 transfer                     15172.417735 cash  -                      c0 {cadence=monthly from=IRA to=Brokerage}
  0319 2030-06 grossUp                      -6879.180897 cash  -                      c3 {forAsset=Living overflow=false}
  0320 2030-06 assetGrowth                   3984.117739 cash  growth                 c-
  0321 2030-06 dividend                      1748.861682 cash  qualifiedDividend      c- {qualified=true}
  0322 2030-06 dividend                       749.512150 cash  nonQualifiedDividend   c- {qualified=false}
  0323 2030-06 incomeTaxWithholding         -1479.262064 cash  -                      c2
  0324 2030-07 transfer                     15066.421539 cash  -                      c0 {cadence=monthly from=IRA to=Brokerage}
  0325 2030-07 grossUp                      -6896.952114 cash  -                      c3 {forAsset=Living overflow=false}
  0326 2030-07 assetGrowth                   4028.026735 cash  growth                 c-
  0327 2030-07 dividend                      1768.135902 cash  qualifiedDividend      c- {qualified=true}
  0328 2030-07 dividend                       757.772530 cash  nonQualifiedDividend   c- {qualified=false}
  0329 2030-07 incomeTaxWithholding         -1464.756258 cash  -                      c2
  0330 2030-08 transfer                     14961.165844 cash  -                      c0 {cadence=monthly from=IRA to=Brokerage}
  0331 2030-08 grossUp                      -6914.769241 cash  -                      c3 {forAsset=Living overflow=false}
  0332 2030-08 assetGrowth                   4071.811987 cash  growth                 c-
  0333 2030-08 dividend                      1787.355803 cash  qualifiedDividend      c- {qualified=true}
  0334 2030-08 dividend                       766.009630 cash  nonQualifiedDividend   c- {qualified=false}
  0335 2030-08 incomeTaxWithholding         -1450.360054 cash  -                      c2
  0336 2030-09 transfer                     14856.645477 cash  -                      c0 {cadence=monthly from=IRA to=Brokerage}
  0337 2030-09 grossUp                      -6932.632394 cash  -                      c3 {forAsset=Living overflow=false}
  0338 2030-09 assetGrowth                   4115.474755 cash  growth                 c-
  0339 2030-09 dividend                      1806.521939 cash  qualifiedDividend      c- {qualified=true}
  0340 2030-09 dividend                       774.223688 cash  nonQualifiedDividend   c- {qualified=false}
  0341 2030-09 incomeTaxWithholding         -1436.072704 cash  -                      c2
  0342 2030-10 transfer                     14752.855301 cash  -                      c0 {cadence=monthly from=IRA to=Brokerage}
  0343 2030-10 grossUp                      -6950.541695 cash  -                      c3 {forAsset=Living overflow=false}
  0344 2030-10 assetGrowth                   4159.016292 cash  growth                 c-
  0345 2030-10 dividend                      1825.634860 cash  qualifiedDividend      c- {qualified=true}
  0346 2030-10 dividend                       782.414940 cash  nonQualifiedDividend   c- {qualified=false}
  0347 2030-10 incomeTaxWithholding         -1421.893466 cash  -                      c2
  0348 2030-11 transfer                     14649.790215 cash  -                      c0 {cadence=monthly from=IRA to=Brokerage}
  0349 2030-11 grossUp                      -6968.497261 cash  -                      c3 {forAsset=Living overflow=false}
  0350 2030-11 assetGrowth                   4202.437844 cash  growth                 c-
  0351 2030-11 dividend                      1844.695112 cash  qualifiedDividend      c- {qualified=true}
  0352 2030-11 dividend                       790.583619 cash  nonQualifiedDividend   c- {qualified=false}
  0353 2030-11 incomeTaxWithholding         -1407.821602 cash  -                      c2
  0354 2030-12 transfer                     14547.445152 cash  -                      c0 {cadence=monthly from=IRA to=Brokerage}
  0355 2030-12 grossUp                      -6986.499212 cash  -                      c3 {forAsset=Living overflow=false}
  0356 2030-12 assetGrowth                   4245.740647 cash  growth                 c-
  0357 2030-12 dividend                      1863.703238 cash  qualifiedDividend      c- {qualified=true}
  0358 2030-12 dividend                       798.729959 cash  nonQualifiedDividend   c- {qualified=false}
  0359 2030-12 incomeTaxWithholding         -1393.856381 cash  -                      c2
  0360 2030-12 taxTrueUp                    -3164.724492 cash  -                      c12 {direction=underpayment}
  0361 2030-12 niitAssessed                 -1145.328864 cash  -                      c13 {bound=nii magi=231790.296766 nii=30140.233261 taxedBase=30140.233261 threshold=200000}

[history] Brokerage
  value                        n=  60 first=   424288.760000 last=  1279236.510000 min=   424288.760000 max=  1279236.510000 sum=   52631070.880000 #a44ff758
  growth                       n=  60 first=     1406.670000 last=     4245.740000 min=     1406.670000 max=     4245.740000 sum=     174868.740000 #77103d1f
  qualifiedDividend            n=  60 first=      617.470000 last=     1863.700000 min=      617.470000 max=     1863.700000 sum=      76760.080000 #f11bdac7
  nonQualifiedDividend         n=  60 first=      264.630000 last=      798.730000 min=      264.630000 max=      798.730000 sum=      32897.130000 #33d248cb
  ordinaryIncome               n=  60 first=      264.630000 last=      798.730000 min=      264.630000 max=      798.730000 sum=      32897.130000 #33d248cb
  income                       n=  60 first=      882.100000 last=     2662.430000 min=      882.100000 max=     2662.430000 sum=     109657.300000 #fe9c593d
  estimatedIncomeTax           n=  60 first=        0.000000 last=    -1393.860000 min=    -4304.490000 max=        0.000000 sum=    -122422.240000 #9a3764c8
  niit                         n=  60 first=        0.000000 last=        0.000000 min=     -995.610000 max=        0.000000 sum=      -3021.640000 #9ccae9ee
  incomeTax                    n=  60 first=        0.000000 last=    -1393.860000 min=    -4304.490000 max=        0.000000 sum=    -122422.240000 #9a3764c8
  federalTaxes                 n=  60 first=        0.000000 last=    -1393.860000 min=    -5300.100000 max=        0.000000 sum=    -125443.900000 #127296c6
  taxes                        n=  60 first=        0.000000 last=    -1393.860000 min=    -5300.100000 max=        0.000000 sum=    -125443.900000 #127296c6
  cashFlow                     n=  60 first=      882.100000 last=     1268.580000 min=    -2682.610000 max=     1268.580000 sum=     -12765.010000 #560aad5c
  cashFlowAccumulated          n=  60 first=      882.100000 last=   -12765.010000 min=   -28184.130000 max=     3830.900000 sum=   -1083000.560000 #0f64ee13

[asset] Checking
  instrument = bank
  start = 2026-01  finish = 2030-12
  startCurrency = 40000.000000
  finishCurrency = 0.000000
  startBasis = 40000.000000
  finishBasis = 0.000000
  isClosed = no  isDepleted = yes
  closedDate = -  closedValue = -
  events = 69  reconciled = 69

[events] Checking
  0000 2026-01 grossUp                      -6000.000000 cash  -                      c1 {forAsset=Living overflow=false}
  0001 2026-01 interestIncome                   0.000000 cash  interestIncome         c-
  0002 2026-01 incomeTaxWithholding         -3131.585486 cash  -                      c14
  0003 2026-02 grossUp                      -6015.500000 cash  -                      c1 {forAsset=Living overflow=false}
  0004 2026-02 interestIncome                   0.000000 cash  interestIncome         c-
  0005 2026-02 incomeTaxWithholding         -3094.189730 cash  -                      c14
  0006 2026-03 grossUp                      -6031.040042 cash  -                      c1 {forAsset=Living overflow=false}
  0007 2026-03 interestIncome                   0.000000 cash  interestIncome         c-
  0008 2026-03 incomeTaxWithholding         -3057.087463 cash  -                      c14
  0009 2026-04 grossUp                      -6046.620228 cash  -                      c1 {forAsset=Living overflow=false}
  0010 2026-04 interestIncome                   0.000000 cash  interestIncome         c-
  0011 2026-04 incomeTaxWithholding         -3020.276812 cash  -                      c14
  0012 2026-05 grossUp                      -3603.700239 cash  -                      c1 {forAsset=Living overflow=false}
  0013 2026-05 interestIncome                   0.000000 cash  interestIncome         c-
  0014 2026-06 interestIncome                   0.000000 cash  interestIncome         c-
  0015 2026-07 interestIncome                   0.000000 cash  interestIncome         c-
  0016 2026-08 interestIncome                   0.000000 cash  interestIncome         c-
  0017 2026-09 interestIncome                   0.000000 cash  interestIncome         c-
  0018 2026-10 interestIncome                   0.000000 cash  interestIncome         c-
  0019 2026-11 interestIncome                   0.000000 cash  interestIncome         c-
  0020 2026-12 interestIncome                   0.000000 cash  interestIncome         c-
  0021 2027-01 interestIncome                   0.000000 cash  interestIncome         c-
  0022 2027-02 interestIncome                   0.000000 cash  interestIncome         c-
  0023 2027-03 interestIncome                   0.000000 cash  interestIncome         c-
  0024 2027-04 interestIncome                   0.000000 cash  interestIncome         c-
  0025 2027-05 interestIncome                   0.000000 cash  interestIncome         c-
  0026 2027-06 interestIncome                   0.000000 cash  interestIncome         c-
  0027 2027-07 interestIncome                   0.000000 cash  interestIncome         c-
  0028 2027-08 interestIncome                   0.000000 cash  interestIncome         c-
  0029 2027-09 interestIncome                   0.000000 cash  interestIncome         c-
  0030 2027-10 interestIncome                   0.000000 cash  interestIncome         c-
  0031 2027-11 interestIncome                   0.000000 cash  interestIncome         c-
  0032 2027-12 interestIncome                   0.000000 cash  interestIncome         c-
  0033 2028-01 interestIncome                   0.000000 cash  interestIncome         c-
  0034 2028-02 interestIncome                   0.000000 cash  interestIncome         c-
  0035 2028-03 interestIncome                   0.000000 cash  interestIncome         c-
  0036 2028-04 interestIncome                   0.000000 cash  interestIncome         c-
  0037 2028-05 interestIncome                   0.000000 cash  interestIncome         c-
  0038 2028-06 interestIncome                   0.000000 cash  interestIncome         c-
  0039 2028-07 interestIncome                   0.000000 cash  interestIncome         c-
  0040 2028-08 interestIncome                   0.000000 cash  interestIncome         c-
  0041 2028-09 interestIncome                   0.000000 cash  interestIncome         c-
  0042 2028-10 interestIncome                   0.000000 cash  interestIncome         c-
  0043 2028-11 interestIncome                   0.000000 cash  interestIncome         c-
  0044 2028-12 interestIncome                   0.000000 cash  interestIncome         c-
  0045 2029-01 interestIncome                   0.000000 cash  interestIncome         c-
  0046 2029-02 interestIncome                   0.000000 cash  interestIncome         c-
  0047 2029-03 interestIncome                   0.000000 cash  interestIncome         c-
  0048 2029-04 interestIncome                   0.000000 cash  interestIncome         c-
  0049 2029-05 interestIncome                   0.000000 cash  interestIncome         c-
  0050 2029-06 interestIncome                   0.000000 cash  interestIncome         c-
  0051 2029-07 interestIncome                   0.000000 cash  interestIncome         c-
  0052 2029-08 interestIncome                   0.000000 cash  interestIncome         c-
  0053 2029-09 interestIncome                   0.000000 cash  interestIncome         c-
  0054 2029-10 interestIncome                   0.000000 cash  interestIncome         c-
  0055 2029-11 interestIncome                   0.000000 cash  interestIncome         c-
  0056 2029-12 interestIncome                   0.000000 cash  interestIncome         c-
  0057 2030-01 interestIncome                   0.000000 cash  interestIncome         c-
  0058 2030-02 interestIncome                   0.000000 cash  interestIncome         c-
  0059 2030-03 interestIncome                   0.000000 cash  interestIncome         c-
  0060 2030-04 interestIncome                   0.000000 cash  interestIncome         c-
  0061 2030-05 interestIncome                   0.000000 cash  interestIncome         c-
  0062 2030-06 interestIncome                   0.000000 cash  interestIncome         c-
  0063 2030-07 interestIncome                   0.000000 cash  interestIncome         c-
  0064 2030-08 interestIncome                   0.000000 cash  interestIncome         c-
  0065 2030-09 interestIncome                   0.000000 cash  interestIncome         c-
  0066 2030-10 interestIncome                   0.000000 cash  interestIncome         c-
  0067 2030-11 interestIncome                   0.000000 cash  interestIncome         c-
  0068 2030-12 interestIncome                   0.000000 cash  interestIncome         c-

[history] Checking
  value                        n=  60 first=    30868.410000 last=        0.000000 min=        0.000000 max=    30868.410000 sum=      68901.430000 #988d9cae
  estimatedIncomeTax           n=  60 first=    -3131.590000 last=        0.000000 min=    -3131.590000 max=        0.000000 sum=     -12303.150000 #df91803a
  incomeTax                    n=  60 first=    -3131.590000 last=        0.000000 min=    -3131.590000 max=        0.000000 sum=     -12303.150000 #df91803a
  federalTaxes                 n=  60 first=    -3131.590000 last=        0.000000 min=    -3131.590000 max=        0.000000 sum=     -12303.150000 #df91803a
  taxes                        n=  60 first=    -3131.590000 last=        0.000000 min=    -3131.590000 max=        0.000000 sum=     -12303.150000 #df91803a
  cashFlow                     n=  60 first=    -3131.590000 last=        0.000000 min=    -3131.590000 max=        0.000000 sum=     -12303.150000 #df91803a
  cashFlowAccumulated          n=  60 first=    -3131.590000 last=   -12303.140000 min=   -12303.140000 max=    -3131.590000 sum=    -719919.210000 #d7755f3c

[asset] IRA
  instrument = ira
  start = 2026-01  finish = 2030-12
  startCurrency = 2200000.000000
  finishCurrency = 1444581.508416
  startBasis = 0.000000
  finishBasis = 0.000000
  isClosed = no  isDepleted = no
  closedDate = -  closedValue = -
  events = 180  reconciled = 180

[events] IRA
  0000 2026-01 transfer                    -22000.000000 cash  -                      c0 {cadence=monthly from=IRA to=Brokerage}
  0001 2026-01 assetGrowth                   9075.000000 cash  growth                 c-
  0002 2026-01 incomeTaxWithholding         -2444.444444 cash  -                      c15 {rate=0.100000 source=distribution}
  0003 2026-02 transfer                    -21846.305556 cash  -                      c0 {cadence=monthly from=IRA to=Brokerage}
  0004 2026-02 assetGrowth                   9011.601042 cash  growth                 c-
  0005 2026-02 incomeTaxWithholding         -2427.367284 cash  -                      c15 {rate=0.100000 source=distribution}
  0006 2026-03 transfer                    -21693.684838 cash  -                      c0 {cadence=monthly from=IRA to=Brokerage}
  0007 2026-03 assetGrowth                   8948.644996 cash  growth                 c-
  0008 2026-03 incomeTaxWithholding         -2410.409426 cash  -                      c15 {rate=0.100000 source=distribution}
  0009 2026-04 transfer                    -21542.130345 cash  -                      c0 {cadence=monthly from=IRA to=Brokerage}
  0010 2026-04 assetGrowth                   8886.128767 cash  growth                 c-
  0011 2026-04 incomeTaxWithholding         -2393.570038 cash  -                      c15 {rate=0.100000 source=distribution}
  0012 2026-05 transfer                    -21391.634629 cash  -                      c0 {cadence=monthly from=IRA to=Brokerage}
  0013 2026-05 assetGrowth                   8824.049284 cash  growth                 c-
  0014 2026-05 incomeTaxWithholding         -2376.848292 cash  -                      c15 {rate=0.100000 source=distribution}
  0015 2026-06 transfer                    -21242.190292 cash  -                      c0 {cadence=monthly from=IRA to=Brokerage}
  0016 2026-06 assetGrowth                   8762.403496 cash  growth                 c-
  0017 2026-06 incomeTaxWithholding         -2360.243366 cash  -                      c15 {rate=0.100000 source=distribution}
  0018 2026-07 transfer                    -21093.789991 cash  -                      c0 {cadence=monthly from=IRA to=Brokerage}
  0019 2026-07 assetGrowth                   8701.188371 cash  growth                 c-
  0020 2026-07 incomeTaxWithholding         -2343.754443 cash  -                      c15 {rate=0.100000 source=distribution}
  0021 2026-08 transfer                    -20946.426430 cash  -                      c0 {cadence=monthly from=IRA to=Brokerage}
  0022 2026-08 assetGrowth                   8640.400902 cash  growth                 c-
  0023 2026-08 incomeTaxWithholding         -2327.380714 cash  -                      c15 {rate=0.100000 source=distribution}
  0024 2026-09 transfer                    -20800.092368 cash  -                      c0 {cadence=monthly from=IRA to=Brokerage}
  0025 2026-09 assetGrowth                   8580.038102 cash  growth                 c-
  0026 2026-09 incomeTaxWithholding         -2311.121374 cash  -                      c15 {rate=0.100000 source=distribution}
  0027 2026-10 transfer                    -20654.780611 cash  -                      c0 {cadence=monthly from=IRA to=Brokerage}
  0028 2026-10 assetGrowth                   8520.097002 cash  growth                 c-
  0029 2026-10 incomeTaxWithholding         -2294.975623 cash  -                      c15 {rate=0.100000 source=distribution}
  0030 2026-11 transfer                    -20510.484019 cash  -                      c0 {cadence=monthly from=IRA to=Brokerage}
  0031 2026-11 assetGrowth                   8460.574658 cash  growth                 c-
  0032 2026-11 incomeTaxWithholding         -2278.942669 cash  -                      c15 {rate=0.100000 source=distribution}
  0033 2026-12 transfer                    -20367.195499 cash  -                      c0 {cadence=monthly from=IRA to=Brokerage}
  0034 2026-12 assetGrowth                   8401.468143 cash  growth                 c-
  0035 2026-12 incomeTaxWithholding         -2263.021722 cash  -                      c15 {rate=0.100000 source=distribution}
  0036 2027-01 transfer                    -20224.908008 cash  -                      c0 {cadence=monthly from=IRA to=Brokerage}
  0037 2027-01 assetGrowth                   8342.774553 cash  growth                 c-
  0038 2027-01 incomeTaxWithholding         -2247.212001 cash  -                      c15 {rate=0.100000 source=distribution}
  0039 2027-02 transfer                    -20083.614553 cash  -                      c0 {cadence=monthly from=IRA to=Brokerage}
  0040 2027-02 assetGrowth                   8284.491003 cash  growth                 c-
  0041 2027-02 incomeTaxWithholding         -2231.512728 cash  -                      c15 {rate=0.100000 source=distribution}
  0042 2027-03 transfer                    -19943.308191 cash  -                      c0 {cadence=monthly from=IRA to=Brokerage}
  0043 2027-03 assetGrowth                   8226.614629 cash  growth                 c-
  0044 2027-03 incomeTaxWithholding         -2215.923132 cash  -                      c15 {rate=0.100000 source=distribution}
  0045 2027-04 transfer                    -19803.982024 cash  -                      c0 {cadence=monthly from=IRA to=Brokerage}
  0046 2027-04 assetGrowth                   8169.142585 cash  growth                 c-
  0047 2027-04 incomeTaxWithholding         -2200.442447 cash  -                      c15 {rate=0.100000 source=distribution}
  0048 2027-05 transfer                    -19665.629205 cash  -                      c0 {cadence=monthly from=IRA to=Brokerage}
  0049 2027-05 assetGrowth                   8112.072047 cash  growth                 c-
  0050 2027-05 incomeTaxWithholding         -2185.069912 cash  -                      c15 {rate=0.100000 source=distribution}
  0051 2027-06 transfer                    -19528.242934 cash  -                      c0 {cadence=monthly from=IRA to=Brokerage}
  0052 2027-06 assetGrowth                   8055.400210 cash  growth                 c-
  0053 2027-06 incomeTaxWithholding         -2169.804770 cash  -                      c15 {rate=0.100000 source=distribution}
  0054 2027-07 transfer                    -19391.816459 cash  -                      c0 {cadence=monthly from=IRA to=Brokerage}
  0055 2027-07 assetGrowth                   7999.124289 cash  growth                 c-
  0056 2027-07 incomeTaxWithholding         -2154.646273 cash  -                      c15 {rate=0.100000 source=distribution}
  0057 2027-08 transfer                    -19256.343075 cash  -                      c0 {cadence=monthly from=IRA to=Brokerage}
  0058 2027-08 assetGrowth                   7943.241518 cash  growth                 c-
  0059 2027-08 incomeTaxWithholding         -2139.593675 cash  -                      c15 {rate=0.100000 source=distribution}
  0060 2027-09 transfer                    -19121.816122 cash  -                      c0 {cadence=monthly from=IRA to=Brokerage}
  0061 2027-09 assetGrowth                   7887.749150 cash  growth                 c-
  0062 2027-09 incomeTaxWithholding         -2124.646236 cash  -                      c15 {rate=0.100000 source=distribution}
  0063 2027-10 transfer                    -18988.228990 cash  -                      c0 {cadence=monthly from=IRA to=Brokerage}
  0064 2027-10 assetGrowth                   7832.644458 cash  growth                 c-
  0065 2027-10 incomeTaxWithholding         -2109.803221 cash  -                      c15 {rate=0.100000 source=distribution}
  0066 2027-11 transfer                    -18855.575113 cash  -                      c0 {cadence=monthly from=IRA to=Brokerage}
  0067 2027-11 assetGrowth                   7777.924734 cash  growth                 c-
  0068 2027-11 incomeTaxWithholding         -2095.063901 cash  -                      c15 {rate=0.100000 source=distribution}
  0069 2027-12 transfer                    -18723.847970 cash  -                      c0 {cadence=monthly from=IRA to=Brokerage}
  0070 2027-12 assetGrowth                   7723.587288 cash  growth                 c-
  0071 2027-12 incomeTaxWithholding         -2080.427552 cash  -                      c15 {rate=0.100000 source=distribution}
  0072 2028-01 transfer                    -18593.041088 cash  -                      c0 {cadence=monthly from=IRA to=Brokerage}
  0073 2028-01 assetGrowth                   7669.629449 cash  growth                 c-
  0074 2028-01 incomeTaxWithholding         -2065.893454 cash  -                      c15 {rate=0.100000 source=distribution}
  0075 2028-02 transfer                    -18463.148037 cash  -                      c0 {cadence=monthly from=IRA to=Brokerage}
  0076 2028-02 assetGrowth                   7616.048565 cash  growth                 c-
  0077 2028-02 incomeTaxWithholding         -2051.460893 cash  -                      c15 {rate=0.100000 source=distribution}
  0078 2028-03 transfer                    -18334.162433 cash  -                      c0 {cadence=monthly from=IRA to=Brokerage}
  0079 2028-03 assetGrowth                   7562.842004 cash  growth                 c-
  0080 2028-03 incomeTaxWithholding         -2037.129159 cash  -                      c15 {rate=0.100000 source=distribution}
  0081 2028-04 transfer                    -18206.077937 cash  -                      c0 {cadence=monthly from=IRA to=Brokerage}
  0082 2028-04 assetGrowth                   7510.007149 cash  growth                 c-
  0083 2028-04 incomeTaxWithholding         -2022.897549 cash  -                      c15 {rate=0.100000 source=distribution}
  0084 2028-05 transfer                    -18078.888254 cash  -                      c0 {cadence=monthly from=IRA to=Brokerage}
  0085 2028-05 assetGrowth                   7457.541405 cash  growth                 c-
  0086 2028-05 incomeTaxWithholding         -2008.765362 cash  -                      c15 {rate=0.100000 source=distribution}
  0087 2028-06 transfer                    -17952.587132 cash  -                      c0 {cadence=monthly from=IRA to=Brokerage}
  0088 2028-06 assetGrowth                   7405.442192 cash  growth                 c-
  0089 2028-06 incomeTaxWithholding         -1994.731904 cash  -                      c15 {rate=0.100000 source=distribution}
  0090 2028-07 transfer                    -17827.168363 cash  -                      c0 {cadence=monthly from=IRA to=Brokerage}
  0091 2028-07 assetGrowth                   7353.706950 cash  growth                 c-
  0092 2028-07 incomeTaxWithholding         -1980.796485 cash  -                      c15 {rate=0.100000 source=distribution}
  0093 2028-08 transfer                    -17702.625784 cash  -                      c0 {cadence=monthly from=IRA to=Brokerage}
  0094 2028-08 assetGrowth                   7302.333136 cash  growth                 c-
  0095 2028-08 incomeTaxWithholding         -1966.958420 cash  -                      c15 {rate=0.100000 source=distribution}
  0096 2028-09 transfer                    -17578.953274 cash  -                      c0 {cadence=monthly from=IRA to=Brokerage}
  0097 2028-09 assetGrowth                   7251.318225 cash  growth                 c-
  0098 2028-09 incomeTaxWithholding         -1953.217030 cash  -                      c15 {rate=0.100000 source=distribution}
  0099 2028-10 transfer                    -17456.144753 cash  -                      c0 {cadence=monthly from=IRA to=Brokerage}
  0100 2028-10 assetGrowth                   7200.659711 cash  growth                 c-
  0101 2028-10 incomeTaxWithholding         -1939.571639 cash  -                      c15 {rate=0.100000 source=distribution}
  0102 2028-11 transfer                    -17334.194186 cash  -                      c0 {cadence=monthly from=IRA to=Brokerage}
  0103 2028-11 assetGrowth                   7150.355102 cash  growth                 c-
  0104 2028-11 incomeTaxWithholding         -1926.021576 cash  -                      c15 {rate=0.100000 source=distribution}
  0105 2028-12 transfer                    -17213.095579 cash  -                      c0 {cadence=monthly from=IRA to=Brokerage}
  0106 2028-12 assetGrowth                   7100.401926 cash  growth                 c-
  0107 2028-12 incomeTaxWithholding         -1912.566175 cash  -                      c15 {rate=0.100000 source=distribution}
  0108 2029-01 transfer                    -17092.842981 cash  -                      c0 {cadence=monthly from=IRA to=Brokerage}
  0109 2029-01 assetGrowth                   7050.797730 cash  growth                 c-
  0110 2029-01 incomeTaxWithholding         -1899.204776 cash  -                      c15 {rate=0.100000 source=distribution}
  0111 2029-02 transfer                    -16973.430481 cash  -                      c0 {cadence=monthly from=IRA to=Brokerage}
  0112 2029-02 assetGrowth                   7001.540073 cash  growth                 c-
  0113 2029-02 incomeTaxWithholding         -1885.936720 cash  -                      c15 {rate=0.100000 source=distribution}
  0114 2029-03 transfer                    -16854.852210 cash  -                      c0 {cadence=monthly from=IRA to=Brokerage}
  0115 2029-03 assetGrowth                   6952.626536 cash  growth                 c-
  0116 2029-03 incomeTaxWithholding         -1872.761357 cash  -                      c15 {rate=0.100000 source=distribution}
  0117 2029-04 transfer                    -16737.102339 cash  -                      c0 {cadence=monthly from=IRA to=Brokerage}
  0118 2029-04 assetGrowth                   6904.054715 cash  growth                 c-
  0119 2029-04 incomeTaxWithholding         -1859.678038 cash  -                      c15 {rate=0.100000 source=distribution}
  0120 2029-05 transfer                    -16620.175083 cash  -                      c0 {cadence=monthly from=IRA to=Brokerage}
  0121 2029-05 assetGrowth                   6855.822222 cash  growth                 c-
  0122 2029-05 incomeTaxWithholding         -1846.686120 cash  -                      c15 {rate=0.100000 source=distribution}
  0123 2029-06 transfer                    -16504.064693 cash  -                      c0 {cadence=monthly from=IRA to=Brokerage}
  0124 2029-06 assetGrowth                   6807.926686 cash  growth                 c-
  0125 2029-06 incomeTaxWithholding         -1833.784966 cash  -                      c15 {rate=0.100000 source=distribution}
  0126 2029-07 transfer                    -16388.765463 cash  -                      c0 {cadence=monthly from=IRA to=Brokerage}
  0127 2029-07 assetGrowth                   6760.365754 cash  growth                 c-
  0128 2029-07 incomeTaxWithholding         -1820.973940 cash  -                      c15 {rate=0.100000 source=distribution}
  0129 2029-08 transfer                    -16274.271727 cash  -                      c0 {cadence=monthly from=IRA to=Brokerage}
  0130 2029-08 assetGrowth                   6713.137087 cash  growth                 c-
  0131 2029-08 incomeTaxWithholding         -1808.252414 cash  -                      c15 {rate=0.100000 source=distribution}
  0132 2029-09 transfer                    -16160.577856 cash  -                      c0 {cadence=monthly from=IRA to=Brokerage}
  0133 2029-09 assetGrowth                   6666.238366 cash  growth                 c-
  0134 2029-09 incomeTaxWithholding         -1795.619762 cash  -                      c15 {rate=0.100000 source=distribution}
  0135 2029-10 transfer                    -16047.678264 cash  -                      c0 {cadence=monthly from=IRA to=Brokerage}
  0136 2029-10 assetGrowth                   6619.667284 cash  growth                 c-
  0137 2029-10 incomeTaxWithholding         -1783.075363 cash  -                      c15 {rate=0.100000 source=distribution}
  0138 2029-11 transfer                    -15935.567400 cash  -                      c0 {cadence=monthly from=IRA to=Brokerage}
  0139 2029-11 assetGrowth                   6573.421553 cash  growth                 c-
  0140 2029-11 incomeTaxWithholding         -1770.618600 cash  -                      c15 {rate=0.100000 source=distribution}
  0141 2029-12 transfer                    -15824.239756 cash  -                      c0 {cadence=monthly from=IRA to=Brokerage}
  0142 2029-12 assetGrowth                   6527.498899 cash  growth                 c-
  0143 2029-12 incomeTaxWithholding         -1758.248862 cash  -                      c15 {rate=0.100000 source=distribution}
  0144 2030-01 transfer                    -15713.689858 cash  -                      c0 {cadence=monthly from=IRA to=Brokerage}
  0145 2030-01 assetGrowth                   6481.897067 cash  growth                 c-
  0146 2030-01 incomeTaxWithholding         -1745.965540 cash  -                      c15 {rate=0.100000 source=distribution}
  0147 2030-02 transfer                    -15603.912275 cash  -                      c0 {cadence=monthly from=IRA to=Brokerage}
  0148 2030-02 assetGrowth                   6436.613813 cash  growth                 c-
  0149 2030-02 incomeTaxWithholding         -1733.768031 cash  -                      c15 {rate=0.100000 source=distribution}
  0150 2030-03 transfer                    -15494.901610 cash  -                      c0 {cadence=monthly from=IRA to=Brokerage}
  0151 2030-03 assetGrowth                   6391.646914 cash  growth                 c-
  0152 2030-03 incomeTaxWithholding         -1721.655734 cash  -                      c15 {rate=0.100000 source=distribution}
  0153 2030-04 transfer                    -15386.652506 cash  -                      c0 {cadence=monthly from=IRA to=Brokerage}
  0154 2030-04 assetGrowth                   6346.994159 cash  growth                 c-
  0155 2030-04 incomeTaxWithholding         -1709.628056 cash  -                      c15 {rate=0.100000 source=distribution}
  0156 2030-05 transfer                    -15279.159642 cash  -                      c0 {cadence=monthly from=IRA to=Brokerage}
  0157 2030-05 assetGrowth                   6302.653352 cash  growth                 c-
  0158 2030-05 incomeTaxWithholding         -1697.684405 cash  -                      c15 {rate=0.100000 source=distribution}
  0159 2030-06 transfer                    -15172.417735 cash  -                      c0 {cadence=monthly from=IRA to=Brokerage}
  0160 2030-06 assetGrowth                   6258.622316 cash  growth                 c-
  0161 2030-06 incomeTaxWithholding         -1685.824193 cash  -                      c15 {rate=0.100000 source=distribution}
  0162 2030-07 transfer                    -15066.421539 cash  -                      c0 {cadence=monthly from=IRA to=Brokerage}
  0163 2030-07 assetGrowth                   6214.898885 cash  growth                 c-
  0164 2030-07 incomeTaxWithholding         -1674.046838 cash  -                      c15 {rate=0.100000 source=distribution}
  0165 2030-08 transfer                    -14961.165844 cash  -                      c0 {cadence=monthly from=IRA to=Brokerage}
  0166 2030-08 assetGrowth                   6171.480911 cash  growth                 c-
  0167 2030-08 incomeTaxWithholding         -1662.351760 cash  -                      c15 {rate=0.100000 source=distribution}
  0168 2030-09 transfer                    -14856.645477 cash  -                      c0 {cadence=monthly from=IRA to=Brokerage}
  0169 2030-09 assetGrowth                   6128.366259 cash  growth                 c-
  0170 2030-09 incomeTaxWithholding         -1650.738386 cash  -                      c15 {rate=0.100000 source=distribution}
  0171 2030-10 transfer                    -14752.855301 cash  -                      c0 {cadence=monthly from=IRA to=Brokerage}
  0172 2030-10 assetGrowth                   6085.552812 cash  growth                 c-
  0173 2030-10 incomeTaxWithholding         -1639.206145 cash  -                      c15 {rate=0.100000 source=distribution}
  0174 2030-11 transfer                    -14649.790215 cash  -                      c0 {cadence=monthly from=IRA to=Brokerage}
  0175 2030-11 assetGrowth                   6043.038464 cash  growth                 c-
  0176 2030-11 incomeTaxWithholding         -1627.754468 cash  -                      c15 {rate=0.100000 source=distribution}
  0177 2030-12 transfer                    -14547.445152 cash  -                      c0 {cadence=monthly from=IRA to=Brokerage}
  0178 2030-12 assetGrowth                   6000.821125 cash  growth                 c-
  0179 2030-12 incomeTaxWithholding         -1616.382795 cash  -                      c15 {rate=0.100000 source=distribution}

[history] IRA
  value                        n=  60 first=  2184630.560000 last=  1444581.510000 min=  1444581.510000 max=  2184630.560000 sum=  107376055.470000 #398079e4
  growth                       n=  60 first=     9075.000000 last=     6000.820000 min=     6000.820000 max=     9075.000000 sum=     446042.310000 #9317f8a4
  ordinaryIncome               n=  60 first=    24444.440000 last=    16163.830000 min=    16163.830000 max=    24444.440000 sum=    1201460.800000 #88e34e25
  income                       n=  60 first=    24444.440000 last=    16163.830000 min=    16163.830000 max=    24444.440000 sum=    1201460.800000 #88e34e25
  withheldIncomeTax            n=  60 first=    -2444.440000 last=    -1616.380000 min=    -2444.440000 max=    -1616.380000 sum=    -120146.070000 #95d60740
  incomeTax                    n=  60 first=    -2444.440000 last=    -1616.380000 min=    -2444.440000 max=    -1616.380000 sum=    -120146.070000 #95d60740
  federalTaxes                 n=  60 first=    -2444.440000 last=    -1616.380000 min=    -2444.440000 max=    -1616.380000 sum=    -120146.070000 #95d60740
  taxes                        n=  60 first=    -2444.440000 last=    -1616.380000 min=    -2444.440000 max=    -1616.380000 sum=    -120146.070000 #95d60740
  rmd                          n=  60 first=        0.000000 last=     5115.130000 min=        0.000000 max=     5375.110000 sum=     125882.880000 #96ef204d
  taxableDistribution          n=  60 first=    24444.440000 last=    16163.830000 min=    16163.830000 max=    24444.440000 sum=    1201460.800000 #88e34e25
  tradIRADistribution          n=  60 first=    24444.440000 last=    16163.830000 min=    16163.830000 max=    24444.440000 sum=    1201460.800000 #88e34e25

[asset] Living
  instrument = monthlyExpense
  start = 2026-01  finish = 2030-12
  startCurrency = -6000.000000
  finishCurrency = -7004.547668
  startBasis = 0.000000
  finishBasis = 0.000000
  isClosed = no  isDepleted = no
  closedDate = -  closedValue = -
  events = 60  reconciled = 60

[events] Living
  0000 2026-01 expenseInflation               -15.500000 cash  -                      c-
  0001 2026-02 expenseInflation               -15.540042 cash  -                      c-
  0002 2026-03 expenseInflation               -15.580187 cash  -                      c-
  0003 2026-04 expenseInflation               -15.620436 cash  -                      c-
  0004 2026-05 expenseInflation               -15.660788 cash  -                      c-
  0005 2026-06 expenseInflation               -15.701245 cash  -                      c-
  0006 2026-07 expenseInflation               -15.741807 cash  -                      c-
  0007 2026-08 expenseInflation               -15.782473 cash  -                      c-
  0008 2026-09 expenseInflation               -15.823245 cash  -                      c-
  0009 2026-10 expenseInflation               -15.864121 cash  -                      c-
  0010 2026-11 expenseInflation               -15.905104 cash  -                      c-
  0011 2026-12 expenseInflation               -15.946192 cash  -                      c-
  0012 2027-01 expenseInflation               -15.987386 cash  -                      c-
  0013 2027-02 expenseInflation               -16.028687 cash  -                      c-
  0014 2027-03 expenseInflation               -16.070094 cash  -                      c-
  0015 2027-04 expenseInflation               -16.111609 cash  -                      c-
  0016 2027-05 expenseInflation               -16.153230 cash  -                      c-
  0017 2027-06 expenseInflation               -16.194960 cash  -                      c-
  0018 2027-07 expenseInflation               -16.236797 cash  -                      c-
  0019 2027-08 expenseInflation               -16.278742 cash  -                      c-
  0020 2027-09 expenseInflation               -16.320795 cash  -                      c-
  0021 2027-10 expenseInflation               -16.362957 cash  -                      c-
  0022 2027-11 expenseInflation               -16.405228 cash  -                      c-
  0023 2027-12 expenseInflation               -16.447608 cash  -                      c-
  0024 2028-01 expenseInflation               -16.490098 cash  -                      c-
  0025 2028-02 expenseInflation               -16.532697 cash  -                      c-
  0026 2028-03 expenseInflation               -16.575407 cash  -                      c-
  0027 2028-04 expenseInflation               -16.618227 cash  -                      c-
  0028 2028-05 expenseInflation               -16.661157 cash  -                      c-
  0029 2028-06 expenseInflation               -16.704198 cash  -                      c-
  0030 2028-07 expenseInflation               -16.747351 cash  -                      c-
  0031 2028-08 expenseInflation               -16.790615 cash  -                      c-
  0032 2028-09 expenseInflation               -16.833991 cash  -                      c-
  0033 2028-10 expenseInflation               -16.877478 cash  -                      c-
  0034 2028-11 expenseInflation               -16.921079 cash  -                      c-
  0035 2028-12 expenseInflation               -16.964791 cash  -                      c-
  0036 2029-01 expenseInflation               -17.008617 cash  -                      c-
  0037 2029-02 expenseInflation               -17.052556 cash  -                      c-
  0038 2029-03 expenseInflation               -17.096608 cash  -                      c-
  0039 2029-04 expenseInflation               -17.140775 cash  -                      c-
  0040 2029-05 expenseInflation               -17.185055 cash  -                      c-
  0041 2029-06 expenseInflation               -17.229450 cash  -                      c-
  0042 2029-07 expenseInflation               -17.273959 cash  -                      c-
  0043 2029-08 expenseInflation               -17.318584 cash  -                      c-
  0044 2029-09 expenseInflation               -17.363323 cash  -                      c-
  0045 2029-10 expenseInflation               -17.408179 cash  -                      c-
  0046 2029-11 expenseInflation               -17.453150 cash  -                      c-
  0047 2029-12 expenseInflation               -17.498237 cash  -                      c-
  0048 2030-01 expenseInflation               -17.543441 cash  -                      c-
  0049 2030-02 expenseInflation               -17.588761 cash  -                      c-
  0050 2030-03 expenseInflation               -17.634199 cash  -                      c-
  0051 2030-04 expenseInflation               -17.679754 cash  -                      c-
  0052 2030-05 expenseInflation               -17.725427 cash  -                      c-
  0053 2030-06 expenseInflation               -17.771217 cash  -                      c-
  0054 2030-07 expenseInflation               -17.817126 cash  -                      c-
  0055 2030-08 expenseInflation               -17.863154 cash  -                      c-
  0056 2030-09 expenseInflation               -17.909300 cash  -                      c-
  0057 2030-10 expenseInflation               -17.955566 cash  -                      c-
  0058 2030-11 expenseInflation               -18.001951 cash  -                      c-
  0059 2030-12 expenseInflation               -18.048456 cash  -                      c-

[history] Living
  value                        n=  60 first=    -6015.500000 last=    -7004.550000 min=    -7004.550000 max=    -6015.500000 sum=    -389861.700000 #cbd267f4
  expense                      n=  60 first=    -6000.000000 last=    -6986.500000 min=    -6986.500000 max=    -6000.000000 sum=    -388857.150000 #58322bab
  cashFlow                     n=  60 first=    -6000.000000 last=    -6986.500000 min=    -6986.500000 max=    -6000.000000 sum=    -388857.150000 #58322bab
  cashFlowAccumulated          n=  60 first=    -6000.000000 last=  -388857.160000 min=  -388857.160000 max=    -6000.000000 sum=  -11559371.450000 #6b1cb668
  livingExpense                n=  60 first=    -6000.000000 last=    -6986.500000 min=    -6986.500000 max=    -6000.000000 sum=    -388857.150000 #58322bab

[packages]
  0000 assetAppreciation=10481.666667 expense=-6000.000000 incomeTax=-5576.029931 tradIRADistribution=24444.444444 nonQualifiedDividends=264.629167 qualifiedDividends=617.468056 value=2633772.233958
  0001 assetAppreciation=10498.717940 expense=-6015.500000 incomeTax=-5521.557014 tradIRADistribution=24273.672840 nonQualifiedDividends=279.763866 qualifiedDividends=652.782355 value=2633650.901064
  0002 assetAppreciation=10516.139720 expense=-6031.040042 incomeTax=-5467.496890 tradIRADistribution=24104.094264 nonQualifiedDividends=294.884945 qualifiedDividends=688.064872 value=2633635.873483
  0003 assetAppreciation=10533.932075 expense=-6046.620228 incomeTax=-5413.846850 tradIRADistribution=23935.700383 nonQualifiedDividends=309.992997 qualifiedDividends=723.316994 value=2633727.028035
  0004 assetAppreciation=10543.899950 expense=-6062.240664 incomeTax=-5360.064606 tradIRADistribution=23768.482921 nonQualifiedDividends=323.546907 qualifiedDividends=754.942782 value=2633911.451615
  0005 assetAppreciation=10532.185538 expense=-6077.901452 incomeTax=-5305.235033 tradIRADistribution=23602.433658 nonQualifiedDividends=332.940247 qualifiedDividends=776.860576 value=2634154.600244
  0006 assetAppreciation=10520.753008 expense=-6093.602698 incomeTax=-5250.801678 tradIRADistribution=23437.544434 nonQualifiedDividends=342.305597 qualifiedDividends=798.713061 value=2634456.225728
  0007 assetAppreciation=10509.600933 expense=-6109.344505 incomeTax=-5196.761807 tradIRADistribution=23273.807145 nonQualifiedDividends=351.643256 qualifiedDividends=820.500930 value=2634816.082062
  0008 assetAppreciation=10498.727894 expense=-6125.126978 incomeTax=-5143.112707 tradIRADistribution=23111.213742 nonQualifiedDividends=360.953517 qualifiedDividends=842.224873 value=2635233.925416
  0009 assetAppreciation=10488.132485 expense=-6140.950223 incomeTax=-5089.851685 tradIRADistribution=22949.756235 nonQualifiedDividends=370.236675 qualifiedDividends=863.885576 value=2635709.514122
  0010 assetAppreciation=10477.813312 expense=-6156.814344 incomeTax=-5036.976065 tradIRADistribution=22789.426688 nonQualifiedDividends=379.493022 qualifiedDividends=885.483718 value=2636242.608661
  0011 assetAppreciation=10467.768991 expense=-6172.719448 incomeTax=-4984.483190 tradIRADistribution=22630.217221 nonQualifiedDividends=388.722847 qualifiedDividends=907.019976 value=2636832.971645
  0012 assetAppreciation=10451.644003 expense=-6188.665640 incomeTax=-4852.567677 tradIRADistribution=22472.120009 nonQualifiedDividends=396.731065 qualifiedDividends=925.705819 niit=-506.554319 value=2635643.587945
  0013 assetAppreciation=10442.376827 expense=-6204.653026 incomeTax=-4805.280790 tradIRADistribution=22315.127281 nonQualifiedDividends=405.952271 qualifiedDividends=947.221965 value=2636413.176505
  0014 assetAppreciation=10433.366847 expense=-6220.681713 incomeTax=-4758.335840 tradIRADistribution=22159.231323 nonQualifiedDividends=415.145261 qualifiedDividends=968.672276 value=2637235.273242
  0015 assetAppreciation=10424.612761 expense=-6236.751807 incomeTax=-4711.730469 tradIRADistribution=22004.424471 nonQualifiedDividends=424.310327 qualifiedDividends=990.057429 value=2638109.659874
  0016 assetAppreciation=10416.113276 expense=-6252.863416 incomeTax=-4665.462333 tradIRADistribution=21850.699116 nonQualifiedDividends=433.447756 qualifiedDividends=1011.378098 value=2639036.120024
  0017 assetAppreciation=10407.867109 expense=-6269.016647 incomeTax=-4619.529106 tradIRADistribution=21698.047705 nonQualifiedDividends=442.557835 qualifiedDividends=1032.634949 value=2640014.439205
  0018 assetAppreciation=10399.872989 expense=-6285.211606 incomeTax=-4573.928479 tradIRADistribution=21546.462732 nonQualifiedDividends=451.640849 qualifiedDividends=1053.828648 value=2641044.404808
  0019 assetAppreciation=10392.129653 expense=-6301.448403 incomeTax=-4528.658159 tradIRADistribution=21395.936750 nonQualifiedDividends=460.697080 qualifiedDividends=1074.959854 value=2642125.806091
  0020 assetAppreciation=10384.635850 expense=-6317.727145 incomeTax=-4483.715867 tradIRADistribution=21246.462358 nonQualifiedDividends=469.726810 qualifiedDividends=1096.029224 value=2643258.434169
  0021 assetAppreciation=10377.390339 expense=-6334.047940 incomeTax=-4439.099343 tradIRADistribution=21098.032211 nonQualifiedDividends=478.730319 qualifiedDividends=1117.037410 value=2644442.081997
  0022 assetAppreciation=10370.391887 expense=-6350.410897 incomeTax=-4394.806340 tradIRADistribution=20950.639014 nonQualifiedDividends=487.707883 qualifiedDividends=1137.985061 value=2645676.544362
  0023 assetAppreciation=10363.639272 expense=-6366.816125 incomeTax=-4350.834630 tradIRADistribution=20804.275522 nonQualifiedDividends=496.659780 qualifiedDividends=1158.872819 value=2646961.617869
  0024 assetAppreciation=10348.609583 expense=-6383.263734 incomeTax=-4230.239586 tradIRADistribution=20658.934542 nonQualifiedDividends=503.983138 qualifiedDividends=1175.960655 niit=-679.352250 value=2645803.668045
  0025 assetAppreciation=10342.555273 expense=-6399.753832 incomeTax=-4186.916490 tradIRADistribution=20514.608930 nonQualifiedDividends=512.924074 qualifiedDividends=1196.822840 value=2647252.767214
  0026 assetAppreciation=10336.744291 expense=-6416.286529 incomeTax=-4143.908156 tradIRADistribution=20371.291592 nonQualifiedDividends=521.840368 qualifiedDividends=1217.627525 value=2648752.209306
  0027 assetAppreciation=10331.175461 expense=-6432.861936 incomeTax=-4101.212416 tradIRADistribution=20228.975486 nonQualifiedDividends=530.732289 qualifiedDividends=1238.375340 value=2650301.799817
  0028 assetAppreciation=10325.847614 expense=-6449.480163 incomeTax=-4058.827119 tradIRADistribution=20087.653615 nonQualifiedDividends=539.600106 qualifiedDividends=1259.066913 value=2651901.346010
  0029 assetAppreciation=10320.759592 expense=-6466.141320 incomeTax=-4016.750127 tradIRADistribution=19947.319035 nonQualifiedDividends=548.444086 qualifiedDividends=1279.702867 value=2653550.656910
  0030 assetAppreciation=10315.910246 expense=-6482.845518 incomeTax=-3974.979318 tradIRADistribution=19807.964848 nonQualifiedDividends=557.264495 qualifiedDividends=1300.283822 value=2655249.543286
  0031 assetAppreciation=10311.298438 expense=-6499.592869 incomeTax=-3933.512585 tradIRADistribution=19669.584205 nonQualifiedDividends=566.061597 qualifiedDividends=1320.810394 value=2656997.817646
  0032 assetAppreciation=10306.923037 expense=-6516.383484 incomeTax=-3892.347836 tradIRADistribution=19532.170304 nonQualifiedDividends=574.835655 qualifiedDividends=1341.283196 value=2658795.294224
  0033 assetAppreciation=10302.782923 expense=-6533.217475 incomeTax=-3851.482991 tradIRADistribution=19395.716392 nonQualifiedDividends=583.586929 qualifiedDividends=1361.702835 value=2660641.788967
  0034 assetAppreciation=10298.876984 expense=-6550.094953 incomeTax=-3810.915990 tradIRADistribution=19260.215762 nonQualifiedDividends=592.315679 qualifiedDividends=1382.069918 value=2662537.119526
  0035 assetAppreciation=10295.204117 expense=-6567.016032 incomeTax=-3770.644782 tradIRADistribution=19125.661755 nonQualifiedDividends=601.022162 qualifiedDividends=1402.385045 value=2664481.105244
  0036 assetAppreciation=10281.224749 expense=-6583.980823 incomeTax=-3675.065783 tradIRADistribution=18992.047757 nonQualifiedDividends=607.724083 qualifiedDividends=1418.022860 niit=-840.130673 value=2663350.477338
  0037 assetAppreciation=10278.142939 expense=-6600.989440 incomeTax=-3645.307289 tradIRADistribution=18859.367201 nonQualifiedDividends=616.410914 qualifiedDividends=1438.292133 value=2665419.974039
  0038 assetAppreciation=10275.258554 expense=-6618.041996 incomeTax=-3615.764633 tradIRADistribution=18727.613566 nonQualifiedDividends=625.070148 qualifiedDividends=1458.497013 value=2667527.896516
  0039 assetAppreciation=10272.570598 expense=-6635.138605 incomeTax=-3586.436324 tradIRADistribution=18596.780377 nonQualifiedDividends=633.702051 qualifiedDividends=1478.638118 value=2669674.091579
  0040 assetAppreciation=10270.078083 expense=-6652.279379 incomeTax=-3557.320882 tradIRADistribution=18466.861203 nonQualifiedDividends=642.306884 qualifiedDividends=1498.716062 value=2671858.407292
  0041 assetAppreciation=10267.780028 expense=-6669.464435 incomeTax=-3528.416838 tradIRADistribution=18337.849659 nonQualifiedDividends=650.884910 qualifiedDividends=1518.731457 value=2674080.692965
  0042 assetAppreciation=10265.675461 expense=-6686.693884 incomeTax=-3499.722731 tradIRADistribution=18209.739403 nonQualifiedDividends=659.436389 qualifiedDividends=1538.684907 value=2676340.799146
  0043 assetAppreciation=10263.763415 expense=-6703.967843 incomeTax=-3471.237114 tradIRADistribution=18082.524141 nonQualifiedDividends=667.961578 qualifiedDividends=1558.577015 value=2678638.577612
  0044 assetAppreciation=10262.042932 expense=-6721.286427 incomeTax=-3442.958546 tradIRADistribution=17956.197618 nonQualifiedDividends=676.460734 qualifiedDividends=1578.408379 value=2680973.881361
  0045 assetAppreciation=10260.513061 expense=-6738.649750 incomeTax=-3414.885599 tradIRADistribution=17830.753626 nonQualifiedDividends=684.934112 qualifiedDividends=1598.179594 value=2683346.564601
  0046 assetAppreciation=10259.172859 expense=-6756.057929 incomeTax=-3387.016853 tradIRADistribution=17706.186000 nonQualifiedDividends=693.381965 qualifiedDividends=1617.891251 value=2685756.482744
  0047 assetAppreciation=10258.021389 expense=-6773.511079 incomeTax=-3359.350900 tradIRADistribution=17582.488617 nonQualifiedDividends=701.804543 qualifiedDividends=1637.543935 value=2688203.492396
  0048 assetAppreciation=10244.568930 expense=-6791.009315 incomeTax=-3299.427208 tradIRADistribution=17459.655398 nonQualifiedDividends=707.852644 qualifiedDividends=1651.656170 niit=-995.609919 value=2686952.952848
  0049 assetAppreciation=10243.832606 expense=-6808.552756 incomeTax=-3272.164480 tradIRADistribution=17337.680306 nonQualifiedDividends=716.233035 qualifiedDividends=1671.210416 value=2689485.922907
  0050 assetAppreciation=10243.282459 expense=-6826.141518 incomeTax=-3245.100386 tradIRADistribution=17216.557345 nonQualifiedDividends=724.588937 qualifiedDividends=1690.707519 value=2692055.625720
  0051 assetAppreciation=10242.917584 expense=-6843.775716 incomeTax=-3218.233556 tradIRADistribution=17096.280562 nonQualifiedDividends=732.920594 qualifiedDividends=1710.148054 value=2694661.922926
  0052 assetAppreciation=10242.737080 expense=-6861.455470 incomeTax=-3191.562630 tradIRADistribution=16976.844047 nonQualifiedDividends=741.228251 qualifiedDividends=1729.532586 value=2697304.677318
  0053 assetAppreciation=10242.740054 expense=-6879.180897 incomeTax=-3165.086257 tradIRADistribution=16858.241928 nonQualifiedDividends=749.512150 qualifiedDividends=1748.861682 value=2699983.752833
  0054 assetAppreciation=10242.925620 expense=-6896.952114 incomeTax=-3138.803096 tradIRADistribution=16740.468376 nonQualifiedDividends=757.772530 qualifiedDividends=1768.135902 value=2702699.014548
  0055 assetAppreciation=10243.292897 expense=-6914.769241 incomeTax=-3112.711814 tradIRADistribution=16623.517604 nonQualifiedDividends=766.009630 qualifiedDividends=1787.355803 value=2705450.328670
  0056 assetAppreciation=10243.841014 expense=-6932.632394 incomeTax=-3086.811091 tradIRADistribution=16507.383863 nonQualifiedDividends=774.223688 qualifiedDividends=1806.521939 value=2708237.562526
  0057 assetAppreciation=10244.569104 expense=-6950.541695 incomeTax=-3061.099611 tradIRADistribution=16392.061445 nonQualifiedDividends=782.414940 qualifiedDividends=1825.634860 value=2711060.584558
  0058 assetAppreciation=10245.476308 expense=-6968.497261 incomeTax=-3035.576071 tradIRADistribution=16277.544683 nonQualifiedDividends=790.583619 qualifiedDividends=1844.695112 value=2713919.264315
  0059 assetAppreciation=10246.561773 expense=-6986.499212 incomeTax=-3010.239176 tradIRADistribution=16163.827947 nonQualifiedDividends=798.729959 qualifiedDividends=1863.703238 value=2716813.472441

[priceIndex]
  [0000]         1.002583         1.005173         1.007770         1.010373         1.012984         1.015600
  [0006]         1.018224         1.020854         1.023492         1.026136         1.028787         1.031444
  [0012]         1.034109         1.036780         1.039459         1.042144         1.044836         1.047535
  [0018]         1.050241         1.052955         1.055675         1.058402         1.061136         1.063877
  [0024]         1.066626         1.069381         1.072144         1.074913         1.077690         1.080474
  [0030]         1.083265         1.086064         1.088870         1.091682         1.094503         1.097330
  [0036]         1.100165         1.103007         1.105856         1.108713         1.111577         1.114449
  [0042]         1.117328         1.120214         1.123108         1.126010         1.128919         1.131835
  [0048]         1.134759         1.137690         1.140629         1.143576         1.146530         1.149492
  [0054]         1.152462         1.155439         1.158424         1.161416         1.164417         1.167425

[sanity]
  (no findings)

[traces]
  scopes = 1645
  unattributedEvents = 0
  1x 2027 annual pass
  1x 2027 tax true-up
  1x 2028 annual pass
  1x 2028 tax true-up
  1x 2029 annual pass
  1x 2029 tax true-up
  1x 2030 annual pass
  1x 2030 tax true-up
  1x 2031 annual pass
  1x 2031 tax true-up
  7x April 2026
  7x April 2027
  7x April 2028
  7x April 2029
  7x April 2030
  7x August 2026
  7x August 2027
  7x August 2028
  7x August 2029
  7x August 2030
  7x December 2026
  7x December 2027
  7x December 2028
  7x December 2029
  7x December 2030
  7x February 2026
  7x February 2027
  7x February 2028
  7x February 2029
  7x February 2030
  60x Federal withholding: IRA
  7x January 2026
  7x January 2027
  7x January 2028
  7x January 2029
  7x January 2030
  7x July 2026
  7x July 2027
  7x July 2028
  7x July 2029
  7x July 2030
  7x June 2026
  7x June 2027
  7x June 2028
  7x June 2029
  7x June 2030
  7x March 2026
  7x March 2027
  7x March 2028
  7x March 2029
  7x March 2030
  7x May 2026
  7x May 2027
  7x May 2028
  7x May 2029
  7x May 2030
  5x Net investment income tax
  7x November 2026
  7x November 2027
  7x November 2028
  7x November 2029
  7x November 2030
  7x October 2026
  7x October 2027
  7x October 2028
  7x October 2029
  7x October 2030
  60x Pay Brokerage
  60x Pay Checking
  60x Pay IRA
  60x Pay Living
  60x Payroll: Brokerage
  60x Payroll: Checking
  60x Payroll: IRA
  60x Payroll: Living
  60x Required distribution from Brokerage
  60x Required distribution from Checking
  60x Required distribution from IRA
  60x Required distribution from Living
  7x September 2026
  7x September 2027
  7x September 2028
  7x September 2029
  7x September 2030
  121x Settle from Brokerage
  9x Settle from Checking
  60x Transfer IRA → Brokerage
  60x Withholding: Brokerage
  60x Withholding: Checking
  60x Withholding: IRA
  60x Withholding: Living

[traceLegend]
  c0 = Transfer IRA → Brokerage
  c1 = Pay Living > Settle from Checking
  c2 = Settle from Brokerage
  c3 = Pay Living > Settle from Brokerage
  c4 = 2027 annual pass > 2027 tax true-up > Settle from Brokerage
  c5 = 2027 annual pass > Net investment income tax > Settle from Brokerage
  c6 = 2028 annual pass > 2028 tax true-up > Settle from Brokerage
  c7 = 2028 annual pass > Net investment income tax > Settle from Brokerage
  c8 = 2029 annual pass > 2029 tax true-up > Settle from Brokerage
  c9 = 2029 annual pass > Net investment income tax > Settle from Brokerage
  c10 = 2030 annual pass > 2030 tax true-up > Settle from Brokerage
  c11 = 2030 annual pass > Net investment income tax > Settle from Brokerage
  c12 = 2031 annual pass > 2031 tax true-up > Settle from Brokerage
  c13 = 2031 annual pass > Net investment income tax > Settle from Brokerage
  c14 = Settle from Checking
  c15 = Federal withholding: IRA

