# fixture: settlement-spills  (adversarial)
#
# a one-sided settlement whose funding account clamps at $0 and re-sources
# from the next backstop — SPILLOVER tagged with the ONE_SIDED origin. The
# quick-start profiles never spill from a settlement, which is why tagging
# that path wrongly was invisible for months.

[config]
  allocateHouseholdTax = false
  backtestYear = current
  filingAs = Single
  inflationRate = 0.031
  pensionWithholdingRate = 0.1
  propertyTaxDeductionMax = 40000
  simDataMode = calibrated
  socialSecurityWithholdingRate = 0
  userFinishAge = 87
  userRetirementAge = 65
  userStartAge = 50
  homeSaleExclusion = 250000
  retirementWithholdingRate = 0.1

[totals]
  months = 180
  firstDate = 2026-01
  lastDate = 2030-12
  startValue = 1503000.000000
  finishValue = 1739346.932648
  accumulated = -143295.413026
  total.assetAppreciation = 378772.890118
  total.propertyTaxes = -48555.177011
  total.longTermCapitalGains = 59409.287405
  total.maintenance = -64740.236015
  total.insurance = -30000.000000
  total.value = 97219304.346130

[assetOrder]
  0 Checking
  1 Brokerage
  2 Home

[asset] Brokerage
  instrument = taxableEquity
  start = 2026-01  finish = 2030-12
  startCurrency = 900000.000000
  finishCurrency = 1043782.488068
  startBasis = 600000.000000
  finishBasis = 519983.329935
  isClosed = no  isDepleted = no
  closedDate = -  closedValue = -
  events = 412  reconciled = 412

[events] Brokerage
  0000 2026-01 assetGrowth                   4380.795509 cash  growth                 c-
  0001 2026-02 assetGrowth                   4402.119252 cash  growth                 c-
  0002 2026-02 spillover                     -259.254594 cash  -                      c0 {cause=settlement depleted=Checking origin=oneSided}
  0003 2026-02 capitalGainRecognized           88.088572 info  longTermCapitalGain    c0 {spillover=true}
  0004 2026-02 settlement                    -500.000000 cash  -                      c1 {from=Home label=insurance to=Brokerage}
  0005 2026-02 capitalGainRecognized          169.888160 info  longTermCapitalGain    c1 {spillover=false}
  0006 2026-03 settlement                    -753.703967 cash  -                      c2 {from=Home label=property tax to=Brokerage}
  0007 2026-03 capitalGainRecognized          256.090760 info  longTermCapitalGain    c2 {spillover=false}
  0008 2026-03 assetGrowth                   4416.182388 cash  growth                 c-
  0009 2026-03 settlement                   -1007.417072 cash  -                      c3 {from=Home label=maintenance to=Brokerage}
  0010 2026-03 capitalGainRecognized          345.518291 info  longTermCapitalGain    c3 {spillover=false}
  0011 2026-03 settlement                    -500.000000 cash  -                      c1 {from=Home label=insurance to=Brokerage}
  0012 2026-03 capitalGainRecognized          171.487213 info  longTermCapitalGain    c1 {spillover=false}
  0013 2026-04 settlement                    -755.562804 cash  -                      c2 {from=Home label=property tax to=Brokerage}
  0014 2026-04 capitalGainRecognized          259.138719 info  longTermCapitalGain    c2 {spillover=false}
  0015 2026-04 assetGrowth                   4426.663210 cash  growth                 c-
  0016 2026-04 settlement                   -1009.901634 cash  -                      c3 {from=Home label=maintenance to=Brokerage}
  0017 2026-04 capitalGainRecognized          349.584560 info  longTermCapitalGain    c3 {spillover=false}
  0018 2026-04 settlement                    -500.000000 cash  -                      c1 {from=Home label=insurance to=Brokerage}
  0019 2026-04 capitalGainRecognized          173.078520 info  longTermCapitalGain    c1 {spillover=false}
  0020 2026-05 settlement                    -757.426226 cash  -                      c2 {from=Home label=property tax to=Brokerage}
  0021 2026-05 capitalGainRecognized          262.188420 info  longTermCapitalGain    c2 {spillover=false}
  0022 2026-05 assetGrowth                   4437.173884 cash  growth                 c-
  0023 2026-05 settlement                   -1012.392324 cash  -                      c3 {from=Home label=maintenance to=Brokerage}
  0024 2026-05 capitalGainRecognized          353.653175 info  longTermCapitalGain    c3 {spillover=false}
  0025 2026-05 settlement                    -500.000000 cash  -                      c1 {from=Home label=insurance to=Brokerage}
  0026 2026-05 capitalGainRecognized          174.662118 info  longTermCapitalGain    c1 {spillover=false}
  0027 2026-06 settlement                    -759.294243 cash  -                      c2 {from=Home label=property tax to=Brokerage}
  0028 2026-06 capitalGainRecognized          265.239882 info  longTermCapitalGain    c2 {spillover=false}
  0029 2026-06 assetGrowth                   4447.714503 cash  growth                 c-
  0030 2026-06 settlement                   -1014.889157 cash  -                      c3 {from=Home label=maintenance to=Brokerage}
  0031 2026-06 capitalGainRecognized          357.724163 info  longTermCapitalGain    c3 {spillover=false}
  0032 2026-06 settlement                    -500.000000 cash  -                      c1 {from=Home label=insurance to=Brokerage}
  0033 2026-06 capitalGainRecognized          176.238046 info  longTermCapitalGain    c1 {spillover=false}
  0034 2026-07 settlement                    -761.166867 cash  -                      c2 {from=Home label=property tax to=Brokerage}
  0035 2026-07 capitalGainRecognized          268.293123 info  longTermCapitalGain    c2 {spillover=false}
  0036 2026-07 assetGrowth                   4458.285161 cash  growth                 c-
  0037 2026-07 settlement                   -1017.392147 cash  -                      c3 {from=Home label=maintenance to=Brokerage}
  0038 2026-07 capitalGainRecognized          361.797548 info  longTermCapitalGain    c3 {spillover=false}
  0039 2026-07 settlement                    -500.000000 cash  -                      c1 {from=Home label=insurance to=Brokerage}
  0040 2026-07 capitalGainRecognized          177.806340 info  longTermCapitalGain    c1 {spillover=false}
  0041 2026-08 settlement                    -763.044110 cash  -                      c2 {from=Home label=property tax to=Brokerage}
  0042 2026-08 capitalGainRecognized          271.348161 info  longTermCapitalGain    c2 {spillover=false}
  0043 2026-08 assetGrowth                   4468.885950 cash  growth                 c-
  0044 2026-08 settlement                   -1019.901310 cash  -                      c3 {from=Home label=maintenance to=Brokerage}
  0045 2026-08 capitalGainRecognized          365.873352 info  longTermCapitalGain    c3 {spillover=false}
  0046 2026-08 settlement                    -500.000000 cash  -                      c1 {from=Home label=insurance to=Brokerage}
  0047 2026-08 capitalGainRecognized          179.367037 info  longTermCapitalGain    c1 {spillover=false}
  0048 2026-09 settlement                    -764.925983 cash  -                      c2 {from=Home label=property tax to=Brokerage}
  0049 2026-09 capitalGainRecognized          274.405014 info  longTermCapitalGain    c2 {spillover=false}
  0050 2026-09 assetGrowth                   4479.516966 cash  growth                 c-
  0051 2026-09 settlement                   -1022.416662 cash  -                      c3 {from=Home label=maintenance to=Brokerage}
  0052 2026-09 capitalGainRecognized          369.951601 info  longTermCapitalGain    c3 {spillover=false}
  0053 2026-09 settlement                    -500.000000 cash  -                      c1 {from=Home label=insurance to=Brokerage}
  0054 2026-09 capitalGainRecognized          180.920174 info  longTermCapitalGain    c1 {spillover=false}
  0055 2026-10 settlement                    -766.812497 cash  -                      c2 {from=Home label=property tax to=Brokerage}
  0056 2026-10 capitalGainRecognized          277.463701 info  longTermCapitalGain    c2 {spillover=false}
  0057 2026-10 assetGrowth                   4490.178303 cash  growth                 c-
  0058 2026-10 settlement                   -1024.938218 cash  -                      c3 {from=Home label=maintenance to=Brokerage}
  0059 2026-10 capitalGainRecognized          374.032319 info  longTermCapitalGain    c3 {spillover=false}
  0060 2026-10 settlement                    -500.000000 cash  -                      c1 {from=Home label=insurance to=Brokerage}
  0061 2026-10 capitalGainRecognized          182.465788 info  longTermCapitalGain    c1 {spillover=false}
  0062 2026-11 settlement                    -768.703663 cash  -                      c2 {from=Home label=property tax to=Brokerage}
  0063 2026-11 capitalGainRecognized          280.524239 info  longTermCapitalGain    c2 {spillover=false}
  0064 2026-11 assetGrowth                   4500.870055 cash  growth                 c-
  0065 2026-11 settlement                   -1027.465992 cash  -                      c3 {from=Home label=maintenance to=Brokerage}
  0066 2026-11 capitalGainRecognized          378.115530 info  longTermCapitalGain    c3 {spillover=false}
  0067 2026-11 settlement                    -500.000000 cash  -                      c1 {from=Home label=insurance to=Brokerage}
  0068 2026-11 capitalGainRecognized          184.003915 info  longTermCapitalGain    c1 {spillover=false}
  0069 2026-12 settlement                    -770.599494 cash  -                      c2 {from=Home label=property tax to=Brokerage}
  0070 2026-12 capitalGainRecognized          283.586647 info  longTermCapitalGain    c2 {spillover=false}
  0071 2026-12 assetGrowth                   4511.592318 cash  growth                 c-
  0072 2026-12 settlement                   -1030.000000 cash  -                      c3 {from=Home label=maintenance to=Brokerage}
  0073 2026-12 capitalGainRecognized          382.201258 info  longTermCapitalGain    c3 {spillover=false}
  0074 2026-12 settlement                    -500.000000 cash  -                      c1 {from=Home label=insurance to=Brokerage}
  0075 2026-12 capitalGainRecognized          185.534591 info  longTermCapitalGain    c1 {spillover=false}
  0076 2027-01 settlement                    -772.500000 cash  -                      c2 {from=Home label=property tax to=Brokerage}
  0077 2027-01 capitalGainRecognized          286.650943 info  longTermCapitalGain    c2 {spillover=false}
  0078 2027-01 assetGrowth                   4522.345186 cash  growth                 c-
  0079 2027-01 settlement                   -1032.540258 cash  -                      c3 {from=Home label=maintenance to=Brokerage}
  0080 2027-01 capitalGainRecognized          386.289527 info  longTermCapitalGain    c3 {spillover=false}
  0081 2027-01 settlement                    -500.000000 cash  -                      c1 {from=Home label=insurance to=Brokerage}
  0082 2027-01 capitalGainRecognized          187.057853 info  longTermCapitalGain    c1 {spillover=false}
  0083 2027-02 settlement                    -774.405193 cash  -                      c2 {from=Home label=property tax to=Brokerage}
  0084 2027-02 capitalGainRecognized          289.717146 info  longTermCapitalGain    c2 {spillover=false}
  0085 2027-02 assetGrowth                   4533.128757 cash  growth                 c-
  0086 2027-02 settlement                   -1035.086781 cash  -                      c3 {from=Home label=maintenance to=Brokerage}
  0087 2027-02 capitalGainRecognized          390.380363 info  longTermCapitalGain    c3 {spillover=false}
  0088 2027-02 settlement                    -500.000000 cash  -                      c1 {from=Home label=insurance to=Brokerage}
  0089 2027-02 capitalGainRecognized          188.573736 info  longTermCapitalGain    c1 {spillover=false}
  0090 2027-03 settlement                    -776.315086 cash  -                      c2 {from=Home label=property tax to=Brokerage}
  0091 2027-03 capitalGainRecognized          292.785272 info  longTermCapitalGain    c2 {spillover=false}
  0092 2027-03 assetGrowth                   4543.943125 cash  growth                 c-
  0093 2027-03 settlement                   -1037.639584 cash  -                      c3 {from=Home label=maintenance to=Brokerage}
  0094 2027-03 capitalGainRecognized          394.473788 info  longTermCapitalGain    c3 {spillover=false}
  0095 2027-03 settlement                    -500.000000 cash  -                      c1 {from=Home label=insurance to=Brokerage}
  0096 2027-03 capitalGainRecognized          190.082276 info  longTermCapitalGain    c1 {spillover=false}
  0097 2027-04 settlement                    -778.229688 cash  -                      c2 {from=Home label=property tax to=Brokerage}
  0098 2027-04 capitalGainRecognized          295.855341 info  longTermCapitalGain    c2 {spillover=false}
  0099 2027-04 assetGrowth                   4554.788387 cash  growth                 c-
  0100 2027-04 settlement                   -1040.198683 cash  -                      c3 {from=Home label=maintenance to=Brokerage}
  0101 2027-04 capitalGainRecognized          398.569828 info  longTermCapitalGain    c3 {spillover=false}
  0102 2027-04 settlement                    -500.000000 cash  -                      c1 {from=Home label=insurance to=Brokerage}
  0103 2027-04 capitalGainRecognized          191.583509 info  longTermCapitalGain    c1 {spillover=false}
  0104 2027-05 settlement                    -780.149012 cash  -                      c2 {from=Home label=property tax to=Brokerage}
  0105 2027-05 capitalGainRecognized          298.927371 info  longTermCapitalGain    c2 {spillover=false}
  0106 2027-05 assetGrowth                   4565.664640 cash  growth                 c-
  0107 2027-05 settlement                   -1042.764094 cash  -                      c3 {from=Home label=maintenance to=Brokerage}
  0108 2027-05 capitalGainRecognized          402.668506 info  longTermCapitalGain    c3 {spillover=false}
  0109 2027-05 settlement                    -500.000000 cash  -                      c1 {from=Home label=insurance to=Brokerage}
  0110 2027-05 capitalGainRecognized          193.077470 info  longTermCapitalGain    c1 {spillover=false}
  0111 2027-06 settlement                    -782.073070 cash  -                      c2 {from=Home label=property tax to=Brokerage}
  0112 2027-06 capitalGainRecognized          302.001380 info  longTermCapitalGain    c2 {spillover=false}
  0113 2027-06 assetGrowth                   4576.571981 cash  growth                 c-
  0114 2027-06 settlement                   -1045.335831 cash  -                      c3 {from=Home label=maintenance to=Brokerage}
  0115 2027-06 capitalGainRecognized          406.769847 info  longTermCapitalGain    c3 {spillover=false}
  0116 2027-06 settlement                    -500.000000 cash  -                      c1 {from=Home label=insurance to=Brokerage}
  0117 2027-06 capitalGainRecognized          194.564194 info  longTermCapitalGain    c1 {spillover=false}
  0118 2027-07 settlement                    -784.001873 cash  -                      c2 {from=Home label=property tax to=Brokerage}
  0119 2027-07 capitalGainRecognized          305.077386 info  longTermCapitalGain    c2 {spillover=false}
  0120 2027-07 assetGrowth                   4587.510507 cash  growth                 c-
  0121 2027-07 settlement                   -1047.913911 cash  -                      c3 {from=Home label=maintenance to=Brokerage}
  0122 2027-07 capitalGainRecognized          410.873876 info  longTermCapitalGain    c3 {spillover=false}
  0123 2027-07 settlement                    -500.000000 cash  -                      c1 {from=Home label=insurance to=Brokerage}
  0124 2027-07 capitalGainRecognized          196.043717 info  longTermCapitalGain    c1 {spillover=false}
  0125 2027-08 settlement                    -785.935434 cash  -                      c2 {from=Home label=property tax to=Brokerage}
  0126 2027-08 capitalGainRecognized          308.155407 info  longTermCapitalGain    c2 {spillover=false}
  0127 2027-08 assetGrowth                   4598.480317 cash  growth                 c-
  0128 2027-08 settlement                   -1050.498350 cash  -                      c3 {from=Home label=maintenance to=Brokerage}
  0129 2027-08 capitalGainRecognized          414.980617 info  longTermCapitalGain    c3 {spillover=false}
  0130 2027-08 settlement                    -500.000000 cash  -                      c1 {from=Home label=insurance to=Brokerage}
  0131 2027-08 capitalGainRecognized          197.516073 info  longTermCapitalGain    c1 {spillover=false}
  0132 2027-09 settlement                    -787.873762 cash  -                      c2 {from=Home label=property tax to=Brokerage}
  0133 2027-09 capitalGainRecognized          311.235463 info  longTermCapitalGain    c2 {spillover=false}
  0134 2027-09 assetGrowth                   4609.481508 cash  growth                 c-
  0135 2027-09 settlement                   -1053.089162 cash  -                      c3 {from=Home label=maintenance to=Brokerage}
  0136 2027-09 capitalGainRecognized          419.090093 info  longTermCapitalGain    c3 {spillover=false}
  0137 2027-09 settlement                    -500.000000 cash  -                      c1 {from=Home label=insurance to=Brokerage}
  0138 2027-09 capitalGainRecognized          198.981296 info  longTermCapitalGain    c1 {spillover=false}
  0139 2027-10 settlement                    -789.816872 cash  -                      c2 {from=Home label=property tax to=Brokerage}
  0140 2027-10 capitalGainRecognized          314.317570 info  longTermCapitalGain    c2 {spillover=false}
  0141 2027-10 assetGrowth                   4620.514179 cash  growth                 c-
  0142 2027-10 settlement                   -1055.686364 cash  -                      c3 {from=Home label=maintenance to=Brokerage}
  0143 2027-10 capitalGainRecognized          423.202331 info  longTermCapitalGain    c3 {spillover=false}
  0144 2027-10 settlement                    -500.000000 cash  -                      c1 {from=Home label=insurance to=Brokerage}
  0145 2027-10 capitalGainRecognized          200.439423 info  longTermCapitalGain    c1 {spillover=false}
  0146 2027-11 settlement                    -791.764773 cash  -                      c2 {from=Home label=property tax to=Brokerage}
  0147 2027-11 capitalGainRecognized          317.401748 info  longTermCapitalGain    c2 {spillover=false}
  0148 2027-11 assetGrowth                   4631.578428 cash  growth                 c-
  0149 2027-11 settlement                   -1058.289971 cash  -                      c3 {from=Home label=maintenance to=Brokerage}
  0150 2027-11 capitalGainRecognized          427.317353 info  longTermCapitalGain    c3 {spillover=false}
  0151 2027-11 settlement                    -500.000000 cash  -                      c1 {from=Home label=insurance to=Brokerage}
  0152 2027-11 capitalGainRecognized          201.890486 info  longTermCapitalGain    c1 {spillover=false}
  0153 2027-12 settlement                    -793.717479 cash  -                      c2 {from=Home label=property tax to=Brokerage}
  0154 2027-12 capitalGainRecognized          320.488015 info  longTermCapitalGain    c2 {spillover=false}
  0155 2027-12 assetGrowth                   4642.674355 cash  growth                 c-
  0156 2027-12 settlement                   -1060.900000 cash  -                      c3 {from=Home label=maintenance to=Brokerage}
  0157 2027-12 capitalGainRecognized          431.435185 info  longTermCapitalGain    c3 {spillover=false}
  0158 2027-12 settlement                    -500.000000 cash  -                      c1 {from=Home label=insurance to=Brokerage}
  0159 2027-12 capitalGainRecognized          203.334520 info  longTermCapitalGain    c1 {spillover=false}
  0160 2028-01 settlement                    -795.675000 cash  -                      c2 {from=Home label=property tax to=Brokerage}
  0161 2028-01 capitalGainRecognized          323.576388 info  longTermCapitalGain    c2 {spillover=false}
  0162 2028-01 assetGrowth                   4653.802059 cash  growth                 c-
  0163 2028-01 settlement                   -1063.516466 cash  -                      c3 {from=Home label=maintenance to=Brokerage}
  0164 2028-01 capitalGainRecognized          435.555850 info  longTermCapitalGain    c3 {spillover=false}
  0165 2028-01 settlement                    -500.000000 cash  -                      c1 {from=Home label=insurance to=Brokerage}
  0166 2028-01 capitalGainRecognized          204.771559 info  longTermCapitalGain    c1 {spillover=false}
  0167 2028-02 settlement                    -797.637349 cash  -                      c2 {from=Home label=property tax to=Brokerage}
  0168 2028-02 capitalGainRecognized          326.666888 info  longTermCapitalGain    c2 {spillover=false}
  0169 2028-02 assetGrowth                   4664.961640 cash  growth                 c-
  0170 2028-02 settlement                   -1066.139384 cash  -                      c3 {from=Home label=maintenance to=Brokerage}
  0171 2028-02 capitalGainRecognized          439.679374 info  longTermCapitalGain    c3 {spillover=false}
  0172 2028-02 settlement                    -500.000000 cash  -                      c1 {from=Home label=insurance to=Brokerage}
  0173 2028-02 capitalGainRecognized          206.201638 info  longTermCapitalGain    c1 {spillover=false}
  0174 2028-03 settlement                    -799.604538 cash  -                      c2 {from=Home label=property tax to=Brokerage}
  0175 2028-03 capitalGainRecognized          329.759531 info  longTermCapitalGain    c2 {spillover=false}
  0176 2028-03 assetGrowth                   4676.153199 cash  growth                 c-
  0177 2028-03 settlement                   -1068.768771 cash  -                      c3 {from=Home label=maintenance to=Brokerage}
  0178 2028-03 capitalGainRecognized          443.805781 info  longTermCapitalGain    c3 {spillover=false}
  0179 2028-03 settlement                    -500.000000 cash  -                      c1 {from=Home label=insurance to=Brokerage}
  0180 2028-03 capitalGainRecognized          207.624789 info  longTermCapitalGain    c1 {spillover=false}
  0181 2028-04 settlement                    -801.576579 cash  -                      c2 {from=Home label=property tax to=Brokerage}
  0182 2028-04 capitalGainRecognized          332.854336 info  longTermCapitalGain    c2 {spillover=false}
  0183 2028-04 assetGrowth                   4687.376835 cash  growth                 c-
  0184 2028-04 settlement                   -1071.404644 cash  -                      c3 {from=Home label=maintenance to=Brokerage}
  0185 2028-04 capitalGainRecognized          447.935095 info  longTermCapitalGain    c3 {spillover=false}
  0186 2028-04 settlement                    -500.000000 cash  -                      c1 {from=Home label=insurance to=Brokerage}
  0187 2028-04 capitalGainRecognized          209.041046 info  longTermCapitalGain    c1 {spillover=false}
  0188 2028-05 settlement                    -803.553483 cash  -                      c2 {from=Home label=property tax to=Brokerage}
  0189 2028-05 capitalGainRecognized          335.951322 info  longTermCapitalGain    c2 {spillover=false}
  0190 2028-05 assetGrowth                   4698.632650 cash  growth                 c-
  0191 2028-05 settlement                   -1074.047016 cash  -                      c3 {from=Home label=maintenance to=Brokerage}
  0192 2028-05 capitalGainRecognized          452.067342 info  longTermCapitalGain    c3 {spillover=false}
  0193 2028-05 settlement                    -500.000000 cash  -                      c1 {from=Home label=insurance to=Brokerage}
  0194 2028-05 capitalGainRecognized          210.450443 info  longTermCapitalGain    c1 {spillover=false}
  0195 2028-06 settlement                    -805.535262 cash  -                      c2 {from=Home label=property tax to=Brokerage}
  0196 2028-06 capitalGainRecognized          339.050506 info  longTermCapitalGain    c2 {spillover=false}
  0197 2028-06 assetGrowth                   4709.920745 cash  growth                 c-
  0198 2028-06 settlement                   -1076.695906 cash  -                      c3 {from=Home label=maintenance to=Brokerage}
  0199 2028-06 capitalGainRecognized          456.202545 info  longTermCapitalGain    c3 {spillover=false}
  0200 2028-06 settlement                    -500.000000 cash  -                      c1 {from=Home label=insurance to=Brokerage}
  0201 2028-06 capitalGainRecognized          211.853013 info  longTermCapitalGain    c1 {spillover=false}
  0202 2028-07 settlement                    -807.521930 cash  -                      c2 {from=Home label=property tax to=Brokerage}
  0203 2028-07 capitalGainRecognized          342.151908 info  longTermCapitalGain    c2 {spillover=false}
  0204 2028-07 assetGrowth                   4721.241222 cash  growth                 c-
  0205 2028-07 settlement                   -1079.351329 cash  -                      c3 {from=Home label=maintenance to=Brokerage}
  0206 2028-07 capitalGainRecognized          460.340728 info  longTermCapitalGain    c3 {spillover=false}
  0207 2028-07 settlement                    -500.000000 cash  -                      c1 {from=Home label=insurance to=Brokerage}
  0208 2028-07 capitalGainRecognized          213.248789 info  longTermCapitalGain    c1 {spillover=false}
  0209 2028-08 settlement                    -809.513497 cash  -                      c2 {from=Home label=property tax to=Brokerage}
  0210 2028-08 capitalGainRecognized          345.255546 info  longTermCapitalGain    c2 {spillover=false}
  0211 2028-08 assetGrowth                   4732.594182 cash  growth                 c-
  0212 2028-08 settlement                   -1082.013300 cash  -                      c3 {from=Home label=maintenance to=Brokerage}
  0213 2028-08 capitalGainRecognized          464.481918 info  longTermCapitalGain    c3 {spillover=false}
  0214 2028-08 settlement                    -500.000000 cash  -                      c1 {from=Home label=insurance to=Brokerage}
  0215 2028-08 capitalGainRecognized          214.637804 info  longTermCapitalGain    c1 {spillover=false}
  0216 2028-09 settlement                    -811.509975 cash  -                      c2 {from=Home label=property tax to=Brokerage}
  0217 2028-09 capitalGainRecognized          348.361439 info  longTermCapitalGain    c2 {spillover=false}
  0218 2028-09 assetGrowth                   4743.979728 cash  growth                 c-
  0219 2028-09 settlement                   -1084.681837 cash  -                      c3 {from=Home label=maintenance to=Brokerage}
  0220 2028-09 capitalGainRecognized          468.626138 info  longTermCapitalGain    c3 {spillover=false}
  0221 2028-09 settlement                    -500.000000 cash  -                      c1 {from=Home label=insurance to=Brokerage}
  0222 2028-09 capitalGainRecognized          216.020091 info  longTermCapitalGain    c1 {spillover=false}
  0223 2028-10 settlement                    -813.511378 cash  -                      c2 {from=Home label=property tax to=Brokerage}
  0224 2028-10 capitalGainRecognized          351.469604 info  longTermCapitalGain    c2 {spillover=false}
  0225 2028-10 assetGrowth                   4755.397962 cash  growth                 c-
  0226 2028-10 settlement                   -1087.356955 cash  -                      c3 {from=Home label=maintenance to=Brokerage}
  0227 2028-10 capitalGainRecognized          472.773413 info  longTermCapitalGain    c3 {spillover=false}
  0228 2028-10 settlement                    -500.000000 cash  -                      c1 {from=Home label=insurance to=Brokerage}
  0229 2028-10 capitalGainRecognized          217.395682 info  longTermCapitalGain    c1 {spillover=false}
  0230 2028-11 settlement                    -815.517716 cash  -                      c2 {from=Home label=property tax to=Brokerage}
  0231 2028-11 capitalGainRecognized          354.580060 info  longTermCapitalGain    c2 {spillover=false}
  0232 2028-11 assetGrowth                   4766.848988 cash  growth                 c-
  0233 2028-11 settlement                   -1090.038671 cash  -                      c3 {from=Home label=maintenance to=Brokerage}
  0234 2028-11 capitalGainRecognized          476.923768 info  longTermCapitalGain    c3 {spillover=false}
  0235 2028-11 settlement                    -500.000000 cash  -                      c1 {from=Home label=insurance to=Brokerage}
  0236 2028-11 capitalGainRecognized          218.764609 info  longTermCapitalGain    c1 {spillover=false}
  0237 2028-12 settlement                    -817.529003 cash  -                      c2 {from=Home label=property tax to=Brokerage}
  0238 2028-12 capitalGainRecognized          357.692826 info  longTermCapitalGain    c2 {spillover=false}
  0239 2028-12 assetGrowth                   4778.332909 cash  growth                 c-
  0240 2028-12 settlement                   -1092.727000 cash  -                      c3 {from=Home label=maintenance to=Brokerage}
  0241 2028-12 capitalGainRecognized          481.077226 info  longTermCapitalGain    c3 {spillover=false}
  0242 2028-12 settlement                    -500.000000 cash  -                      c1 {from=Home label=insurance to=Brokerage}
  0243 2028-12 capitalGainRecognized          220.126906 info  longTermCapitalGain    c1 {spillover=false}
  0244 2029-01 settlement                    -819.545250 cash  -                      c2 {from=Home label=property tax to=Brokerage}
  0245 2029-01 capitalGainRecognized          360.807920 info  longTermCapitalGain    c2 {spillover=false}
  0246 2029-01 assetGrowth                   4789.849829 cash  growth                 c-
  0247 2029-01 settlement                   -1095.421960 cash  -                      c3 {from=Home label=maintenance to=Brokerage}
  0248 2029-01 capitalGainRecognized          485.233814 info  longTermCapitalGain    c3 {spillover=false}
  0249 2029-01 settlement                    -500.000000 cash  -                      c1 {from=Home label=insurance to=Brokerage}
  0250 2029-01 capitalGainRecognized          221.482603 info  longTermCapitalGain    c1 {spillover=false}
  0251 2029-02 settlement                    -821.566470 cash  -                      c2 {from=Home label=property tax to=Brokerage}
  0252 2029-02 capitalGainRecognized          363.925361 info  longTermCapitalGain    c2 {spillover=false}
  0253 2029-02 assetGrowth                   4801.399852 cash  growth                 c-
  0254 2029-02 settlement                   -1098.123566 cash  -                      c3 {from=Home label=maintenance to=Brokerage}
  0255 2029-02 capitalGainRecognized          489.393556 info  longTermCapitalGain    c3 {spillover=false}
  0256 2029-02 settlement                    -500.000000 cash  -                      c1 {from=Home label=insurance to=Brokerage}
  0257 2029-02 capitalGainRecognized          222.831734 info  longTermCapitalGain    c1 {spillover=false}
  0258 2029-03 settlement                    -823.592674 cash  -                      c2 {from=Home label=property tax to=Brokerage}
  0259 2029-03 capitalGainRecognized          367.045167 info  longTermCapitalGain    c2 {spillover=false}
  0260 2029-03 assetGrowth                   4812.983082 cash  growth                 c-
  0261 2029-03 settlement                   -1100.831835 cash  -                      c3 {from=Home label=maintenance to=Brokerage}
  0262 2029-03 capitalGainRecognized          493.556476 info  longTermCapitalGain    c3 {spillover=false}
  0263 2029-03 settlement                    -500.000000 cash  -                      c1 {from=Home label=insurance to=Brokerage}
  0264 2029-03 capitalGainRecognized          224.174329 info  longTermCapitalGain    c1 {spillover=false}
  0265 2029-04 settlement                    -825.623876 cash  -                      c2 {from=Home label=property tax to=Brokerage}
  0266 2029-04 capitalGainRecognized          370.167357 info  longTermCapitalGain    c2 {spillover=false}
  0267 2029-04 assetGrowth                   4824.599625 cash  growth                 c-
  0268 2029-04 settlement                   -1103.546783 cash  -                      c3 {from=Home label=maintenance to=Brokerage}
  0269 2029-04 capitalGainRecognized          497.722599 info  longTermCapitalGain    c3 {spillover=false}
  0270 2029-04 settlement                    -500.000000 cash  -                      c1 {from=Home label=insurance to=Brokerage}
  0271 2029-04 capitalGainRecognized          225.510421 info  longTermCapitalGain    c1 {spillover=false}
  0272 2029-05 settlement                    -827.660087 cash  -                      c2 {from=Home label=property tax to=Brokerage}
  0273 2029-05 capitalGainRecognized          373.291949 info  longTermCapitalGain    c2 {spillover=false}
  0274 2029-05 assetGrowth                   4836.249585 cash  growth                 c-
  0275 2029-05 settlement                   -1106.268427 cash  -                      c3 {from=Home label=maintenance to=Brokerage}
  0276 2029-05 capitalGainRecognized          501.891951 info  longTermCapitalGain    c3 {spillover=false}
  0277 2029-05 settlement                    -500.000000 cash  -                      c1 {from=Home label=insurance to=Brokerage}
  0278 2029-05 capitalGainRecognized          226.840041 info  longTermCapitalGain    c1 {spillover=false}
  0279 2029-06 settlement                    -829.701320 cash  -                      c2 {from=Home label=property tax to=Brokerage}
  0280 2029-06 capitalGainRecognized          376.418963 info  longTermCapitalGain    c2 {spillover=false}
  0281 2029-06 assetGrowth                   4847.933069 cash  growth                 c-
  0282 2029-06 settlement                   -1108.996783 cash  -                      c3 {from=Home label=maintenance to=Brokerage}
  0283 2029-06 capitalGainRecognized          506.064555 info  longTermCapitalGain    c3 {spillover=false}
  0284 2029-06 settlement                    -500.000000 cash  -                      c1 {from=Home label=insurance to=Brokerage}
  0285 2029-06 capitalGainRecognized          228.163220 info  longTermCapitalGain    c1 {spillover=false}
  0286 2029-07 settlement                    -831.747587 cash  -                      c2 {from=Home label=property tax to=Brokerage}
  0287 2029-07 capitalGainRecognized          379.548416 info  longTermCapitalGain    c2 {spillover=false}
  0288 2029-07 assetGrowth                   4859.650181 cash  growth                 c-
  0289 2029-07 settlement                   -1111.731869 cash  -                      c3 {from=Home label=maintenance to=Brokerage}
  0290 2029-07 capitalGainRecognized          510.240436 info  longTermCapitalGain    c3 {spillover=false}
  0291 2029-07 settlement                    -500.000000 cash  -                      c1 {from=Home label=insurance to=Brokerage}
  0292 2029-07 capitalGainRecognized          229.479990 info  longTermCapitalGain    c1 {spillover=false}
  0293 2029-08 settlement                    -833.798901 cash  -                      c2 {from=Home label=property tax to=Brokerage}
  0294 2029-08 capitalGainRecognized          382.680327 info  longTermCapitalGain    c2 {spillover=false}
  0295 2029-08 assetGrowth                   4871.401030 cash  growth                 c-
  0296 2029-08 settlement                   -1114.473699 cash  -                      c3 {from=Home label=maintenance to=Brokerage}
  0297 2029-08 capitalGainRecognized          514.419620 info  longTermCapitalGain    c3 {spillover=false}
  0298 2029-08 settlement                    -500.000000 cash  -                      c1 {from=Home label=insurance to=Brokerage}
  0299 2029-08 capitalGainRecognized          230.790381 info  longTermCapitalGain    c1 {spillover=false}
  0300 2029-09 settlement                    -835.855274 cash  -                      c2 {from=Home label=property tax to=Brokerage}
  0301 2029-09 capitalGainRecognized          385.814715 info  longTermCapitalGain    c2 {spillover=false}
  0302 2029-09 assetGrowth                   4883.185720 cash  growth                 c-
  0303 2029-09 settlement                   -1117.222292 cash  -                      c3 {from=Home label=maintenance to=Brokerage}
  0304 2029-09 capitalGainRecognized          518.602132 info  longTermCapitalGain    c3 {spillover=false}
  0305 2029-09 settlement                    -500.000000 cash  -                      c1 {from=Home label=insurance to=Brokerage}
  0306 2029-09 capitalGainRecognized          232.094425 info  longTermCapitalGain    c1 {spillover=false}
  0307 2029-10 settlement                    -837.916719 cash  -                      c2 {from=Home label=property tax to=Brokerage}
  0308 2029-10 capitalGainRecognized          388.951599 info  longTermCapitalGain    c2 {spillover=false}
  0309 2029-10 assetGrowth                   4895.004361 cash  growth                 c-
  0310 2029-10 settlement                   -1119.977664 cash  -                      c3 {from=Home label=maintenance to=Brokerage}
  0311 2029-10 capitalGainRecognized          522.787996 info  longTermCapitalGain    c3 {spillover=false}
  0312 2029-10 settlement                    -500.000000 cash  -                      c1 {from=Home label=insurance to=Brokerage}
  0313 2029-10 capitalGainRecognized          233.392153 info  longTermCapitalGain    c1 {spillover=false}
  0314 2029-11 settlement                    -839.983248 cash  -                      c2 {from=Home label=property tax to=Brokerage}
  0315 2029-11 capitalGainRecognized          392.090997 info  longTermCapitalGain    c2 {spillover=false}
  0316 2029-11 assetGrowth                   4906.857058 cash  growth                 c-
  0317 2029-11 settlement                   -1122.739831 cash  -                      c3 {from=Home label=maintenance to=Brokerage}
  0318 2029-11 capitalGainRecognized          526.977236 info  longTermCapitalGain    c3 {spillover=false}
  0319 2029-11 settlement                    -500.000000 cash  -                      c1 {from=Home label=insurance to=Brokerage}
  0320 2029-11 capitalGainRecognized          234.683594 info  longTermCapitalGain    c1 {spillover=false}
  0321 2029-12 settlement                    -842.054873 cash  -                      c2 {from=Home label=property tax to=Brokerage}
  0322 2029-12 capitalGainRecognized          395.232927 info  longTermCapitalGain    c2 {spillover=false}
  0323 2029-12 assetGrowth                   4918.743920 cash  growth                 c-
  0324 2029-12 settlement                   -1125.508810 cash  -                      c3 {from=Home label=maintenance to=Brokerage}
  0325 2029-12 capitalGainRecognized          531.169879 info  longTermCapitalGain    c3 {spillover=false}
  0326 2029-12 settlement                    -500.000000 cash  -                      c1 {from=Home label=insurance to=Brokerage}
  0327 2029-12 capitalGainRecognized          235.968779 info  longTermCapitalGain    c1 {spillover=false}
  0328 2030-01 settlement                    -844.131608 cash  -                      c2 {from=Home label=property tax to=Brokerage}
  0329 2030-01 capitalGainRecognized          398.377409 info  longTermCapitalGain    c2 {spillover=false}
  0330 2030-01 assetGrowth                   4930.665055 cash  growth                 c-
  0331 2030-01 settlement                   -1128.284618 cash  -                      c3 {from=Home label=maintenance to=Brokerage}
  0332 2030-01 capitalGainRecognized          535.365949 info  longTermCapitalGain    c3 {spillover=false}
  0333 2030-01 settlement                    -500.000000 cash  -                      c1 {from=Home label=insurance to=Brokerage}
  0334 2030-01 capitalGainRecognized          237.247739 info  longTermCapitalGain    c1 {spillover=false}
  0335 2030-02 settlement                    -846.213464 cash  -                      c2 {from=Home label=property tax to=Brokerage}
  0336 2030-02 capitalGainRecognized          401.524462 info  longTermCapitalGain    c2 {spillover=false}
  0337 2030-02 assetGrowth                   4942.620572 cash  growth                 c-
  0338 2030-02 settlement                   -1131.067273 cash  -                      c3 {from=Home label=maintenance to=Brokerage}
  0339 2030-02 capitalGainRecognized          539.565471 info  longTermCapitalGain    c3 {spillover=false}
  0340 2030-02 settlement                    -500.000000 cash  -                      c1 {from=Home label=insurance to=Brokerage}
  0341 2030-02 capitalGainRecognized          238.520504 info  longTermCapitalGain    c1 {spillover=false}
  0342 2030-03 settlement                    -848.300454 cash  -                      c2 {from=Home label=property tax to=Brokerage}
  0343 2030-03 capitalGainRecognized          404.674103 info  longTermCapitalGain    c2 {spillover=false}
  0344 2030-03 assetGrowth                   4954.610580 cash  growth                 c-
  0345 2030-03 settlement                   -1133.856790 cash  -                      c3 {from=Home label=maintenance to=Brokerage}
  0346 2030-03 capitalGainRecognized          543.768469 info  longTermCapitalGain    c3 {spillover=false}
  0347 2030-03 settlement                    -500.000000 cash  -                      c1 {from=Home label=insurance to=Brokerage}
  0348 2030-03 capitalGainRecognized          239.787103 info  longTermCapitalGain    c1 {spillover=false}
  0349 2030-04 settlement                    -850.392592 cash  -                      c2 {from=Home label=property tax to=Brokerage}
  0350 2030-04 capitalGainRecognized          407.826352 info  longTermCapitalGain    c2 {spillover=false}
  0351 2030-04 assetGrowth                   4966.635188 cash  growth                 c-
  0352 2030-04 settlement                   -1136.653186 cash  -                      c3 {from=Home label=maintenance to=Brokerage}
  0353 2030-04 capitalGainRecognized          547.974970 info  longTermCapitalGain    c3 {spillover=false}
  0354 2030-04 settlement                    -500.000000 cash  -                      c1 {from=Home label=insurance to=Brokerage}
  0355 2030-04 capitalGainRecognized          241.047567 info  longTermCapitalGain    c1 {spillover=false}
  0356 2030-05 settlement                    -852.489890 cash  -                      c2 {from=Home label=property tax to=Brokerage}
  0357 2030-05 capitalGainRecognized          410.981228 info  longTermCapitalGain    c2 {spillover=false}
  0358 2030-05 assetGrowth                   4978.694506 cash  growth                 c-
  0359 2030-05 settlement                   -1139.456480 cash  -                      c3 {from=Home label=maintenance to=Brokerage}
  0360 2030-05 capitalGainRecognized          552.184998 info  longTermCapitalGain    c3 {spillover=false}
  0361 2030-05 settlement                    -500.000000 cash  -                      c1 {from=Home label=insurance to=Brokerage}
  0362 2030-05 capitalGainRecognized          242.301925 info  longTermCapitalGain    c1 {spillover=false}
  0363 2030-06 settlement                    -854.592360 cash  -                      c2 {from=Home label=property tax to=Brokerage}
  0364 2030-06 capitalGainRecognized          414.138748 info  longTermCapitalGain    c2 {spillover=false}
  0365 2030-06 assetGrowth                   4990.788644 cash  growth                 c-
  0366 2030-06 settlement                   -1142.266687 cash  -                      c3 {from=Home label=maintenance to=Brokerage}
  0367 2030-06 capitalGainRecognized          556.398578 info  longTermCapitalGain    c3 {spillover=false}
  0368 2030-06 settlement                    -500.000000 cash  -                      c1 {from=Home label=insurance to=Brokerage}
  0369 2030-06 capitalGainRecognized          243.550208 info  longTermCapitalGain    c1 {spillover=false}
  0370 2030-07 settlement                    -856.700015 cash  -                      c2 {from=Home label=property tax to=Brokerage}
  0371 2030-07 capitalGainRecognized          417.298933 info  longTermCapitalGain    c2 {spillover=false}
  0372 2030-07 assetGrowth                   5002.917713 cash  growth                 c-
  0373 2030-07 settlement                   -1145.083825 cash  -                      c3 {from=Home label=maintenance to=Brokerage}
  0374 2030-07 capitalGainRecognized          560.615735 info  longTermCapitalGain    c3 {spillover=false}
  0375 2030-07 settlement                    -500.000000 cash  -                      c1 {from=Home label=insurance to=Brokerage}
  0376 2030-07 capitalGainRecognized          244.792443 info  longTermCapitalGain    c1 {spillover=false}
  0377 2030-08 settlement                    -858.812868 cash  -                      c2 {from=Home label=property tax to=Brokerage}
  0378 2030-08 capitalGainRecognized          420.461801 info  longTermCapitalGain    c2 {spillover=false}
  0379 2030-08 assetGrowth                   5015.081825 cash  growth                 c-
  0380 2030-08 settlement                   -1147.907910 cash  -                      c3 {from=Home label=maintenance to=Brokerage}
  0381 2030-08 capitalGainRecognized          564.836494 info  longTermCapitalGain    c3 {spillover=false}
  0382 2030-08 settlement                    -500.000000 cash  -                      c1 {from=Home label=insurance to=Brokerage}
  0383 2030-08 capitalGainRecognized          246.028662 info  longTermCapitalGain    c1 {spillover=false}
  0384 2030-09 settlement                    -860.930933 cash  -                      c2 {from=Home label=property tax to=Brokerage}
  0385 2030-09 capitalGainRecognized          423.627370 info  longTermCapitalGain    c2 {spillover=false}
  0386 2030-09 assetGrowth                   5027.281089 cash  growth                 c-
  0387 2030-09 settlement                   -1150.738961 cash  -                      c3 {from=Home label=maintenance to=Brokerage}
  0388 2030-09 capitalGainRecognized          569.060881 info  longTermCapitalGain    c3 {spillover=false}
  0389 2030-09 settlement                    -500.000000 cash  -                      c1 {from=Home label=insurance to=Brokerage}
  0390 2030-09 capitalGainRecognized          247.258892 info  longTermCapitalGain    c1 {spillover=false}
  0391 2030-10 settlement                    -863.054221 cash  -                      c2 {from=Home label=property tax to=Brokerage}
  0392 2030-10 capitalGainRecognized          426.795660 info  longTermCapitalGain    c2 {spillover=false}
  0393 2030-10 assetGrowth                   5039.515619 cash  growth                 c-
  0394 2030-10 settlement                   -1153.576994 cash  -                      c3 {from=Home label=maintenance to=Brokerage}
  0395 2030-10 capitalGainRecognized          573.288920 info  longTermCapitalGain    c3 {spillover=false}
  0396 2030-10 settlement                    -500.000000 cash  -                      c1 {from=Home label=insurance to=Brokerage}
  0397 2030-10 capitalGainRecognized          248.483163 info  longTermCapitalGain    c1 {spillover=false}
  0398 2030-11 settlement                    -865.182745 cash  -                      c2 {from=Home label=property tax to=Brokerage}
  0399 2030-11 capitalGainRecognized          429.966690 info  longTermCapitalGain    c2 {spillover=false}
  0400 2030-11 assetGrowth                   5051.785525 cash  growth                 c-
  0401 2030-11 settlement                   -1156.422026 cash  -                      c3 {from=Home label=maintenance to=Brokerage}
  0402 2030-11 capitalGainRecognized          577.520637 info  longTermCapitalGain    c3 {spillover=false}
  0403 2030-11 settlement                    -500.000000 cash  -                      c1 {from=Home label=insurance to=Brokerage}
  0404 2030-11 capitalGainRecognized          249.701503 info  longTermCapitalGain    c1 {spillover=false}
  0405 2030-12 settlement                    -867.316519 cash  -                      c2 {from=Home label=property tax to=Brokerage}
  0406 2030-12 capitalGainRecognized          433.140478 info  longTermCapitalGain    c2 {spillover=false}
  0407 2030-12 assetGrowth                   5064.090922 cash  growth                 c-
  0408 2030-12 settlement                   -1159.274074 cash  -                      c3 {from=Home label=maintenance to=Brokerage}
  0409 2030-12 capitalGainRecognized          581.756057 info  longTermCapitalGain    c3 {spillover=false}
  0410 2030-12 settlement                    -500.000000 cash  -                      c1 {from=Home label=insurance to=Brokerage}
  0411 2030-12 capitalGainRecognized          250.913942 info  longTermCapitalGain    c1 {spillover=false}

[history] Brokerage
  value                        n=  60 first=   904380.800000 last=  1043782.490000 min=   904380.800000 max=  1043782.490000 sum=   58373665.230000 #73479799
  growth                       n=  60 first=     4380.800000 last=     5064.090000 min=     4380.800000 max=     5064.090000 sum=     283208.430000 #2f77034a
  income                       n=  60 first=        0.000000 last=     1265.810000 min=        0.000000 max=     1265.810000 sum=      59409.310000 #c5408489
  longTermCapitalGain          n=  60 first=        0.000000 last=     1265.810000 min=        0.000000 max=     1265.810000 sum=      59409.310000 #c5408489
  capitalGain                  n=  60 first=        0.000000 last=     1265.810000 min=        0.000000 max=     1265.810000 sum=      59409.310000 #c5408489

[asset] Checking
  instrument = bank
  start = 2026-01  finish = 2030-12
  startCurrency = 3000.000000
  finishCurrency = 0.000000
  startBasis = 3000.000000
  finishBasis = 0.000000
  isClosed = no  isDepleted = yes
  closedDate = -  closedValue = -
  events = 64  reconciled = 64

[events] Checking
  0000 2026-01 interestIncome                   0.000000 cash  interestIncome         c-
  0001 2026-01 settlement                   -1002.466270 cash  -                      c0 {from=Home label=maintenance to=Checking}
  0002 2026-01 settlement                    -500.000000 cash  -                      c4 {from=Home label=insurance to=Checking}
  0003 2026-02 settlement                    -751.849702 cash  -                      c5 {from=Home label=property tax to=Checking}
  0004 2026-02 interestIncome                   0.000000 cash  interestIncome         c-
  0005 2026-02 settlement                    -745.684028 cash  -                      c0 {from=Home label=maintenance to=Checking}
  0006 2026-03 interestIncome                   0.000000 cash  interestIncome         c-
  0007 2026-04 interestIncome                   0.000000 cash  interestIncome         c-
  0008 2026-05 interestIncome                   0.000000 cash  interestIncome         c-
  0009 2026-06 interestIncome                   0.000000 cash  interestIncome         c-
  0010 2026-07 interestIncome                   0.000000 cash  interestIncome         c-
  0011 2026-08 interestIncome                   0.000000 cash  interestIncome         c-
  0012 2026-09 interestIncome                   0.000000 cash  interestIncome         c-
  0013 2026-10 interestIncome                   0.000000 cash  interestIncome         c-
  0014 2026-11 interestIncome                   0.000000 cash  interestIncome         c-
  0015 2026-12 interestIncome                   0.000000 cash  interestIncome         c-
  0016 2027-01 interestIncome                   0.000000 cash  interestIncome         c-
  0017 2027-02 interestIncome                   0.000000 cash  interestIncome         c-
  0018 2027-03 interestIncome                   0.000000 cash  interestIncome         c-
  0019 2027-04 interestIncome                   0.000000 cash  interestIncome         c-
  0020 2027-05 interestIncome                   0.000000 cash  interestIncome         c-
  0021 2027-06 interestIncome                   0.000000 cash  interestIncome         c-
  0022 2027-07 interestIncome                   0.000000 cash  interestIncome         c-
  0023 2027-08 interestIncome                   0.000000 cash  interestIncome         c-
  0024 2027-09 interestIncome                   0.000000 cash  interestIncome         c-
  0025 2027-10 interestIncome                   0.000000 cash  interestIncome         c-
  0026 2027-11 interestIncome                   0.000000 cash  interestIncome         c-
  0027 2027-12 interestIncome                   0.000000 cash  interestIncome         c-
  0028 2028-01 interestIncome                   0.000000 cash  interestIncome         c-
  0029 2028-02 interestIncome                   0.000000 cash  interestIncome         c-
  0030 2028-03 interestIncome                   0.000000 cash  interestIncome         c-
  0031 2028-04 interestIncome                   0.000000 cash  interestIncome         c-
  0032 2028-05 interestIncome                   0.000000 cash  interestIncome         c-
  0033 2028-06 interestIncome                   0.000000 cash  interestIncome         c-
  0034 2028-07 interestIncome                   0.000000 cash  interestIncome         c-
  0035 2028-08 interestIncome                   0.000000 cash  interestIncome         c-
  0036 2028-09 interestIncome                   0.000000 cash  interestIncome         c-
  0037 2028-10 interestIncome                   0.000000 cash  interestIncome         c-
  0038 2028-11 interestIncome                   0.000000 cash  interestIncome         c-
  0039 2028-12 interestIncome                   0.000000 cash  interestIncome         c-
  0040 2029-01 interestIncome                   0.000000 cash  interestIncome         c-
  0041 2029-02 interestIncome                   0.000000 cash  interestIncome         c-
  0042 2029-03 interestIncome                   0.000000 cash  interestIncome         c-
  0043 2029-04 interestIncome                   0.000000 cash  interestIncome         c-
  0044 2029-05 interestIncome                   0.000000 cash  interestIncome         c-
  0045 2029-06 interestIncome                   0.000000 cash  interestIncome         c-
  0046 2029-07 interestIncome                   0.000000 cash  interestIncome         c-
  0047 2029-08 interestIncome                   0.000000 cash  interestIncome         c-
  0048 2029-09 interestIncome                   0.000000 cash  interestIncome         c-
  0049 2029-10 interestIncome                   0.000000 cash  interestIncome         c-
  0050 2029-11 interestIncome                   0.000000 cash  interestIncome         c-
  0051 2029-12 interestIncome                   0.000000 cash  interestIncome         c-
  0052 2030-01 interestIncome                   0.000000 cash  interestIncome         c-
  0053 2030-02 interestIncome                   0.000000 cash  interestIncome         c-
  0054 2030-03 interestIncome                   0.000000 cash  interestIncome         c-
  0055 2030-04 interestIncome                   0.000000 cash  interestIncome         c-
  0056 2030-05 interestIncome                   0.000000 cash  interestIncome         c-
  0057 2030-06 interestIncome                   0.000000 cash  interestIncome         c-
  0058 2030-07 interestIncome                   0.000000 cash  interestIncome         c-
  0059 2030-08 interestIncome                   0.000000 cash  interestIncome         c-
  0060 2030-09 interestIncome                   0.000000 cash  interestIncome         c-
  0061 2030-10 interestIncome                   0.000000 cash  interestIncome         c-
  0062 2030-11 interestIncome                   0.000000 cash  interestIncome         c-
  0063 2030-12 interestIncome                   0.000000 cash  interestIncome         c-

[history] Checking
  value                        n=  60 first=     1497.530000 last=        0.000000 min=        0.000000 max=     1497.530000 sum=       1497.530000 #3f3d5c84

[asset] Home
  instrument = realEstate
  start = 2026-01  finish = 2030-12
  startCurrency = 600000.000000
  finishCurrency = 695564.444580
  startBasis = 600000.000000
  finishBasis = 600000.000000
  isClosed = no  isDepleted = no
  closedDate = -  closedValue = -
  events = 300  reconciled = 300

[events] Home
  0000 2026-01 propertyTaxEscrow                0.000000 info  -                      c-
  0001 2026-01 assetGrowth                   1479.761863 cash  growth                 c-
  0002 2026-01 propertyTax                   -751.849702 info  propertyTax            c-
  0003 2026-01 maintenance                  -1002.466270 info  maintenance            c-
  0004 2026-01 insurance                     -500.000000 info  insurance              c-
  0005 2026-02 propertyTaxEscrow             -751.849702 info  -                      c-
  0006 2026-02 assetGrowth                   1483.411355 cash  growth                 c-
  0007 2026-02 propertyTax                   -753.703967 info  propertyTax            c-
  0008 2026-02 maintenance                  -1004.938622 info  maintenance            c-
  0009 2026-02 insurance                     -500.000000 info  insurance              c-
  0010 2026-03 propertyTaxEscrow             -753.703967 info  -                      c-
  0011 2026-03 assetGrowth                   1487.069848 cash  growth                 c-
  0012 2026-03 propertyTax                   -755.562804 info  propertyTax            c-
  0013 2026-03 maintenance                  -1007.417072 info  maintenance            c-
  0014 2026-03 insurance                     -500.000000 info  insurance              c-
  0015 2026-04 propertyTaxEscrow             -755.562804 info  -                      c-
  0016 2026-04 assetGrowth                   1490.737363 cash  growth                 c-
  0017 2026-04 propertyTax                   -757.426226 info  propertyTax            c-
  0018 2026-04 maintenance                  -1009.901634 info  maintenance            c-
  0019 2026-04 insurance                     -500.000000 info  insurance              c-
  0020 2026-05 propertyTaxEscrow             -757.426226 info  -                      c-
  0021 2026-05 assetGrowth                   1494.413924 cash  growth                 c-
  0022 2026-05 propertyTax                   -759.294243 info  propertyTax            c-
  0023 2026-05 maintenance                  -1012.392324 info  maintenance            c-
  0024 2026-05 insurance                     -500.000000 info  insurance              c-
  0025 2026-06 propertyTaxEscrow             -759.294243 info  -                      c-
  0026 2026-06 assetGrowth                   1498.099552 cash  growth                 c-
  0027 2026-06 propertyTax                   -761.166867 info  propertyTax            c-
  0028 2026-06 maintenance                  -1014.889157 info  maintenance            c-
  0029 2026-06 insurance                     -500.000000 info  insurance              c-
  0030 2026-07 propertyTaxEscrow             -761.166867 info  -                      c-
  0031 2026-07 assetGrowth                   1501.794269 cash  growth                 c-
  0032 2026-07 propertyTax                   -763.044110 info  propertyTax            c-
  0033 2026-07 maintenance                  -1017.392147 info  maintenance            c-
  0034 2026-07 insurance                     -500.000000 info  insurance              c-
  0035 2026-08 propertyTaxEscrow             -763.044110 info  -                      c-
  0036 2026-08 assetGrowth                   1505.498099 cash  growth                 c-
  0037 2026-08 propertyTax                   -764.925983 info  propertyTax            c-
  0038 2026-08 maintenance                  -1019.901310 info  maintenance            c-
  0039 2026-08 insurance                     -500.000000 info  insurance              c-
  0040 2026-09 propertyTaxEscrow             -764.925983 info  -                      c-
  0041 2026-09 assetGrowth                   1509.211064 cash  growth                 c-
  0042 2026-09 propertyTax                   -766.812497 info  propertyTax            c-
  0043 2026-09 maintenance                  -1022.416662 info  maintenance            c-
  0044 2026-09 insurance                     -500.000000 info  insurance              c-
  0045 2026-10 propertyTaxEscrow             -766.812497 info  -                      c-
  0046 2026-10 assetGrowth                   1512.933185 cash  growth                 c-
  0047 2026-10 propertyTax                   -768.703663 info  propertyTax            c-
  0048 2026-10 maintenance                  -1024.938218 info  maintenance            c-
  0049 2026-10 insurance                     -500.000000 info  insurance              c-
  0050 2026-11 propertyTaxEscrow             -768.703663 info  -                      c-
  0051 2026-11 assetGrowth                   1516.664487 cash  growth                 c-
  0052 2026-11 propertyTax                   -770.599494 info  propertyTax            c-
  0053 2026-11 maintenance                  -1027.465992 info  maintenance            c-
  0054 2026-11 insurance                     -500.000000 info  insurance              c-
  0055 2026-12 propertyTaxEscrow             -770.599494 info  -                      c-
  0056 2026-12 assetGrowth                   1520.404990 cash  growth                 c-
  0057 2026-12 propertyTax                   -772.500000 info  propertyTax            c-
  0058 2026-12 maintenance                  -1030.000000 info  maintenance            c-
  0059 2026-12 insurance                     -500.000000 info  insurance              c-
  0060 2027-01 propertyTaxEscrow             -772.500000 info  -                      c-
  0061 2027-01 assetGrowth                   1524.154719 cash  growth                 c-
  0062 2027-01 propertyTax                   -774.405193 info  propertyTax            c-
  0063 2027-01 maintenance                  -1032.540258 info  maintenance            c-
  0064 2027-01 insurance                     -500.000000 info  insurance              c-
  0065 2027-02 propertyTaxEscrow             -774.405193 info  -                      c-
  0066 2027-02 assetGrowth                   1527.913696 cash  growth                 c-
  0067 2027-02 propertyTax                   -776.315086 info  propertyTax            c-
  0068 2027-02 maintenance                  -1035.086781 info  maintenance            c-
  0069 2027-02 insurance                     -500.000000 info  insurance              c-
  0070 2027-03 propertyTaxEscrow             -776.315086 info  -                      c-
  0071 2027-03 assetGrowth                   1531.681943 cash  growth                 c-
  0072 2027-03 propertyTax                   -778.229688 info  propertyTax            c-
  0073 2027-03 maintenance                  -1037.639584 info  maintenance            c-
  0074 2027-03 insurance                     -500.000000 info  insurance              c-
  0075 2027-04 propertyTaxEscrow             -778.229688 info  -                      c-
  0076 2027-04 assetGrowth                   1535.459484 cash  growth                 c-
  0077 2027-04 propertyTax                   -780.149012 info  propertyTax            c-
  0078 2027-04 maintenance                  -1040.198683 info  maintenance            c-
  0079 2027-04 insurance                     -500.000000 info  insurance              c-
  0080 2027-05 propertyTaxEscrow             -780.149012 info  -                      c-
  0081 2027-05 assetGrowth                   1539.246342 cash  growth                 c-
  0082 2027-05 propertyTax                   -782.073070 info  propertyTax            c-
  0083 2027-05 maintenance                  -1042.764094 info  maintenance            c-
  0084 2027-05 insurance                     -500.000000 info  insurance              c-
  0085 2027-06 propertyTaxEscrow             -782.073070 info  -                      c-
  0086 2027-06 assetGrowth                   1543.042538 cash  growth                 c-
  0087 2027-06 propertyTax                   -784.001873 info  propertyTax            c-
  0088 2027-06 maintenance                  -1045.335831 info  maintenance            c-
  0089 2027-06 insurance                     -500.000000 info  insurance              c-
  0090 2027-07 propertyTaxEscrow             -784.001873 info  -                      c-
  0091 2027-07 assetGrowth                   1546.848097 cash  growth                 c-
  0092 2027-07 propertyTax                   -785.935434 info  propertyTax            c-
  0093 2027-07 maintenance                  -1047.913911 info  maintenance            c-
  0094 2027-07 insurance                     -500.000000 info  insurance              c-
  0095 2027-08 propertyTaxEscrow             -785.935434 info  -                      c-
  0096 2027-08 assetGrowth                   1550.663042 cash  growth                 c-
  0097 2027-08 propertyTax                   -787.873762 info  propertyTax            c-
  0098 2027-08 maintenance                  -1050.498350 info  maintenance            c-
  0099 2027-08 insurance                     -500.000000 info  insurance              c-
  0100 2027-09 propertyTaxEscrow             -787.873762 info  -                      c-
  0101 2027-09 assetGrowth                   1554.487396 cash  growth                 c-
  0102 2027-09 propertyTax                   -789.816872 info  propertyTax            c-
  0103 2027-09 maintenance                  -1053.089162 info  maintenance            c-
  0104 2027-09 insurance                     -500.000000 info  insurance              c-
  0105 2027-10 propertyTaxEscrow             -789.816872 info  -                      c-
  0106 2027-10 assetGrowth                   1558.321181 cash  growth                 c-
  0107 2027-10 propertyTax                   -791.764773 info  propertyTax            c-
  0108 2027-10 maintenance                  -1055.686364 info  maintenance            c-
  0109 2027-10 insurance                     -500.000000 info  insurance              c-
  0110 2027-11 propertyTaxEscrow             -791.764773 info  -                      c-
  0111 2027-11 assetGrowth                   1562.164421 cash  growth                 c-
  0112 2027-11 propertyTax                   -793.717479 info  propertyTax            c-
  0113 2027-11 maintenance                  -1058.289971 info  maintenance            c-
  0114 2027-11 insurance                     -500.000000 info  insurance              c-
  0115 2027-12 propertyTaxEscrow             -793.717479 info  -                      c-
  0116 2027-12 assetGrowth                   1566.017140 cash  growth                 c-
  0117 2027-12 propertyTax                   -795.675000 info  propertyTax            c-
  0118 2027-12 maintenance                  -1060.900000 info  maintenance            c-
  0119 2027-12 insurance                     -500.000000 info  insurance              c-
  0120 2028-01 propertyTaxEscrow             -795.675000 info  -                      c-
  0121 2028-01 assetGrowth                   1569.879361 cash  growth                 c-
  0122 2028-01 propertyTax                   -797.637349 info  propertyTax            c-
  0123 2028-01 maintenance                  -1063.516466 info  maintenance            c-
  0124 2028-01 insurance                     -500.000000 info  insurance              c-
  0125 2028-02 propertyTaxEscrow             -797.637349 info  -                      c-
  0126 2028-02 assetGrowth                   1573.751107 cash  growth                 c-
  0127 2028-02 propertyTax                   -799.604538 info  propertyTax            c-
  0128 2028-02 maintenance                  -1066.139384 info  maintenance            c-
  0129 2028-02 insurance                     -500.000000 info  insurance              c-
  0130 2028-03 propertyTaxEscrow             -799.604538 info  -                      c-
  0131 2028-03 assetGrowth                   1577.632402 cash  growth                 c-
  0132 2028-03 propertyTax                   -801.576579 info  propertyTax            c-
  0133 2028-03 maintenance                  -1068.768771 info  maintenance            c-
  0134 2028-03 insurance                     -500.000000 info  insurance              c-
  0135 2028-04 propertyTaxEscrow             -801.576579 info  -                      c-
  0136 2028-04 assetGrowth                   1581.523269 cash  growth                 c-
  0137 2028-04 propertyTax                   -803.553483 info  propertyTax            c-
  0138 2028-04 maintenance                  -1071.404644 info  maintenance            c-
  0139 2028-04 insurance                     -500.000000 info  insurance              c-
  0140 2028-05 propertyTaxEscrow             -803.553483 info  -                      c-
  0141 2028-05 assetGrowth                   1585.423732 cash  growth                 c-
  0142 2028-05 propertyTax                   -805.535262 info  propertyTax            c-
  0143 2028-05 maintenance                  -1074.047016 info  maintenance            c-
  0144 2028-05 insurance                     -500.000000 info  insurance              c-
  0145 2028-06 propertyTaxEscrow             -805.535262 info  -                      c-
  0146 2028-06 assetGrowth                   1589.333814 cash  growth                 c-
  0147 2028-06 propertyTax                   -807.521930 info  propertyTax            c-
  0148 2028-06 maintenance                  -1076.695906 info  maintenance            c-
  0149 2028-06 insurance                     -500.000000 info  insurance              c-
  0150 2028-07 propertyTaxEscrow             -807.521930 info  -                      c-
  0151 2028-07 assetGrowth                   1593.253540 cash  growth                 c-
  0152 2028-07 propertyTax                   -809.513497 info  propertyTax            c-
  0153 2028-07 maintenance                  -1079.351329 info  maintenance            c-
  0154 2028-07 insurance                     -500.000000 info  insurance              c-
  0155 2028-08 propertyTaxEscrow             -809.513497 info  -                      c-
  0156 2028-08 assetGrowth                   1597.182933 cash  growth                 c-
  0157 2028-08 propertyTax                   -811.509975 info  propertyTax            c-
  0158 2028-08 maintenance                  -1082.013300 info  maintenance            c-
  0159 2028-08 insurance                     -500.000000 info  insurance              c-
  0160 2028-09 propertyTaxEscrow             -811.509975 info  -                      c-
  0161 2028-09 assetGrowth                   1601.122017 cash  growth                 c-
  0162 2028-09 propertyTax                   -813.511378 info  propertyTax            c-
  0163 2028-09 maintenance                  -1084.681837 info  maintenance            c-
  0164 2028-09 insurance                     -500.000000 info  insurance              c-
  0165 2028-10 propertyTaxEscrow             -813.511378 info  -                      c-
  0166 2028-10 assetGrowth                   1605.070816 cash  growth                 c-
  0167 2028-10 propertyTax                   -815.517716 info  propertyTax            c-
  0168 2028-10 maintenance                  -1087.356955 info  maintenance            c-
  0169 2028-10 insurance                     -500.000000 info  insurance              c-
  0170 2028-11 propertyTaxEscrow             -815.517716 info  -                      c-
  0171 2028-11 assetGrowth                   1609.029354 cash  growth                 c-
  0172 2028-11 propertyTax                   -817.529003 info  propertyTax            c-
  0173 2028-11 maintenance                  -1090.038671 info  maintenance            c-
  0174 2028-11 insurance                     -500.000000 info  insurance              c-
  0175 2028-12 propertyTaxEscrow             -817.529003 info  -                      c-
  0176 2028-12 assetGrowth                   1612.997654 cash  growth                 c-
  0177 2028-12 propertyTax                   -819.545250 info  propertyTax            c-
  0178 2028-12 maintenance                  -1092.727000 info  maintenance            c-
  0179 2028-12 insurance                     -500.000000 info  insurance              c-
  0180 2029-01 propertyTaxEscrow             -819.545250 info  -                      c-
  0181 2029-01 assetGrowth                   1616.975742 cash  growth                 c-
  0182 2029-01 propertyTax                   -821.566470 info  propertyTax            c-
  0183 2029-01 maintenance                  -1095.421960 info  maintenance            c-
  0184 2029-01 insurance                     -500.000000 info  insurance              c-
  0185 2029-02 propertyTaxEscrow             -821.566470 info  -                      c-
  0186 2029-02 assetGrowth                   1620.963640 cash  growth                 c-
  0187 2029-02 propertyTax                   -823.592674 info  propertyTax            c-
  0188 2029-02 maintenance                  -1098.123566 info  maintenance            c-
  0189 2029-02 insurance                     -500.000000 info  insurance              c-
  0190 2029-03 propertyTaxEscrow             -823.592674 info  -                      c-
  0191 2029-03 assetGrowth                   1624.961374 cash  growth                 c-
  0192 2029-03 propertyTax                   -825.623876 info  propertyTax            c-
  0193 2029-03 maintenance                  -1100.831835 info  maintenance            c-
  0194 2029-03 insurance                     -500.000000 info  insurance              c-
  0195 2029-04 propertyTaxEscrow             -825.623876 info  -                      c-
  0196 2029-04 assetGrowth                   1628.968967 cash  growth                 c-
  0197 2029-04 propertyTax                   -827.660087 info  propertyTax            c-
  0198 2029-04 maintenance                  -1103.546783 info  maintenance            c-
  0199 2029-04 insurance                     -500.000000 info  insurance              c-
  0200 2029-05 propertyTaxEscrow             -827.660087 info  -                      c-
  0201 2029-05 assetGrowth                   1632.986444 cash  growth                 c-
  0202 2029-05 propertyTax                   -829.701320 info  propertyTax            c-
  0203 2029-05 maintenance                  -1106.268427 info  maintenance            c-
  0204 2029-05 insurance                     -500.000000 info  insurance              c-
  0205 2029-06 propertyTaxEscrow             -829.701320 info  -                      c-
  0206 2029-06 assetGrowth                   1637.013829 cash  growth                 c-
  0207 2029-06 propertyTax                   -831.747587 info  propertyTax            c-
  0208 2029-06 maintenance                  -1108.996783 info  maintenance            c-
  0209 2029-06 insurance                     -500.000000 info  insurance              c-
  0210 2029-07 propertyTaxEscrow             -831.747587 info  -                      c-
  0211 2029-07 assetGrowth                   1641.051147 cash  growth                 c-
  0212 2029-07 propertyTax                   -833.798901 info  propertyTax            c-
  0213 2029-07 maintenance                  -1111.731869 info  maintenance            c-
  0214 2029-07 insurance                     -500.000000 info  insurance              c-
  0215 2029-08 propertyTaxEscrow             -833.798901 info  -                      c-
  0216 2029-08 assetGrowth                   1645.098421 cash  growth                 c-
  0217 2029-08 propertyTax                   -835.855274 info  propertyTax            c-
  0218 2029-08 maintenance                  -1114.473699 info  maintenance            c-
  0219 2029-08 insurance                     -500.000000 info  insurance              c-
  0220 2029-09 propertyTaxEscrow             -835.855274 info  -                      c-
  0221 2029-09 assetGrowth                   1649.155678 cash  growth                 c-
  0222 2029-09 propertyTax                   -837.916719 info  propertyTax            c-
  0223 2029-09 maintenance                  -1117.222292 info  maintenance            c-
  0224 2029-09 insurance                     -500.000000 info  insurance              c-
  0225 2029-10 propertyTaxEscrow             -837.916719 info  -                      c-
  0226 2029-10 assetGrowth                   1653.222941 cash  growth                 c-
  0227 2029-10 propertyTax                   -839.983248 info  propertyTax            c-
  0228 2029-10 maintenance                  -1119.977664 info  maintenance            c-
  0229 2029-10 insurance                     -500.000000 info  insurance              c-
  0230 2029-11 propertyTaxEscrow             -839.983248 info  -                      c-
  0231 2029-11 assetGrowth                   1657.300234 cash  growth                 c-
  0232 2029-11 propertyTax                   -842.054873 info  propertyTax            c-
  0233 2029-11 maintenance                  -1122.739831 info  maintenance            c-
  0234 2029-11 insurance                     -500.000000 info  insurance              c-
  0235 2029-12 propertyTaxEscrow             -842.054873 info  -                      c-
  0236 2029-12 assetGrowth                   1661.387584 cash  growth                 c-
  0237 2029-12 propertyTax                   -844.131608 info  propertyTax            c-
  0238 2029-12 maintenance                  -1125.508810 info  maintenance            c-
  0239 2029-12 insurance                     -500.000000 info  insurance              c-
  0240 2030-01 propertyTaxEscrow             -844.131608 info  -                      c-
  0241 2030-01 assetGrowth                   1665.485014 cash  growth                 c-
  0242 2030-01 propertyTax                   -846.213464 info  propertyTax            c-
  0243 2030-01 maintenance                  -1128.284618 info  maintenance            c-
  0244 2030-01 insurance                     -500.000000 info  insurance              c-
  0245 2030-02 propertyTaxEscrow             -846.213464 info  -                      c-
  0246 2030-02 assetGrowth                   1669.592549 cash  growth                 c-
  0247 2030-02 propertyTax                   -848.300454 info  propertyTax            c-
  0248 2030-02 maintenance                  -1131.067273 info  maintenance            c-
  0249 2030-02 insurance                     -500.000000 info  insurance              c-
  0250 2030-03 propertyTaxEscrow             -848.300454 info  -                      c-
  0251 2030-03 assetGrowth                   1673.710215 cash  growth                 c-
  0252 2030-03 propertyTax                   -850.392592 info  propertyTax            c-
  0253 2030-03 maintenance                  -1133.856790 info  maintenance            c-
  0254 2030-03 insurance                     -500.000000 info  insurance              c-
  0255 2030-04 propertyTaxEscrow             -850.392592 info  -                      c-
  0256 2030-04 assetGrowth                   1677.838036 cash  growth                 c-
  0257 2030-04 propertyTax                   -852.489890 info  propertyTax            c-
  0258 2030-04 maintenance                  -1136.653186 info  maintenance            c-
  0259 2030-04 insurance                     -500.000000 info  insurance              c-
  0260 2030-05 propertyTaxEscrow             -852.489890 info  -                      c-
  0261 2030-05 assetGrowth                   1681.976037 cash  growth                 c-
  0262 2030-05 propertyTax                   -854.592360 info  propertyTax            c-
  0263 2030-05 maintenance                  -1139.456480 info  maintenance            c-
  0264 2030-05 insurance                     -500.000000 info  insurance              c-
  0265 2030-06 propertyTaxEscrow             -854.592360 info  -                      c-
  0266 2030-06 assetGrowth                   1686.124244 cash  growth                 c-
  0267 2030-06 propertyTax                   -856.700015 info  propertyTax            c-
  0268 2030-06 maintenance                  -1142.266687 info  maintenance            c-
  0269 2030-06 insurance                     -500.000000 info  insurance              c-
  0270 2030-07 propertyTaxEscrow             -856.700015 info  -                      c-
  0271 2030-07 assetGrowth                   1690.282681 cash  growth                 c-
  0272 2030-07 propertyTax                   -858.812868 info  propertyTax            c-
  0273 2030-07 maintenance                  -1145.083825 info  maintenance            c-
  0274 2030-07 insurance                     -500.000000 info  insurance              c-
  0275 2030-08 propertyTaxEscrow             -858.812868 info  -                      c-
  0276 2030-08 assetGrowth                   1694.451374 cash  growth                 c-
  0277 2030-08 propertyTax                   -860.930933 info  propertyTax            c-
  0278 2030-08 maintenance                  -1147.907910 info  maintenance            c-
  0279 2030-08 insurance                     -500.000000 info  insurance              c-
  0280 2030-09 propertyTaxEscrow             -860.930933 info  -                      c-
  0281 2030-09 assetGrowth                   1698.630348 cash  growth                 c-
  0282 2030-09 propertyTax                   -863.054221 info  propertyTax            c-
  0283 2030-09 maintenance                  -1150.738961 info  maintenance            c-
  0284 2030-09 insurance                     -500.000000 info  insurance              c-
  0285 2030-10 propertyTaxEscrow             -863.054221 info  -                      c-
  0286 2030-10 assetGrowth                   1702.819629 cash  growth                 c-
  0287 2030-10 propertyTax                   -865.182745 info  propertyTax            c-
  0288 2030-10 maintenance                  -1153.576994 info  maintenance            c-
  0289 2030-10 insurance                     -500.000000 info  insurance              c-
  0290 2030-11 propertyTaxEscrow             -865.182745 info  -                      c-
  0291 2030-11 assetGrowth                   1707.019242 cash  growth                 c-
  0292 2030-11 propertyTax                   -867.316519 info  propertyTax            c-
  0293 2030-11 maintenance                  -1156.422026 info  maintenance            c-
  0294 2030-11 insurance                     -500.000000 info  insurance              c-
  0295 2030-12 propertyTaxEscrow             -867.316519 info  -                      c-
  0296 2030-12 assetGrowth                   1711.229211 cash  growth                 c-
  0297 2030-12 propertyTax                   -869.455556 info  propertyTax            c-
  0298 2030-12 maintenance                  -1159.274074 info  maintenance            c-
  0299 2030-12 insurance                     -500.000000 info  insurance              c-

[history] Home
  value                        n=  60 first=   601479.760000 last=   695564.440000 min=   601479.760000 max=   695564.440000 sum=   38844141.620000 #d81ebd32
  growth                       n=  60 first=     1479.760000 last=     1711.230000 min=     1479.760000 max=     1711.230000 sum=      95564.400000 #804371c9
  saltTaxes                    n=  60 first=     -751.850000 last=     -869.460000 min=     -869.460000 max=     -751.850000 sum=     -48555.170000 #6bffe11c
  taxes                        n=  60 first=     -751.850000 last=     -869.460000 min=     -869.460000 max=     -751.850000 sum=     -48555.170000 #6bffe11c
  expense                      n=  60 first=    -1502.470000 last=    -1659.270000 min=    -1659.270000 max=    -1502.470000 sum=     -94740.260000 #a4d7316c
  cashFlow                     n=  60 first=    -2254.320000 last=    -2528.730000 min=    -2528.730000 max=    -2254.320000 sum=    -143295.450000 #8c2ebb40
  cashFlowAccumulated          n=  60 first=    -2254.320000 last=  -143295.410000 min=  -143295.410000 max=    -2254.320000 sum=   -4286841.910000 #0d8428ca
  propertyTax                  n=  60 first=     -751.850000 last=     -869.460000 min=     -869.460000 max=     -751.850000 sum=     -48555.170000 #6bffe11c
  maintenance                  n=  60 first=    -1002.470000 last=    -1159.270000 min=    -1159.270000 max=    -1002.470000 sum=     -64740.260000 #79f0619c
  insurance                    n=  60 first=     -500.000000 last=     -500.000000 min=     -500.000000 max=     -500.000000 sum=     -30000.000000 #2fe82345

[packages]
  0000 assetAppreciation=5860.557372 propertyTaxes=-751.849702 maintenance=-1002.466270 insurance=-500.000000 value=1507358.091102
  0001 assetAppreciation=5885.530608 propertyTaxes=-753.703967 longTermCapitalGains=257.976732 maintenance=-1004.938622 insurance=-500.000000 value=1510986.833386
  0002 assetAppreciation=5903.252236 propertyTaxes=-755.562804 longTermCapitalGains=773.096265 maintenance=-1007.417072 insurance=-500.000000 value=1514628.964584
  0003 assetAppreciation=5917.400574 propertyTaxes=-757.426226 longTermCapitalGains=781.801798 maintenance=-1009.901634 insurance=-500.000000 value=1518280.900719
  0004 assetAppreciation=5931.587808 propertyTaxes=-759.294243 longTermCapitalGains=790.503713 maintenance=-1012.392324 insurance=-500.000000 value=1521942.669978
  0005 assetAppreciation=5945.814055 propertyTaxes=-761.166867 longTermCapitalGains=799.202091 maintenance=-1014.889157 insurance=-500.000000 value=1525614.300634
  0006 assetAppreciation=5960.079430 propertyTaxes=-763.044110 longTermCapitalGains=807.897010 maintenance=-1017.392147 insurance=-500.000000 value=1529295.821050
  0007 assetAppreciation=5974.384050 propertyTaxes=-764.925983 longTermCapitalGains=816.588550 maintenance=-1019.901310 insurance=-500.000000 value=1532987.259679
  0008 assetAppreciation=5988.728030 propertyTaxes=-766.812497 longTermCapitalGains=825.276789 maintenance=-1022.416662 insurance=-500.000000 value=1536688.645064
  0009 assetAppreciation=6003.111488 propertyTaxes=-768.703663 longTermCapitalGains=833.961808 maintenance=-1024.938218 insurance=-500.000000 value=1540400.005838
  0010 assetAppreciation=6017.534542 propertyTaxes=-770.599494 longTermCapitalGains=842.643684 maintenance=-1027.465992 insurance=-500.000000 value=1544121.370725
  0011 assetAppreciation=6031.997308 propertyTaxes=-772.500000 longTermCapitalGains=851.322496 maintenance=-1030.000000 insurance=-500.000000 value=1547852.768539
  0012 assetAppreciation=6046.499906 propertyTaxes=-774.405193 longTermCapitalGains=859.998324 maintenance=-1032.540258 insurance=-500.000000 value=1551594.228187
  0013 assetAppreciation=6061.042453 propertyTaxes=-776.315086 longTermCapitalGains=868.671244 maintenance=-1035.086781 insurance=-500.000000 value=1555345.778666
  0014 assetAppreciation=6075.625068 propertyTaxes=-778.229688 longTermCapitalGains=877.341336 maintenance=-1037.639584 insurance=-500.000000 value=1559107.449064
  0015 assetAppreciation=6090.247871 propertyTaxes=-780.149012 longTermCapitalGains=886.008678 maintenance=-1040.198683 insurance=-500.000000 value=1562879.268564
  0016 assetAppreciation=6104.910981 propertyTaxes=-782.073070 longTermCapitalGains=894.673347 maintenance=-1042.764094 insurance=-500.000000 value=1566661.266439
  0017 assetAppreciation=6119.614519 propertyTaxes=-784.001873 longTermCapitalGains=903.335421 maintenance=-1045.335831 insurance=-500.000000 value=1570453.472057
  0018 assetAppreciation=6134.358605 propertyTaxes=-785.935434 longTermCapitalGains=911.994979 maintenance=-1047.913911 insurance=-500.000000 value=1574255.914877
  0019 assetAppreciation=6149.143359 propertyTaxes=-787.873762 longTermCapitalGains=920.652096 maintenance=-1050.498350 insurance=-500.000000 value=1578068.624453
  0020 assetAppreciation=6163.968903 propertyTaxes=-789.816872 longTermCapitalGains=929.306852 maintenance=-1053.089162 insurance=-500.000000 value=1581891.630432
  0021 assetAppreciation=6178.835359 propertyTaxes=-791.764773 longTermCapitalGains=937.959323 maintenance=-1055.686364 insurance=-500.000000 value=1585724.962556
  0022 assetAppreciation=6193.742849 propertyTaxes=-793.717479 longTermCapitalGains=946.609587 maintenance=-1058.289971 insurance=-500.000000 value=1589568.650660
  0023 assetAppreciation=6208.691495 propertyTaxes=-795.675000 longTermCapitalGains=955.257719 maintenance=-1060.900000 insurance=-500.000000 value=1593422.724677
  0024 assetAppreciation=6223.681420 propertyTaxes=-797.637349 longTermCapitalGains=963.903798 maintenance=-1063.516466 insurance=-500.000000 value=1597287.214631
  0025 assetAppreciation=6238.712747 propertyTaxes=-799.604538 longTermCapitalGains=972.547899 maintenance=-1066.139384 insurance=-500.000000 value=1601162.150645
  0026 assetAppreciation=6253.785601 propertyTaxes=-801.576579 longTermCapitalGains=981.190101 maintenance=-1068.768771 insurance=-500.000000 value=1605047.562936
  0027 assetAppreciation=6268.900104 propertyTaxes=-803.553483 longTermCapitalGains=989.830477 maintenance=-1071.404644 insurance=-500.000000 value=1608943.481818
  0028 assetAppreciation=6284.056382 propertyTaxes=-805.535262 longTermCapitalGains=998.469107 maintenance=-1074.047016 insurance=-500.000000 value=1612849.937701
  0029 assetAppreciation=6299.254560 propertyTaxes=-807.521930 longTermCapitalGains=1007.106064 maintenance=-1076.695906 insurance=-500.000000 value=1616766.961092
  0030 assetAppreciation=6314.494762 propertyTaxes=-809.513497 longTermCapitalGains=1015.741426 maintenance=-1079.351329 insurance=-500.000000 value=1620694.582596
  0031 assetAppreciation=6329.777115 propertyTaxes=-811.509975 longTermCapitalGains=1024.375269 maintenance=-1082.013300 insurance=-500.000000 value=1624632.832914
  0032 assetAppreciation=6345.101745 propertyTaxes=-813.511378 longTermCapitalGains=1033.007668 maintenance=-1084.681837 insurance=-500.000000 value=1628581.742847
  0033 assetAppreciation=6360.468778 propertyTaxes=-815.517716 longTermCapitalGains=1041.638698 maintenance=-1087.356955 insurance=-500.000000 value=1632541.343293
  0034 assetAppreciation=6375.878342 propertyTaxes=-817.529003 longTermCapitalGains=1050.268437 maintenance=-1090.038671 insurance=-500.000000 value=1636511.665248
  0035 assetAppreciation=6391.330564 propertyTaxes=-819.545250 longTermCapitalGains=1058.896958 maintenance=-1092.727000 insurance=-500.000000 value=1640492.739809
  0036 assetAppreciation=6406.825571 propertyTaxes=-821.566470 longTermCapitalGains=1067.524337 maintenance=-1095.421960 insurance=-500.000000 value=1644484.598170
  0037 assetAppreciation=6422.363492 propertyTaxes=-823.592674 longTermCapitalGains=1076.150650 maintenance=-1098.123566 insurance=-500.000000 value=1648487.271627
  0038 assetAppreciation=6437.944456 propertyTaxes=-825.623876 longTermCapitalGains=1084.775972 maintenance=-1100.831835 insurance=-500.000000 value=1652500.791574
  0039 assetAppreciation=6453.568592 propertyTaxes=-827.660087 longTermCapitalGains=1093.400377 maintenance=-1103.546783 insurance=-500.000000 value=1656525.189507
  0040 assetAppreciation=6469.236029 propertyTaxes=-829.701320 longTermCapitalGains=1102.023941 maintenance=-1106.268427 insurance=-500.000000 value=1660560.497022
  0041 assetAppreciation=6484.946898 propertyTaxes=-831.747587 longTermCapitalGains=1110.646738 maintenance=-1108.996783 insurance=-500.000000 value=1664606.745816
  0042 assetAppreciation=6500.701328 propertyTaxes=-833.798901 longTermCapitalGains=1119.268842 maintenance=-1111.731869 insurance=-500.000000 value=1668663.967688
  0043 assetAppreciation=6516.499451 propertyTaxes=-835.855274 longTermCapitalGains=1127.890329 maintenance=-1114.473699 insurance=-500.000000 value=1672732.194539
  0044 assetAppreciation=6532.341398 propertyTaxes=-837.916719 longTermCapitalGains=1136.511273 maintenance=-1117.222292 insurance=-500.000000 value=1676811.458370
  0045 assetAppreciation=6548.227301 propertyTaxes=-839.983248 longTermCapitalGains=1145.131747 maintenance=-1119.977664 insurance=-500.000000 value=1680901.791289
  0046 assetAppreciation=6564.157292 propertyTaxes=-842.054873 longTermCapitalGains=1153.751827 maintenance=-1122.739831 insurance=-500.000000 value=1685003.225503
  0047 assetAppreciation=6580.131504 propertyTaxes=-844.131608 longTermCapitalGains=1162.371585 maintenance=-1125.508810 insurance=-500.000000 value=1689115.793323
  0048 assetAppreciation=6596.150069 propertyTaxes=-846.213464 longTermCapitalGains=1170.991097 maintenance=-1128.284618 insurance=-500.000000 value=1693239.527166
  0049 assetAppreciation=6612.213121 propertyTaxes=-848.300454 longTermCapitalGains=1179.610436 maintenance=-1131.067273 insurance=-500.000000 value=1697374.459551
  0050 assetAppreciation=6628.320794 propertyTaxes=-850.392592 longTermCapitalGains=1188.229675 maintenance=-1133.856790 insurance=-500.000000 value=1701520.623101
  0051 assetAppreciation=6644.473223 propertyTaxes=-852.489890 longTermCapitalGains=1196.848889 maintenance=-1136.653186 insurance=-500.000000 value=1705678.050546
  0052 assetAppreciation=6660.670543 propertyTaxes=-854.592360 longTermCapitalGains=1205.468151 maintenance=-1139.456480 insurance=-500.000000 value=1709846.774719
  0053 assetAppreciation=6676.912888 propertyTaxes=-856.700015 longTermCapitalGains=1214.087534 maintenance=-1142.266687 insurance=-500.000000 value=1714026.828560
  0054 assetAppreciation=6693.200394 propertyTaxes=-858.812868 longTermCapitalGains=1222.707111 maintenance=-1145.083825 insurance=-500.000000 value=1718218.245115
  0055 assetAppreciation=6709.533199 propertyTaxes=-860.930933 longTermCapitalGains=1231.326957 maintenance=-1147.907910 insurance=-500.000000 value=1722421.057535
  0056 assetAppreciation=6725.911437 propertyTaxes=-863.054221 longTermCapitalGains=1239.947143 maintenance=-1150.738961 insurance=-500.000000 value=1726635.299079
  0057 assetAppreciation=6742.335247 propertyTaxes=-865.182745 longTermCapitalGains=1248.567743 maintenance=-1153.576994 insurance=-500.000000 value=1730861.003112
  0058 assetAppreciation=6758.804767 propertyTaxes=-867.316519 longTermCapitalGains=1257.188830 maintenance=-1156.422026 insurance=-500.000000 value=1735098.203108
  0059 assetAppreciation=6775.320133 propertyTaxes=-869.455556 longTermCapitalGains=1265.810476 maintenance=-1159.274074 insurance=-500.000000 value=1739346.932648

[priceIndex]
  [0000]         1.002547         1.005101         1.007662         1.010228         1.012802         1.015382
  [0006]         1.017968         1.020561         1.023161         1.025767         1.028380         1.031000
  [0012]         1.033626         1.036259         1.038899         1.041545         1.044199         1.046859
  [0018]         1.049525         1.052199         1.054879         1.057566         1.060260         1.062961
  [0024]         1.065669         1.068383         1.071105         1.073833         1.076569         1.079311
  [0030]         1.082061         1.084817         1.087580         1.090351         1.093128         1.095913
  [0036]         1.098704         1.101503         1.104309         1.107122         1.109942         1.112770
  [0042]         1.115604         1.118446         1.121295         1.124152         1.127015         1.129886
  [0048]         1.132764         1.135650         1.138543         1.141443         1.144351         1.147266
  [0054]         1.150188         1.153118         1.156055         1.159000         1.161953         1.164913

[sanity]
  (no findings)

[traces]
  scopes = 1508
  unattributedEvents = 0
  1x 2027 annual pass
  1x 2027 tax true-up
  1x 2028 annual pass
  1x 2028 tax true-up
  1x 2029 annual pass
  1x 2029 tax true-up
  1x 2030 annual pass
  1x 2030 tax true-up
  1x 2031 annual pass
  1x 2031 tax true-up
  7x April 2026
  7x April 2027
  7x April 2028
  7x April 2029
  7x April 2030
  7x August 2026
  7x August 2027
  7x August 2028
  7x August 2029
  7x August 2030
  7x December 2026
  7x December 2027
  7x December 2028
  7x December 2029
  7x December 2030
  7x February 2026
  7x February 2027
  7x February 2028
  7x February 2029
  7x February 2030
  60x Home insurance
  60x Home maintenance
  59x Home property tax
  7x January 2026
  7x January 2027
  7x January 2028
  7x January 2029
  7x January 2030
  7x July 2026
  7x July 2027
  7x July 2028
  7x July 2029
  7x July 2030
  7x June 2026
  7x June 2027
  7x June 2028
  7x June 2029
  7x June 2030
  7x March 2026
  7x March 2027
  7x March 2028
  7x March 2029
  7x March 2030
  7x May 2026
  7x May 2027
  7x May 2028
  7x May 2029
  7x May 2030
  7x November 2026
  7x November 2027
  7x November 2028
  7x November 2029
  7x November 2030
  7x October 2026
  7x October 2027
  7x October 2028
  7x October 2029
  7x October 2030
  60x Pay Brokerage
  60x Pay Checking
  60x Pay Home
  60x Payroll: Brokerage
  60x Payroll: Checking
  60x Payroll: Home
  60x Required distribution from Brokerage
  60x Required distribution from Checking
  60x Required distribution from Home
  7x September 2026
  7x September 2027
  7x September 2028
  7x September 2029
  7x September 2030
  175x Settle from Brokerage
  4x Settle from Checking
  60x Withholding: Brokerage
  60x Withholding: Checking
  60x Withholding: Home

[traceLegend]
  c0 = Home maintenance > Settle from Checking
  c1 = Home insurance > Settle from Brokerage
  c2 = Home property tax > Settle from Brokerage
  c3 = Home maintenance > Settle from Brokerage
  c4 = Home insurance > Settle from Checking
  c5 = Home property tax > Settle from Checking

